=== calib_cert_b | battery m=64 seeds=[0, 1, 2, 3, 4] warm=4ep reps=2000 dev=cpu cells=iid(w/ replacement) ===
     B      rho_ps      sd_ps     CV_ps     rho_pop     sd_pop    CV_pop     rho_bm   c0_ps  c0_pop
    16     0.52368     0.8486      1.62     0.48182     0.6906     1.433   2.09e-07   1.425   1.404
    32     0.48035     0.4949      1.03     0.45816      0.439    0.9583   1.66e-07   1.949   1.931
    64     0.45971     0.3178    0.6913     0.44612     0.2882    0.6461   9.54e-08   2.589   2.576
   128     0.45488     0.2223    0.4887     0.44951     0.2142    0.4766   8.08e-08   3.373   3.361
   256     0.45794      0.157    0.3429     0.45469     0.1538    0.3383   1.11e-07   4.099   4.088
   512     0.45281     0.1086    0.2399     0.45143     0.1057    0.2341   3.78e-08   4.649   4.641
  1024      0.4538    0.07512    0.1655     0.45292    0.07372    0.1628   2.86e-08   5.017   5.009
    16     0.29857     0.2927    0.9802     0.28877     0.2369    0.8205   1.58e-07   1.247   1.245
    32     0.30096     0.2041    0.6781     0.29554     0.1784    0.6037   2.82e-07    1.57   1.564
    64     0.29923     0.1288    0.4303     0.29783     0.1195    0.4013    3.2e-07   1.988   1.982
   128     0.29981    0.09403    0.3136     0.29873    0.08752     0.293   2.41e-07   2.418   2.409
   256     0.30086    0.06621    0.2201     0.29925    0.06291    0.2102   9.42e-07   2.807   2.798
   512     0.30008    0.04571    0.1523     0.29973    0.04346     0.145   3.85e-07   3.082   3.075
  1024     0.29984    0.03216    0.1072      0.2994     0.0309    0.1032   2.52e-07   3.221   3.217
    16      1.0892       2.84     2.607      1.0922       2.86     2.619   1.64e-07   1.778   1.779
    32      1.1562      2.004     1.734      1.1506      1.958     1.702   2.62e-07   2.499   2.501
    64      1.1013      1.377      1.25      1.0988      1.351      1.23   1.78e-07   3.324   3.325
   128      1.1187     0.9859    0.8813      1.1162     0.9725    0.8712    3.5e-07   4.595   4.598
   256      1.1232     0.6872    0.6119      1.1231     0.6878    0.6124   4.22e-07   6.013   6.015
   512      1.1105     0.4816    0.4336      1.1122     0.4805    0.4321   3.96e-07   7.602   7.606
  1024      1.1007     0.3451    0.3135      1.1025      0.347    0.3148   1.64e-06   8.671   8.672
    16     0.67828       1.09     1.607     0.65282     0.9572     1.466   1.83e-07   1.607   1.608
    32     0.64566     0.7146     1.107     0.63975     0.6795     1.062   2.46e-07    2.18   2.179
    64     0.65476     0.4791    0.7317     0.65101     0.4671    0.7174   1.59e-07   2.989   2.982
   128     0.64119     0.3372    0.5259     0.63588     0.3302    0.5193    1.1e-06   3.823   3.818
   256     0.64926     0.2381    0.3667     0.64774     0.2346    0.3621   3.02e-07   4.714   4.706
   512     0.64759     0.1714    0.2647      0.6468     0.1686    0.2606   5.03e-07   5.289   5.285
  1024      0.6469     0.1161    0.1795     0.64746     0.1155    0.1784   3.34e-07   5.608   5.605
    16       1.584      5.123     3.234      1.5166      4.403     2.903   1.32e-07   1.693   1.687
    32      1.5261      3.305     2.166      1.5135      3.221     2.128   3.09e-07   2.291   2.285
    64      1.4901      2.302     1.545      1.4763      2.224     1.506   1.78e-07   3.101   3.099
   128       1.502      1.658     1.104      1.4964      1.626     1.087   3.47e-07   4.219   4.217
   256      1.4631      1.149     0.785      1.4587      1.134    0.7771   2.64e-06   5.761   5.757
   512      1.5151     0.8023    0.5295      1.5122     0.7989    0.5283   1.97e-07   7.802   7.799
  1024      1.5094     0.5922    0.3924      1.5094     0.5917     0.392   9.03e-08   9.567   9.567

--- Prop. 6 log-log fits (slope must be -0.5) ---
  sd_ps     slope=-0.5300  R2=0.3411
  cv_ps     slope=-0.5209  R2=0.7278
  sd_pop    slope=-0.5037  R2=0.3083
  cv_pop    slope=-0.5026  R2=0.6935
  mean_ps   slope=-0.0092  R2=0.0005
  mean_pop  slope=-0.0011  R2=0.0000
  mean_bm   slope=+0.0771  R2=0.0141

  c0 from CV fit: ps=7.581450140018888  pop=6.6805124480211635
  delta 0.1 -> 1e-3: bound-form x2.537, Gaussian-truth x4.002

--- Prop. 7 bound check (eta=0.1) ---
     B  exceed_ps   bern_ps    env_ps  exceed_pop  bern_pop   env_pop
    16     0.9490      1.99         2      0.9550      1.98         2
    32     0.9370      1.98         2      0.9330      1.96         2
    64     0.8910      1.96         2      0.9085      1.95         2
   128     0.8280      1.94         2      0.8240      1.92         2
   256     0.7755      1.89         2      0.7660      1.88         2
   512     0.7065      1.82         2      0.6925      1.82         2
  1024     0.5440      1.69         2      0.5290      1.69         2
    16     0.8775      1.98         2      0.8605      1.96         2
    32     0.8670      1.96         2      0.8375      1.93         2
    64     0.8205      1.92         2      0.8325       1.9         2
   128     0.7785      1.87         2      0.7715      1.85         2
   256     0.6490      1.78         2      0.6610      1.76         2
   512     0.5200      1.63         2      0.5020      1.61         2
  1024     0.3565      1.35         2      0.3360      1.33         2
    16     0.9585      1.99         2      0.9720      1.99         2
    32     0.9495      1.98         2      0.9545      1.98         2
    64     0.9245      1.97         2      0.9175      1.97         2
   128     0.9305      1.96         2      0.9305      1.96         2
   256     0.9345      1.95         2      0.9310      1.94         2
   512     0.8080      1.93         2      0.8075      1.92         2
  1024     0.7570      1.88         2      0.7610      1.88         2
    16     0.9510      1.98         2      0.9445      1.97         2
    32     0.9315      1.97         2      0.9215      1.96         2
    64     0.9235      1.96         2      0.9265      1.95         2
   128     0.8965      1.94         2      0.9050      1.93         2
   256     0.7770      1.91         2      0.7785       1.9         2
   512     0.7040      1.85         2      0.7070      1.84         2
  1024     0.5810      1.73         2      0.5800      1.73         2
    16     0.9710      1.99         2      0.9635      1.99         2
    32     0.9610      1.99         2      0.9690      1.98         2
    64     0.9485      1.98         2      0.9425      1.97         2
   128     0.9375      1.97         2      0.9310      1.96         2
   256     0.8980      1.95         2      0.8995      1.95         2
   512     0.9250      1.93         2      0.9225      1.93         2
  1024     0.8030      1.91         2      0.8070      1.91         2

--- Bernstein bound vs empirical tail (tag=ps) ---
  eta=0.05
    B=   16  exceed=  0.9720  bern=     1.995  mcdiarmid_env=         2
    B=   32  exceed=  0.9670  bern=     1.991  mcdiarmid_env=         2
    B=   64  exceed=  0.9470  bern=     1.985  mcdiarmid_env=         2
    B=  128  exceed=  0.9085  bern=      1.98  mcdiarmid_env=         2
    B=  256  exceed=  0.9010  bern=     1.968  mcdiarmid_env=         2
    B=  512  exceed=  0.8505  bern=     1.949  mcdiarmid_env=         2
    B= 1024  exceed=  0.7690  bern=      1.91  mcdiarmid_env=         2
    B=   16  exceed=  0.9480  bern=     1.992  mcdiarmid_env=         2
    B=   32  exceed=  0.9315  bern=     1.984  mcdiarmid_env=         2
    B=   64  exceed=  0.9220  bern=     1.974  mcdiarmid_env=         2
    B=  128  exceed=  0.8925  bern=     1.959  mcdiarmid_env=         2
    B=  256  exceed=  0.8215  bern=     1.934  mcdiarmid_env=         2
    B=  512  exceed=  0.7490  bern=     1.888  mcdiarmid_env=         2
    B= 1024  exceed=  0.6475  bern=     1.794  mcdiarmid_env=         2
    B=   16  exceed=  0.9785  bern=     1.996  mcdiarmid_env=         2
    B=   32  exceed=  0.9770  bern=     1.994  mcdiarmid_env=         2
    B=   64  exceed=  0.9650  bern=     1.991  mcdiarmid_env=         2
    B=  128  exceed=  0.9660  bern=     1.988  mcdiarmid_env=         2
    B=  256  exceed=  0.9655  bern=     1.985  mcdiarmid_env=         2
    B=  512  exceed=  0.9030  bern=      1.98  mcdiarmid_env=         2
    B= 1024  exceed=  0.8760  bern=     1.968  mcdiarmid_env=         2
    B=   16  exceed=  0.9795  bern=     1.993  mcdiarmid_env=         2
    B=   32  exceed=  0.9580  bern=      1.99  mcdiarmid_env=         2
    B=   64  exceed=  0.9630  bern=     1.987  mcdiarmid_env=         2
    B=  128  exceed=  0.9445  bern=     1.982  mcdiarmid_env=         2
    B=  256  exceed=  0.8925  bern=     1.974  mcdiarmid_env=         2
    B=  512  exceed=  0.8520  bern=     1.958  mcdiarmid_env=         2
    B= 1024  exceed=  0.7850  bern=     1.925  mcdiarmid_env=         2
    B=   16  exceed=  0.9870  bern=     1.998  mcdiarmid_env=         2
    B=   32  exceed=  0.9845  bern=     1.996  mcdiarmid_env=         2
    B=   64  exceed=  0.9730  bern=     1.993  mcdiarmid_env=         2
    B=  128  exceed=  0.9725  bern=     1.988  mcdiarmid_env=         2
    B=  256  exceed=  0.9500  bern=     1.985  mcdiarmid_env=         2
    B=  512  exceed=  0.9650  bern=     1.982  mcdiarmid_env=         2
    B= 1024  exceed=  0.9015  bern=     1.974  mcdiarmid_env=         2
  eta=0.1
    B=   16  exceed=  0.9490  bern=     1.989  mcdiarmid_env=         2
    B=   32  exceed=  0.9370  bern=     1.978  mcdiarmid_env=         2
    B=   64  exceed=  0.8910  bern=     1.957  mcdiarmid_env=         2
    B=  128  exceed=  0.8280  bern=      1.94  mcdiarmid_env=         2
    B=  256  exceed=  0.7755  bern=     1.893  mcdiarmid_env=         2
    B=  512  exceed=  0.7065  bern=     1.823  mcdiarmid_env=         2
    B= 1024  exceed=  0.5440  bern=     1.693  mcdiarmid_env=         2
    B=   16  exceed=  0.8775  bern=     1.981  mcdiarmid_env=         2
    B=   32  exceed=  0.8670  bern=     1.958  mcdiarmid_env=         2
    B=   64  exceed=  0.8205  bern=     1.923  mcdiarmid_env=         2
    B=  128  exceed=  0.7785  bern=      1.87  mcdiarmid_env=         2
    B=  256  exceed=  0.6490  bern=     1.783  mcdiarmid_env=         2
    B=  512  exceed=  0.5200  bern=     1.635  mcdiarmid_env=         2
    B= 1024  exceed=  0.3565  bern=     1.354  mcdiarmid_env=         2
    B=   16  exceed=  0.9585  bern=      1.99  mcdiarmid_env=         2
    B=   32  exceed=  0.9495  bern=     1.984  mcdiarmid_env=         2
    B=   64  exceed=  0.9245  bern=     1.974  mcdiarmid_env=         2
    B=  128  exceed=  0.9305  bern=     1.962  mcdiarmid_env=         2
    B=  256  exceed=  0.9345  bern=     1.947  mcdiarmid_env=         2
    B=  512  exceed=  0.8080  bern=     1.927  mcdiarmid_env=         2
    B= 1024  exceed=  0.7570  bern=     1.884  mcdiarmid_env=         2
    B=   16  exceed=  0.9510  bern=     1.983  mcdiarmid_env=         2
    B=   32  exceed=  0.9315  bern=     1.974  mcdiarmid_env=         2
    B=   64  exceed=  0.9235  bern=      1.96  mcdiarmid_env=         2
    B=  128  exceed=  0.8965  bern=     1.937  mcdiarmid_env=         2
    B=  256  exceed=  0.7770  bern=     1.907  mcdiarmid_env=         2
    B=  512  exceed=  0.7040  bern=     1.848  mcdiarmid_env=         2
    B= 1024  exceed=  0.5810  bern=     1.733  mcdiarmid_env=         2
    B=   16  exceed=  0.9710  bern=     1.995  mcdiarmid_env=         2
    B=   32  exceed=  0.9610  bern=     1.992  mcdiarmid_env=         2
    B=   64  exceed=  0.9485  bern=     1.982  mcdiarmid_env=         2
    B=  128  exceed=  0.9375  bern=     1.965  mcdiarmid_env=         2
    B=  256  exceed=  0.8980  bern=     1.951  mcdiarmid_env=         2
    B=  512  exceed=  0.9250  bern=     1.935  mcdiarmid_env=         2
    B= 1024  exceed=  0.8030  bern=     1.907  mcdiarmid_env=         2
  eta=0.2
    B=   16  exceed=  0.8950  bern=     1.976  mcdiarmid_env=         2
    B=   32  exceed=  0.8635  bern=     1.949  mcdiarmid_env=         2
    B=   64  exceed=  0.7840  bern=      1.89  mcdiarmid_env=         2
    B=  128  exceed=  0.6650  bern=     1.839  mcdiarmid_env=         2
    B=  256  exceed=  0.5615  bern=     1.685  mcdiarmid_env=         2
    B=  512  exceed=  0.4090  bern=     1.477  mcdiarmid_env=         2
    B= 1024  exceed=  0.2170  bern=     1.136  mcdiarmid_env=         2
    B=   16  exceed=  0.7360  bern=     1.958  mcdiarmid_env=         2
    B=   32  exceed=  0.7225  bern=     1.902  mcdiarmid_env=         2
    B=   64  exceed=  0.6315  bern=     1.804  mcdiarmid_env=         2
    B=  128  exceed=  0.5475  bern=     1.649  mcdiarmid_env=         2
    B=  256  exceed=  0.3620  bern=     1.404  mcdiarmid_env=         2
    B=  512  exceed=  0.1820  bern=      1.05  mcdiarmid_env=         2
    B= 1024  exceed=  0.0610  bern=    0.5502  mcdiarmid_env=         2
    B=   16  exceed=  0.9175  bern=     1.979  mcdiarmid_env=         2
    B=   32  exceed=  0.8915  bern=     1.961  mcdiarmid_env=         2
    B=   64  exceed=  0.8485  bern=     1.935  mcdiarmid_env=         2
    B=  128  exceed=  0.8640  bern=     1.892  mcdiarmid_env=         2
    B=  256  exceed=  0.8570  bern=     1.834  mcdiarmid_env=         2
    B=  512  exceed=  0.6565  bern=      1.76  mcdiarmid_env=         2
    B= 1024  exceed=  0.5265  bern=     1.617  mcdiarmid_env=         2
    B=   16  exceed=  0.8900  bern=      1.96  mcdiarmid_env=         2
    B=   32  exceed=  0.8480  bern=     1.935  mcdiarmid_env=         2
    B=   64  exceed=  0.8445  bern=     1.889  mcdiarmid_env=         2
    B=  128  exceed=  0.7725  bern=     1.807  mcdiarmid_env=         2
    B=  256  exceed=  0.5955  bern=       1.7  mcdiarmid_env=         2
    B=  512  exceed=  0.4670  bern=     1.515  mcdiarmid_env=         2
    B= 1024  exceed=  0.2550  bern=     1.197  mcdiarmid_env=         2
    B=   16  exceed=  0.9400  bern=     1.989  mcdiarmid_env=         2
    B=   32  exceed=  0.9220  bern=     1.982  mcdiarmid_env=         2
    B=   64  exceed=  0.9045  bern=      1.96  mcdiarmid_env=         2
    B=  128  exceed=  0.8505  bern=     1.909  mcdiarmid_env=         2
    B=  256  exceed=  0.8170  bern=     1.859  mcdiarmid_env=         2
    B=  512  exceed=  0.8220  bern=     1.792  mcdiarmid_env=         2
    B= 1024  exceed=  0.6435  bern=     1.694  mcdiarmid_env=         2

  max relative |sum_i g_a^(i)| / sum_i ||g_a^(i)||: ps=5.13e-08  pop=0.834

wrote results/CERT/calib_cert_battery_m64_iid.json
