=== calib_cert_b | har m=64 seeds=[0, 1, 2, 3, 4] warm=4ep reps=2000 dev=cpu ===
     B      rho_ps      sd_ps     CV_ps     rho_pop     sd_pop    CV_pop     rho_bm   c0_ps  c0_pop
    16      79.996      60.02    0.7503       84.84       63.9    0.7531   6.21e-07   1.967   1.957
    32      82.548      44.03    0.5334      84.903      45.27    0.5332   5.63e-07   2.268   2.259
    64      83.538      31.26    0.3742      84.803      32.05    0.3779   5.22e-07   2.545   2.541
   128      84.689      22.21    0.2622      85.307       22.5    0.2638   5.05e-07   2.754   2.749
   256      84.136      15.32    0.1821      84.431      15.47    0.1833   5.79e-07   2.871   2.869
   512      84.427      10.66    0.1262      84.561      10.76    0.1272   4.78e-07   2.939   2.938
  1024      84.347      7.248   0.08593      84.411      7.312   0.08662   4.31e-07   2.968   2.967
  2048       84.61      4.793   0.05665      84.637      4.829   0.05706   4.45e-07   2.994   2.994
  4096      84.724      2.675   0.03157      84.734      2.695    0.0318    5.4e-07   3.009   3.009
    16      90.139      93.06     1.032      95.366      100.2     1.051   6.64e-07   2.122   2.114
    32      91.978      71.01    0.7721      94.731      73.66    0.7775   7.11e-07    2.57    2.56
    64      94.632      49.16    0.5194      95.952      50.58    0.5271   7.81e-07   3.039   3.035
   128      95.914      34.74    0.3622      96.473      35.59    0.3689   1.12e-06   3.437   3.433
   256      95.977      24.83    0.2587      96.263      25.22     0.262   1.68e-06   3.733   3.729
   512      96.023      17.36    0.1808      96.172      17.62    0.1833   1.83e-06    3.93   3.928
  1024      95.872      11.75    0.1226      95.943      11.93    0.1243   1.91e-06   4.066   4.065
  2048      96.448      7.666   0.07949      96.482      7.791   0.08075   2.12e-06   4.175   4.174
  4096      96.269      4.029   0.04185      96.279      4.097   0.04255   2.62e-06   4.232   4.232
    16      56.958      74.54     1.309      59.981       76.7     1.279   5.89e-07   2.006    1.99
    32      59.326      50.63    0.8535      61.174      52.67     0.861    6.2e-07   2.442   2.427
    64      60.222      37.71    0.6262      61.061      38.82    0.6357    6.7e-07   2.916   2.903
   128      60.076      26.19    0.4359      60.384      26.58    0.4402   8.21e-07   3.363   3.356
   256      61.066      18.67    0.3058      61.249      18.94    0.3093   1.13e-06   3.898   3.894
   512      61.103       12.9    0.2111      61.223      13.06    0.2133   1.07e-06    4.29   4.288
  1024      61.119      8.846    0.1447      61.184      8.946    0.1462   1.02e-06   4.644   4.643
  2048      61.336      5.613   0.09151      61.339      5.692    0.0928   1.11e-06   4.863   4.862
  4096      61.152      3.197   0.05228      61.147      3.237   0.05294   1.37e-06   4.974   4.974
    16      68.109      55.97    0.8218      71.559      59.11     0.826   4.88e-07   2.143   2.127
    32      70.585      41.23    0.5841      72.422      43.08    0.5948   4.54e-07   2.547   2.533
    64      70.918      29.16    0.4112      71.854      30.25     0.421   4.27e-07   2.888   2.879
   128      71.934       20.7    0.2877      72.472      21.32    0.2942   4.32e-07   3.073   3.068
   256      72.035      14.38    0.1996      72.272      14.73    0.2038   4.79e-07    3.23   3.227
   512      72.101      10.01    0.1388       72.21      10.29    0.1426   4.08e-07   3.271   3.269
  1024      72.128       6.68   0.09262      72.169      6.865   0.09513   3.65e-07   3.304   3.303
  2048      72.246      4.361   0.06037      72.289      4.474   0.06189    3.8e-07   3.323   3.323
  4096       72.27      2.447   0.03386       72.27      2.509   0.03472   4.54e-07   3.331   3.331
    16      70.538      60.79    0.8618       74.05      64.26    0.8678   5.78e-07   2.037   2.022
    32      75.567       46.6    0.6166      77.604      48.81     0.629   5.31e-07   2.466   2.454
    64      74.339      31.73    0.4269      75.459      32.87    0.4356   5.22e-07   2.817   2.809
   128      74.739      22.15    0.2964      75.148      22.81    0.3036    5.3e-07   3.157   3.149
   256      74.743      15.95    0.2135      75.076      16.47    0.2194   6.06e-07    3.28   3.277
   512      75.613      11.25    0.1488       75.73      11.58     0.153   4.96e-07   3.415   3.413
  1024      75.513        7.5   0.09932      75.577      7.731    0.1023   4.45e-07   3.452   3.451
  2048      75.653      4.831   0.06386       75.67      4.952   0.06544   4.59e-07   3.496   3.495
  4096      75.494      2.708   0.03587       75.51      2.762   0.03658   5.55e-07   3.511   3.511

--- Prop. 6 log-log fits (slope must be -0.5) ---
  sd_ps     slope=-0.5487  R2=0.9567
  cv_ps     slope=-0.5575  R2=0.9611
  sd_pop    slope=-0.5546  R2=0.9587
  cv_pop    slope=-0.5556  R2=0.9612
  mean_ps   slope=+0.0089  R2=0.0106
  mean_pop  slope=+0.0010  R2=0.0001
  mean_bm   slope=+0.0644  R2=0.0537

  c0 from CV fit: ps=4.716451014908498  pop=4.734442578377498
  delta 0.1 -> 1e-3: bound-form x2.537, Gaussian-truth x4.002

--- Prop. 7 bound check (eta=0.1) ---
     B  exceed_ps   bern_ps    env_ps  exceed_pop  bern_pop   env_pop
    16     0.8885      1.98         2      0.8880      1.97         2
    32     0.8590      1.96         2      0.8575      1.96         2
    64     0.7800      1.93         2      0.7835      1.93         2
   128     0.6980      1.88         2      0.7085      1.87         2
   256     0.5785      1.78         2      0.5805      1.77         2
   512     0.4180      1.59         2      0.4250      1.58         2
  1024     0.2380      1.27         2      0.2425      1.26         2
  2048     0.0785     0.812         2      0.0785     0.807         2
  4096     0.0025     0.333         2      0.0025      0.33         2
    16     0.9115      1.98         2      0.9190      1.98         2
    32     0.8905      1.97         2      0.8880      1.97         2
    64     0.8375      1.96         2      0.8400      1.96         2
   128     0.7800      1.93         2      0.7840      1.92         2
   256     0.6925      1.87         2      0.6955      1.87         2
   512     0.5845      1.77         2      0.5950      1.76         2
  1024     0.4330      1.58         2      0.4365      1.58         2
  2048     0.2065      1.27         2      0.2145      1.26         2
  4096     0.0150     0.818         2      0.0165     0.815         2
    16     0.9225      1.98         2      0.9245      1.98         2
    32     0.8800      1.97         2      0.8980      1.97         2
    64     0.8545      1.96         2      0.8580      1.95         2
   128     0.7895      1.93         2      0.7915      1.92         2
   256     0.7380      1.88         2      0.7425      1.88         2
   512     0.6410       1.8         2      0.6520      1.79         2
  1024     0.5020      1.65         2      0.5115      1.65         2
  2048     0.2850       1.4         2      0.2895       1.4         2
  4096     0.0530      1.01         2      0.0555      1.01         2
    16     0.9120      1.98         2      0.9070      1.97         2
    32     0.8765      1.96         2      0.8810      1.96         2
    64     0.8250      1.94         2      0.8190      1.94         2
   128     0.7430      1.89         2      0.7470      1.89         2
   256     0.5955       1.8         2      0.6195       1.8         2
   512     0.4805      1.63         2      0.4875      1.63         2
  1024     0.2795      1.34         2      0.2975      1.33         2
  2048     0.0980     0.898         2      0.1040     0.894         2
  4096     0.0035     0.404         2      0.0025     0.403         2
    16     0.9085      1.98         2      0.9180      1.98         2
    32     0.8840      1.96         2      0.8830      1.96         2
    64     0.8205      1.94         2      0.8270      1.94         2
   128     0.7295       1.9         2      0.7390       1.9         2
   256     0.6630      1.82         2      0.6595      1.82         2
   512     0.5000      1.67         2      0.5130      1.67         2
  1024     0.3070      1.41         2      0.3290       1.4         2
  2048     0.1245         1         2      0.1285     0.997         2
  4096     0.0060     0.505         2      0.0070     0.503         2

--- Bernstein bound vs empirical tail (tag=ps) ---
  eta=0.05
    B=   16  exceed=  0.9495  bern=     1.992  mcdiarmid_env=         2
    B=   32  exceed=  0.9275  bern=     1.988  mcdiarmid_env=         2
    B=   64  exceed=  0.8760  bern=      1.98  mcdiarmid_env=         2
    B=  128  exceed=  0.8420  bern=     1.964  mcdiarmid_env=         2
    B=  256  exceed=  0.7780  bern=     1.934  mcdiarmid_env=         2
    B=  512  exceed=  0.6765  bern=     1.874  mcdiarmid_env=         2
    B= 1024  exceed=  0.5530  bern=      1.76  mcdiarmid_env=         2
    B= 2048  exceed=  0.3770  bern=     1.555  mcdiarmid_env=         2
    B= 4096  exceed=  0.1125  bern=     1.213  mcdiarmid_env=         2
    B=   16  exceed=  0.9590  bern=     1.994  mcdiarmid_env=         2
    B=   32  exceed=  0.9450  bern=     1.991  mcdiarmid_env=         2
    B=   64  exceed=  0.9170  bern=     1.987  mcdiarmid_env=         2
    B=  128  exceed=  0.8825  bern=     1.978  mcdiarmid_env=         2
    B=  256  exceed=  0.8390  bern=     1.962  mcdiarmid_env=         2
    B=  512  exceed=  0.7885  bern=      1.93  mcdiarmid_env=         2
    B= 1024  exceed=  0.6855  bern=      1.87  mcdiarmid_env=         2
    B= 2048  exceed=  0.5405  bern=     1.759  mcdiarmid_env=         2
    B= 4096  exceed=  0.2400  bern=     1.556  mcdiarmid_env=         2
    B=   16  exceed=  0.9590  bern=     1.995  mcdiarmid_env=         2
    B=   32  exceed=  0.9480  bern=     1.991  mcdiarmid_env=         2
    B=   64  exceed=  0.9280  bern=     1.986  mcdiarmid_env=         2
    B=  128  exceed=  0.8910  bern=     1.977  mcdiarmid_env=         2
    B=  256  exceed=  0.8665  bern=     1.965  mcdiarmid_env=         2
    B=  512  exceed=  0.8235  bern=      1.94  mcdiarmid_env=         2
    B= 1024  exceed=  0.7475  bern=     1.897  mcdiarmid_env=         2
    B= 2048  exceed=  0.6025  bern=     1.814  mcdiarmid_env=         2
    B= 4096  exceed=  0.3465  bern=     1.659  mcdiarmid_env=         2
    B=   16  exceed=  0.9600  bern=     1.993  mcdiarmid_env=         2
    B=   32  exceed=  0.9400  bern=     1.989  mcdiarmid_env=         2
    B=   64  exceed=  0.9145  bern=     1.983  mcdiarmid_env=         2
    B=  128  exceed=  0.8735  bern=     1.969  mcdiarmid_env=         2
    B=  256  exceed=  0.7990  bern=     1.944  mcdiarmid_env=         2
    B=  512  exceed=  0.7190  bern=     1.893  mcdiarmid_env=         2
    B= 1024  exceed=  0.5935  bern=     1.794  mcdiarmid_env=         2
    B= 2048  exceed=  0.4130  bern=     1.613  mcdiarmid_env=         2
    B= 4096  exceed=  0.1390  bern=     1.303  mcdiarmid_env=         2
    B=   16  exceed=  0.9525  bern=     1.993  mcdiarmid_env=         2
    B=   32  exceed=  0.9410  bern=     1.989  mcdiarmid_env=         2
    B=   64  exceed=  0.9125  bern=     1.983  mcdiarmid_env=         2
    B=  128  exceed=  0.8655  bern=     1.972  mcdiarmid_env=         2
    B=  256  exceed=  0.8315  bern=     1.948  mcdiarmid_env=         2
    B=  512  exceed=  0.7390  bern=     1.904  mcdiarmid_env=         2
    B= 1024  exceed=  0.6140  bern=     1.815  mcdiarmid_env=         2
    B= 2048  exceed=  0.4360  bern=     1.655  mcdiarmid_env=         2
    B= 4096  exceed=  0.1650  bern=     1.373  mcdiarmid_env=         2
  eta=0.1
    B=   16  exceed=  0.8885  bern=     1.975  mcdiarmid_env=         2
    B=   32  exceed=  0.8590  bern=     1.958  mcdiarmid_env=         2
    B=   64  exceed=  0.7800  bern=     1.931  mcdiarmid_env=         2
    B=  128  exceed=  0.6980  bern=     1.878  mcdiarmid_env=         2
    B=  256  exceed=  0.5785  bern=     1.776  mcdiarmid_env=         2
    B=  512  exceed=  0.4180  bern=     1.587  mcdiarmid_env=         2
    B= 1024  exceed=  0.2380  bern=     1.268  mcdiarmid_env=         2
    B= 2048  exceed=  0.0785  bern=    0.8121  mcdiarmid_env=         2
    B= 4096  exceed=  0.0025  bern=    0.3325  mcdiarmid_env=         2
    B=   16  exceed=  0.9115  bern=     1.984  mcdiarmid_env=         2
    B=   32  exceed=  0.8905  bern=     1.974  mcdiarmid_env=         2
    B=   64  exceed=  0.8375  bern=     1.957  mcdiarmid_env=         2
    B=  128  exceed=  0.7800  bern=     1.927  mcdiarmid_env=         2
    B=  256  exceed=  0.6925  bern=     1.871  mcdiarmid_env=         2
    B=  512  exceed=  0.5845  bern=     1.766  mcdiarmid_env=         2
    B= 1024  exceed=  0.4330  bern=     1.579  mcdiarmid_env=         2
    B= 2048  exceed=  0.2065  bern=     1.268  mcdiarmid_env=         2
    B= 4096  exceed=  0.0150  bern=     0.818  mcdiarmid_env=         2
    B=   16  exceed=  0.9225  bern=     1.985  mcdiarmid_env=         2
    B=   32  exceed=  0.8800  bern=     1.973  mcdiarmid_env=         2
    B=   64  exceed=  0.8545  bern=     1.956  mcdiarmid_env=         2
    B=  128  exceed=  0.7895  bern=     1.926  mcdiarmid_env=         2
    B=  256  exceed=  0.7380  bern=      1.88  mcdiarmid_env=         2
    B=  512  exceed=  0.6410  bern=     1.797  mcdiarmid_env=         2
    B= 1024  exceed=  0.5020  bern=     1.654  mcdiarmid_env=         2
    B= 2048  exceed=  0.2850  bern=     1.404  mcdiarmid_env=         2
    B= 4096  exceed=  0.0530  bern=      1.01  mcdiarmid_env=         2
    B=   16  exceed=  0.9120  bern=     1.977  mcdiarmid_env=         2
    B=   32  exceed=  0.8765  bern=     1.963  mcdiarmid_env=         2
    B=   64  exceed=  0.8250  bern=     1.939  mcdiarmid_env=         2
    B=  128  exceed=  0.7430  bern=      1.89  mcdiarmid_env=         2
    B=  256  exceed=  0.5955  bern=     1.802  mcdiarmid_env=         2
    B=  512  exceed=  0.4805  bern=      1.63  mcdiarmid_env=         2
    B= 1024  exceed=  0.2795  bern=     1.336  mcdiarmid_env=         2
    B= 2048  exceed=  0.0980  bern=    0.8977  mcdiarmid_env=         2
    B= 4096  exceed=  0.0035  bern=    0.4044  mcdiarmid_env=         2
    B=   16  exceed=  0.9085  bern=     1.977  mcdiarmid_env=         2
    B=   32  exceed=  0.8840  bern=     1.964  mcdiarmid_env=         2
    B=   64  exceed=  0.8205  bern=     1.941  mcdiarmid_env=         2
    B=  128  exceed=  0.7295  bern=     1.902  mcdiarmid_env=         2
    B=  256  exceed=  0.6630  bern=     1.818  mcdiarmid_env=         2
    B=  512  exceed=  0.5000  bern=     1.672  mcdiarmid_env=         2
    B= 1024  exceed=  0.3070  bern=     1.405  mcdiarmid_env=         2
    B= 2048  exceed=  0.1245  bern=     1.001  mcdiarmid_env=         2
    B= 4096  exceed=  0.0060  bern=     0.505  mcdiarmid_env=         2
  eta=0.2
    B=   16  exceed=  0.7845  bern=      1.93  mcdiarmid_env=         2
    B=   32  exceed=  0.7090  bern=     1.877  mcdiarmid_env=         2
    B=   64  exceed=  0.5845  bern=     1.793  mcdiarmid_env=         2
    B=  128  exceed=  0.4515  bern=     1.634  mcdiarmid_env=         2
    B=  256  exceed=  0.2635  bern=      1.36  mcdiarmid_env=         2
    B=  512  exceed=  0.1055  bern=    0.9375  mcdiarmid_env=         2
    B= 1024  exceed=  0.0240  bern=    0.4458  mcdiarmid_env=         2
    B= 2048  exceed=  0.0000  bern=    0.1019  mcdiarmid_env=         2
    B= 4096  exceed=  0.0000  bern=  0.005224  mcdiarmid_env=         2
    B=   16  exceed=  0.8320  bern=     1.958  mcdiarmid_env=         2
    B=   32  exceed=  0.7755  bern=     1.928  mcdiarmid_env=         2
    B=   64  exceed=  0.6790  bern=     1.876  mcdiarmid_env=         2
    B=  128  exceed=  0.5565  bern=     1.788  mcdiarmid_env=         2
    B=  256  exceed=  0.4175  bern=     1.624  mcdiarmid_env=         2
    B=  512  exceed=  0.2555  bern=     1.344  mcdiarmid_env=         2
    B= 1024  exceed=  0.0925  bern=    0.9305  mcdiarmid_env=         2
    B= 2048  exceed=  0.0070  bern=    0.4515  mcdiarmid_env=         2
    B= 4096  exceed=  0.0000  bern=    0.1062  mcdiarmid_env=         2
    B=   16  exceed=  0.8280  bern=     1.963  mcdiarmid_env=         2
    B=   32  exceed=  0.7720  bern=     1.928  mcdiarmid_env=         2
    B=   64  exceed=  0.6810  bern=     1.878  mcdiarmid_env=         2
    B=  128  exceed=  0.5765  bern=     1.786  mcdiarmid_env=         2
    B=  256  exceed=  0.4965  bern=     1.645  mcdiarmid_env=         2
    B=  512  exceed=  0.3325  bern=     1.413  mcdiarmid_env=         2
    B= 1024  exceed=  0.1605  bern=     1.061  mcdiarmid_env=         2
    B= 2048  exceed=  0.0255  bern=    0.6042  mcdiarmid_env=         2
    B= 4096  exceed=  0.0000  bern=    0.1953  mcdiarmid_env=         2
    B=   16  exceed=  0.8190  bern=     1.931  mcdiarmid_env=         2
    B=   32  exceed=  0.7500  bern=     1.885  mcdiarmid_env=         2
    B=   64  exceed=  0.6245  bern=     1.804  mcdiarmid_env=         2
    B=  128  exceed=  0.4995  bern=     1.648  mcdiarmid_env=         2
    B=  256  exceed=  0.3005  bern=     1.394  mcdiarmid_env=         2
    B=  512  exceed=  0.1550  bern=    0.9775  mcdiarmid_env=         2
    B= 1024  exceed=  0.0315  bern=    0.4847  mcdiarmid_env=         2
    B= 2048  exceed=  0.0015  bern=    0.1192  mcdiarmid_env=         2
    B= 4096  exceed=  0.0000  bern=  0.007121  mcdiarmid_env=         2
    B=   16  exceed=  0.8210  bern=     1.935  mcdiarmid_env=         2
    B=   32  exceed=  0.7525  bern=     1.893  mcdiarmid_env=         2
    B=   64  exceed=  0.6565  bern=     1.818  mcdiarmid_env=         2
    B=  128  exceed=  0.4860  bern=     1.696  mcdiarmid_env=         2
    B=  256  exceed=  0.3475  bern=     1.455  mcdiarmid_env=         2
    B=  512  exceed=  0.1790  bern=     1.092  mcdiarmid_env=         2
    B= 1024  exceed=  0.0440  bern=     0.604  mcdiarmid_env=         2
    B= 2048  exceed=  0.0015  bern=     0.189  mcdiarmid_env=         2
    B= 4096  exceed=  0.0000  bern=   0.01822  mcdiarmid_env=         2

  max relative |sum_i g_a^(i)| / sum_i ||g_a^(i)||: ps=3.99e-08  pop=0.837

wrote results/CERT/calib_cert_har_m64.json
