=== calib_cert_b | battery m=64 seeds=[0, 1, 2, 3, 4] warm=4ep reps=2000 dev=cpu ===
     B      rho_ps      sd_ps     CV_ps     rho_pop     sd_pop    CV_pop     rho_bm   c0_ps  c0_pop
    16     0.49684     0.7461     1.502     0.45848      0.614     1.339   1.14e-07   1.413    1.39
    32     0.49773     0.5087     1.022     0.47019     0.4456    0.9477   9.19e-08   1.972   1.958
    64     0.46167     0.3121    0.6759     0.45105     0.2957    0.6555    1.1e-07   2.623   2.611
   128     0.45317     0.2053     0.453     0.44686     0.1963    0.4394   1.25e-07   3.461   3.451
   256     0.45381     0.1425     0.314     0.45095     0.1379    0.3057    5.9e-08   4.198   4.188
   512     0.45557    0.08595    0.1887     0.45467    0.08417    0.1851   3.22e-08   4.865   4.856
  1024     0.45556    0.03871   0.08498     0.45529    0.03829   0.08409   2.71e-08   5.276   5.272
    16     0.31331     0.3094    0.9877     0.30369      0.256     0.843    1.2e-07   1.297   1.295
    32      0.3001     0.1877    0.6255     0.29572     0.1655    0.5596   4.14e-07   1.603     1.6
    64     0.29921     0.1304    0.4358     0.29916     0.1228    0.4106   2.46e-07   2.015   2.009
   128     0.29808    0.09198    0.3086     0.29633    0.08421    0.2842   4.09e-07   2.423   2.414
   256     0.30081    0.06108    0.2031     0.29973    0.05814     0.194   4.96e-07   2.857    2.85
   512     0.29911    0.03741    0.1251     0.29859    0.03563    0.1193   3.94e-07   3.146   3.141
  1024     0.29924    0.01676   0.05602     0.29919    0.01595    0.0533    1.2e-07   3.305   3.304
    16      1.0947      2.705     2.471      1.0837      2.667     2.461   1.86e-07   1.784   1.781
    32      1.0576      1.862      1.76      1.0542      1.802     1.709    1.2e-07   2.422   2.425
    64       1.067      1.309     1.227      1.0626      1.294     1.218   3.52e-07   3.312   3.312
   128      1.1089     0.9273    0.8362      1.1099     0.9211    0.8298   2.13e-07   4.632   4.636
   256      1.0959     0.6098    0.5565      1.0969     0.6084    0.5546   8.45e-07   6.217   6.216
   512      1.0986     0.3813    0.3471       1.097     0.3789    0.3454   6.96e-07    8.01   8.011
  1024      1.1034      0.171     0.155      1.1034     0.1706    0.1547   2.28e-06    9.49    9.49
    16     0.68013      1.062     1.561     0.66524     0.9183      1.38    1.1e-07   1.647   1.644
    32     0.65953     0.6968     1.057     0.64857     0.6656     1.026   1.44e-07    2.22   2.214
    64     0.64227     0.4484    0.6982     0.63804     0.4403    0.6901   1.87e-07   2.969   2.961
   128     0.65619     0.3347      0.51     0.65522     0.3267    0.4986   2.22e-07   3.919   3.914
   256     0.65229     0.2233    0.3423     0.64999     0.2193    0.3374   3.56e-07   4.769   4.766
   512     0.65154     0.1355     0.208     0.65161     0.1338    0.2053   4.68e-07   5.504   5.502
  1024     0.64703    0.05989   0.09257     0.64708    0.05938   0.09176   6.81e-07   5.781    5.78
    16      1.5176      4.846     3.193      1.4961       4.63     3.095   2.25e-07    1.67   1.661
    32      1.4519      3.246     2.236      1.4283      3.093     2.166   2.48e-07   2.225   2.222
    64      1.5953      2.475     1.551      1.5736      2.388     1.518   1.31e-07   3.153   3.149
   128      1.5114      1.587      1.05       1.508      1.574     1.044    4.4e-07   4.356   4.357
   256      1.5357      1.059    0.6898      1.5368      1.055    0.6864   2.06e-07   6.183   6.183
   512      1.5309     0.6514    0.4255      1.5286     0.6479    0.4239   1.32e-07   8.473   8.467
  1024      1.5084     0.2897    0.1921      1.5082     0.2891    0.1917   5.17e-08   11.17   11.17

--- Prop. 6 log-log fits (slope must be -0.5) ---
  sd_ps     slope=-0.6520  R2=0.4387
  cv_ps     slope=-0.6461  R2=0.7935
  sd_pop    slope=-0.6294  R2=0.4084
  cv_pop    slope=-0.6308  R2=0.7674
  mean_ps   slope=-0.0059  R2=0.0002
  mean_pop  slope=+0.0014  R2=0.0000
  mean_bm   slope=+0.0900  R2=0.0186

  c0 from CV fit: ps=11.887965078858448  pop=10.649723401049249
  delta 0.1 -> 1e-3: bound-form x2.537, Gaussian-truth x4.002

--- Prop. 7 bound check (eta=0.1) ---
     B  exceed_ps   bern_ps    env_ps  exceed_pop  bern_pop   env_pop
    16     0.9475      1.99         2      0.9490      1.98         2
    32     0.9350      1.98         2      0.9385      1.96         2
    64     0.9010      1.95         2      0.9030      1.95         2
   128     0.8265      1.93         2      0.8060      1.93         2
   256     0.7710       1.9         2      0.7610      1.89         2
   512     0.6370      1.83         2      0.6260      1.83         2
  1024     0.2355      1.71         2      0.2310      1.71         2
    16     0.8940      1.98         2      0.8705      1.96         2
    32     0.8550      1.96         2      0.8325      1.94         2
    64     0.8370      1.92         2      0.8290       1.9         2
   128     0.7735      1.87         2      0.7730      1.85         2
   256     0.6425      1.79         2      0.6345      1.77         2
   512     0.4315      1.63         2      0.4215      1.62         2
  1024     0.0690      1.37         2      0.0490      1.36         2
    16     0.9665      1.99         2      0.9740      1.99         2
    32     0.9450      1.98         2      0.9525      1.98         2
    64     0.9395      1.97         2      0.9330      1.97         2
   128     0.9400      1.96         2      0.9430      1.96         2
   256     0.9390      1.95         2      0.9440      1.95         2
   512     0.8015      1.93         2      0.7940      1.93         2
  1024     0.6405       1.9         2      0.6445       1.9         2
    16     0.9520      1.99         2      0.9525      1.97         2
    32     0.9360      1.97         2      0.9190      1.96         2
    64     0.9175      1.96         2      0.9090      1.95         2
   128     0.9145      1.94         2      0.9245      1.93         2
   256     0.7795      1.91         2      0.7775      1.91         2
   512     0.6405      1.86         2      0.6415      1.85         2
  1024     0.3020      1.74         2      0.2895      1.74         2
    16     0.9695      1.99         2      0.9700      1.99         2
    32     0.9610      1.99         2      0.9615      1.98         2
    64     0.9355      1.98         2      0.9360      1.97         2
   128     0.9340      1.97         2      0.9335      1.96         2
   256     0.8925      1.95         2      0.8920      1.95         2
   512     0.9305      1.94         2      0.9300      1.94         2
  1024     0.6790      1.93         2      0.6865      1.93         2

--- Bernstein bound vs empirical tail (tag=ps) ---
  eta=0.05
    B=   16  exceed=  0.9735  bern=     1.994  mcdiarmid_env=         2
    B=   32  exceed=  0.9660  bern=     1.991  mcdiarmid_env=         2
    B=   64  exceed=  0.9465  bern=     1.985  mcdiarmid_env=         2
    B=  128  exceed=  0.9125  bern=     1.979  mcdiarmid_env=         2
    B=  256  exceed=  0.8845  bern=      1.97  mcdiarmid_env=         2
    B=  512  exceed=  0.8030  bern=     1.952  mcdiarmid_env=         2
    B= 1024  exceed=  0.5770  bern=     1.918  mcdiarmid_env=         2
    B=   16  exceed=  0.9455  bern=     1.992  mcdiarmid_env=         2
    B=   32  exceed=  0.9295  bern=     1.985  mcdiarmid_env=         2
    B=   64  exceed=  0.9200  bern=     1.973  mcdiarmid_env=         2
    B=  128  exceed=  0.8945  bern=     1.959  mcdiarmid_env=         2
    B=  256  exceed=  0.8250  bern=     1.936  mcdiarmid_env=         2
    B=  512  exceed=  0.7075  bern=      1.89  mcdiarmid_env=         2
    B= 1024  exceed=  0.3910  bern=       1.8  mcdiarmid_env=         2
    B=   16  exceed=  0.9840  bern=     1.997  mcdiarmid_env=         2
    B=   32  exceed=  0.9760  bern=     1.994  mcdiarmid_env=         2
    B=   64  exceed=  0.9675  bern=     1.991  mcdiarmid_env=         2
    B=  128  exceed=  0.9705  bern=     1.988  mcdiarmid_env=         2
    B=  256  exceed=  0.9720  bern=     1.986  mcdiarmid_env=         2
    B=  512  exceed=  0.8995  bern=     1.982  mcdiarmid_env=         2
    B= 1024  exceed=  0.8550  bern=     1.973  mcdiarmid_env=         2
    B=   16  exceed=  0.9775  bern=     1.995  mcdiarmid_env=         2
    B=   32  exceed=  0.9650  bern=      1.99  mcdiarmid_env=         2
    B=   64  exceed=  0.9640  bern=     1.986  mcdiarmid_env=         2
    B=  128  exceed=  0.9590  bern=     1.982  mcdiarmid_env=         2
    B=  256  exceed=  0.8835  bern=     1.975  mcdiarmid_env=         2
    B=  512  exceed=  0.8120  bern=     1.961  mcdiarmid_env=         2
    B= 1024  exceed=  0.6210  bern=     1.929  mcdiarmid_env=         2
    B=   16  exceed=  0.9835  bern=     1.997  mcdiarmid_env=         2
    B=   32  exceed=  0.9815  bern=     1.996  mcdiarmid_env=         2
    B=   64  exceed=  0.9715  bern=     1.992  mcdiarmid_env=         2
    B=  128  exceed=  0.9640  bern=     1.989  mcdiarmid_env=         2
    B=  256  exceed=  0.9480  bern=     1.986  mcdiarmid_env=         2
    B=  512  exceed=  0.9720  bern=     1.984  mcdiarmid_env=         2
    B= 1024  exceed=  0.8380  bern=     1.981  mcdiarmid_env=         2
  eta=0.1
    B=   16  exceed=  0.9475  bern=     1.987  mcdiarmid_env=         2
    B=   32  exceed=  0.9350  bern=     1.975  mcdiarmid_env=         2
    B=   64  exceed=  0.9010  bern=     1.955  mcdiarmid_env=         2
    B=  128  exceed=  0.8265  bern=     1.932  mcdiarmid_env=         2
    B=  256  exceed=  0.7710  bern=     1.897  mcdiarmid_env=         2
    B=  512  exceed=  0.6370  bern=     1.833  mcdiarmid_env=         2
    B= 1024  exceed=  0.2355  bern=     1.712  mcdiarmid_env=         2
    B=   16  exceed=  0.8940  bern=     1.982  mcdiarmid_env=         2
    B=   32  exceed=  0.8550  bern=     1.962  mcdiarmid_env=         2
    B=   64  exceed=  0.8370  bern=      1.92  mcdiarmid_env=         2
    B=  128  exceed=  0.7735  bern=     1.871  mcdiarmid_env=         2
    B=  256  exceed=  0.6425  bern=     1.788  mcdiarmid_env=         2
    B=  512  exceed=  0.4315  bern=     1.635  mcdiarmid_env=         2
    B= 1024  exceed=  0.0690  bern=     1.365  mcdiarmid_env=         2
    B=   16  exceed=  0.9665  bern=     1.993  mcdiarmid_env=         2
    B=   32  exceed=  0.9450  bern=     1.985  mcdiarmid_env=         2
    B=   64  exceed=  0.9395  bern=     1.974  mcdiarmid_env=         2
    B=  128  exceed=  0.9400  bern=     1.962  mcdiarmid_env=         2
    B=  256  exceed=  0.9390  bern=      1.95  mcdiarmid_env=         2
    B=  512  exceed=  0.8015  bern=     1.933  mcdiarmid_env=         2
    B= 1024  exceed=  0.6405  bern=       1.9  mcdiarmid_env=         2
    B=   16  exceed=  0.9520  bern=     1.987  mcdiarmid_env=         2
    B=   32  exceed=  0.9360  bern=     1.971  mcdiarmid_env=         2
    B=   64  exceed=  0.9175  bern=     1.956  mcdiarmid_env=         2
    B=  128  exceed=  0.9145  bern=     1.937  mcdiarmid_env=         2
    B=  256  exceed=  0.7795  bern=     1.908  mcdiarmid_env=         2
    B=  512  exceed=  0.6405  bern=     1.857  mcdiarmid_env=         2
    B= 1024  exceed=  0.3020  bern=     1.744  mcdiarmid_env=         2
    B=   16  exceed=  0.9695  bern=     1.994  mcdiarmid_env=         2
    B=   32  exceed=  0.9610  bern=      1.99  mcdiarmid_env=         2
    B=   64  exceed=  0.9355  bern=     1.979  mcdiarmid_env=         2
    B=  128  exceed=  0.9340  bern=     1.967  mcdiarmid_env=         2
    B=  256  exceed=  0.8925  bern=     1.954  mcdiarmid_env=         2
    B=  512  exceed=  0.9305  bern=     1.943  mcdiarmid_env=         2
    B= 1024  exceed=  0.6790  bern=     1.928  mcdiarmid_env=         2
  eta=0.2
    B=   16  exceed=  0.8950  bern=     1.971  mcdiarmid_env=         2
    B=   32  exceed=  0.8720  bern=     1.942  mcdiarmid_env=         2
    B=   64  exceed=  0.7890  bern=     1.883  mcdiarmid_env=         2
    B=  128  exceed=  0.6510  bern=     1.806  mcdiarmid_env=         2
    B=  256  exceed=  0.5370  bern=     1.692  mcdiarmid_env=         2
    B=  512  exceed=  0.3040  bern=     1.492  mcdiarmid_env=         2
    B= 1024  exceed=  0.0220  bern=     1.169  mcdiarmid_env=         2
    B=   16  exceed=  0.7835  bern=     1.961  mcdiarmid_env=         2
    B=   32  exceed=  0.6895  bern=      1.91  mcdiarmid_env=         2
    B=   64  exceed=  0.6560  bern=     1.793  mcdiarmid_env=         2
    B=  128  exceed=  0.5365  bern=     1.652  mcdiarmid_env=         2
    B=  256  exceed=  0.3230  bern=     1.411  mcdiarmid_env=         2
    B=  512  exceed=  0.1110  bern=     1.033  mcdiarmid_env=         2
    B= 1024  exceed=  0.0005  bern=    0.5518  mcdiarmid_env=         2
    B=   16  exceed=  0.9340  bern=     1.985  mcdiarmid_env=         2
    B=   32  exceed=  0.8910  bern=     1.965  mcdiarmid_env=         2
    B=   64  exceed=  0.8760  bern=     1.933  mcdiarmid_env=         2
    B=  128  exceed=  0.8585  bern=     1.891  mcdiarmid_env=         2
    B=  256  exceed=  0.8530  bern=     1.844  mcdiarmid_env=         2
    B=  512  exceed=  0.6230  bern=     1.774  mcdiarmid_env=         2
    B= 1024  exceed=  0.1340  bern=     1.658  mcdiarmid_env=         2
    B=   16  exceed=  0.8965  bern=     1.972  mcdiarmid_env=         2
    B=   32  exceed=  0.8605  bern=     1.925  mcdiarmid_env=         2
    B=   64  exceed=  0.8115  bern=     1.878  mcdiarmid_env=         2
    B=  128  exceed=  0.8000  bern=     1.805  mcdiarmid_env=         2
    B=  256  exceed=  0.6055  bern=     1.703  mcdiarmid_env=         2
    B=  512  exceed=  0.3385  bern=     1.535  mcdiarmid_env=         2
    B= 1024  exceed=  0.0225  bern=      1.22  mcdiarmid_env=         2
    B=   16  exceed=  0.9355  bern=     1.988  mcdiarmid_env=         2
    B=   32  exceed=  0.9260  bern=     1.978  mcdiarmid_env=         2
    B=   64  exceed=  0.8930  bern=      1.95  mcdiarmid_env=         2
    B=  128  exceed=  0.8620  bern=     1.914  mcdiarmid_env=         2
    B=  256  exceed=  0.7915  bern=      1.86  mcdiarmid_env=         2
    B=  512  exceed=  0.8270  bern=     1.812  mcdiarmid_env=         2
    B= 1024  exceed=  0.2820  bern=     1.753  mcdiarmid_env=         2

  max relative |sum_i g_a^(i)| / sum_i ||g_a^(i)||: ps=6.08e-08  pop=0.866

wrote results/CERT/calib_cert_battery_m64.json
