=== calib_cert_b | har m=64 seeds=[0, 1, 2, 3, 4] warm=4ep reps=2000 dev=cpu cells=iid(w/ replacement) ===
     B      rho_ps      sd_ps     CV_ps     rho_pop     sd_pop    CV_pop     rho_bm   c0_ps  c0_pop
    16      79.835      58.03    0.7269      84.912      61.85    0.7284   6.38e-07   1.957   1.953
    32      82.103      43.54    0.5303      84.657      44.87    0.5301   5.65e-07   2.269   2.264
    64      83.678       32.2    0.3848      84.793      32.72    0.3859   5.26e-07   2.521   2.515
   128      83.159      21.67    0.2606       83.78      21.97    0.2623   5.13e-07   2.733    2.73
   256      84.084      15.68    0.1865      84.399      15.86    0.1879   5.74e-07   2.853   2.852
   512      84.364      11.24    0.1332      84.518      11.35    0.1343   4.82e-07   2.916   2.915
  1024        84.5      8.048   0.09525      84.569      8.114   0.09595   4.29e-07   2.976   2.975
  2048      84.687      5.615    0.0663      84.732      5.657   0.06676   4.47e-07   2.987   2.988
  4096      84.587      4.006   0.04736       84.61      4.037   0.04772   5.38e-07   3.001   3.001
    16      89.951      91.79      1.02      96.005      101.2     1.054   6.68e-07   2.135   2.125
    32      95.241      69.33    0.7279       97.76      72.77    0.7443   7.05e-07   2.632   2.626
    64      96.066      51.28    0.5337      97.249      52.54    0.5403   8.06e-07   3.071   3.066
   128      95.032      35.13    0.3696      95.656      36.07    0.3771   1.07e-06   3.425   3.421
   256      96.601      25.61    0.2651       96.87      25.98    0.2682   1.65e-06   3.735   3.731
   512      96.082      18.03    0.1877      96.251      18.38     0.191    1.8e-06   3.918   3.916
  1024      96.853      12.95    0.1337      96.945      13.17    0.1359   1.86e-06   4.081   4.081
  2048      96.296      8.562   0.08891      96.331      8.696   0.09027    2.1e-06   4.137   4.136
  4096      96.036      6.144   0.06398      96.065      6.242   0.06498   2.62e-06     4.2     4.2
    16      60.346      77.74     1.288      64.152      85.24     1.329   5.94e-07   1.997   1.982
    32      59.903      52.99    0.8846      61.569      54.53    0.8856   6.09e-07   2.433   2.421
    64      60.047      36.64    0.6102      61.034      37.61    0.6162    6.8e-07   2.921   2.911
   128      60.443      26.71     0.442      60.859      27.31    0.4488    8.4e-07   3.415   3.406
   256      60.878      18.96    0.3114      61.129      19.18    0.3137   1.14e-06    3.85   3.846
   512      60.524      13.42    0.2218      60.629      13.58     0.224   1.06e-06   4.262   4.259
  1024       61.11      9.691    0.1586      61.136      9.797    0.1603   1.01e-06   4.607   4.605
  2048      61.212      6.758    0.1104      61.247      6.849    0.1118    1.1e-06   4.814   4.813
  4096      61.142      4.699   0.07685      61.166      4.761   0.07784   1.35e-06   4.899   4.899
    16      68.188      56.49    0.8285      72.225      60.38    0.8359   4.99e-07   2.129   2.115
    32      71.778      40.73    0.5674      73.523      42.66    0.5802   4.69e-07   2.567   2.552
    64      71.575      28.81    0.4025      72.427      29.82    0.4118   4.33e-07   2.871   2.861
   128      71.502      20.39    0.2851      71.931      21.05    0.2926   4.31e-07    3.11   3.104
   256      72.044      14.81    0.2056      72.254      15.33    0.2122   4.83e-07    3.19   3.185
   512      72.191      10.39    0.1439      72.314      10.69    0.1479   4.07e-07   3.271   3.269
  1024      72.126      7.381    0.1023      72.177      7.565    0.1048   3.66e-07   3.302   3.301
  2048      72.342      5.113   0.07068      72.352      5.229   0.07227   3.79e-07   3.315   3.315
  4096      72.249      3.705   0.05128      72.268      3.811   0.05273   4.52e-07   3.323   3.322
    16      73.163      63.53    0.8683      77.267      67.72    0.8764    5.7e-07   2.075   2.062
    32      74.403       45.4    0.6102      76.457      47.27    0.6183   5.44e-07    2.47   2.462
    64      73.761      31.06    0.4211      74.843      32.51    0.4343   5.19e-07    2.82   2.811
   128      74.887      22.78    0.3042      75.248       23.3    0.3096   5.28e-07   3.098   3.091
   256      75.071      16.14     0.215      75.277       16.6    0.2205   6.08e-07   3.286   3.281
   512      75.406      11.51    0.1526      75.469      11.78    0.1561   5.02e-07   3.416   3.413
  1024      75.254      7.909    0.1051      75.327       8.12    0.1078   4.47e-07   3.455   3.454
  2048      75.448       5.64   0.07475      75.477      5.813   0.07701    4.6e-07   3.491   3.491
  4096      75.478       4.16   0.05511      75.468      4.236   0.05613   5.58e-07   3.506   3.506

--- Prop. 6 log-log fits (slope must be -0.5) ---
  sd_ps     slope=-0.4935  R2=0.9546
  cv_ps     slope=-0.4999  R2=0.9586
  sd_pop    slope=-0.5015  R2=0.9559
  cv_pop    slope=-0.4995  R2=0.9585
  mean_ps   slope=+0.0064  R2=0.0056
  mean_pop  slope=-0.0020  R2=0.0006
  mean_bm   slope=+0.0615  R2=0.0502

  c0 from CV fit: ps=3.7042097222435646  pop=3.7554474008156644
  delta 0.1 -> 1e-3: bound-form x2.537, Gaussian-truth x4.002

--- Prop. 7 bound check (eta=0.1) ---
     B  exceed_ps   bern_ps    env_ps  exceed_pop  bern_pop   env_pop
    16     0.8950      1.98         2      0.8960      1.97         2
    32     0.8390      1.96         2      0.8335      1.96         2
    64     0.8010      1.93         2      0.8020      1.93         2
   128     0.7085      1.88         2      0.7160      1.87         2
   256     0.5825      1.77         2      0.5865      1.77         2
   512     0.4540      1.58         2      0.4565      1.58         2
  1024     0.2855      1.27         2      0.2900      1.26         2
  2048     0.1330     0.811         2      0.1335     0.804         2
  4096     0.0310     0.331         2      0.0340     0.328         2
    16     0.9240      1.98         2      0.9220      1.98         2
    32     0.8790      1.97         2      0.8745      1.97         2
    64     0.8635      1.96         2      0.8600      1.96         2
   128     0.7830      1.93         2      0.7835      1.92         2
   256     0.6960      1.87         2      0.7040      1.87         2
   512     0.5895      1.77         2      0.6100      1.76         2
  1024     0.4620      1.58         2      0.4640      1.58         2
  2048     0.2635      1.26         2      0.2675      1.26         2
  4096     0.1280     0.811         2      0.1305     0.807         2
    16     0.9240      1.98         2      0.9255      1.98         2
    32     0.8890      1.97         2      0.8895      1.97         2
    64     0.8590      1.96         2      0.8565      1.95         2
   128     0.8095      1.93         2      0.8165      1.93         2
   256     0.7480      1.88         2      0.7480      1.88         2
   512     0.6675       1.8         2      0.6720      1.79         2
  1024     0.5210      1.65         2      0.5310      1.65         2
  2048     0.3615       1.4         2      0.3685      1.39         2
  4096     0.1945     0.994         2      0.1975      0.99         2
    16     0.8950      1.98         2      0.9035      1.97         2
    32     0.8545      1.96         2      0.8665      1.96         2
    64     0.8300      1.94         2      0.8225      1.94         2
   128     0.7255      1.89         2      0.7350      1.89         2
   256     0.6345       1.8         2      0.6445      1.79         2
   512     0.4785      1.63         2      0.4915      1.63         2
  1024     0.3165      1.33         2      0.3295      1.33         2
  2048     0.1600     0.895         2      0.1710     0.891         2
  4096     0.0530     0.402         2      0.0580       0.4         2
    16     0.9145      1.98         2      0.9035      1.98         2
    32     0.8700      1.96         2      0.8770      1.96         2
    64     0.8270      1.94         2      0.8385      1.94         2
   128     0.7535       1.9         2      0.7545       1.9         2
   256     0.6260      1.82         2      0.6375      1.82         2
   512     0.5015      1.67         2      0.5205      1.67         2
  1024     0.3350      1.41         2      0.3420       1.4         2
  2048     0.1735         1         2      0.1865     0.996         2
  4096     0.0690     0.504         2      0.0760     0.501         2

--- Bernstein bound vs empirical tail (tag=ps) ---
  eta=0.05
    B=   16  exceed=  0.9465  bern=     1.992  mcdiarmid_env=         2
    B=   32  exceed=  0.9075  bern=     1.988  mcdiarmid_env=         2
    B=   64  exceed=  0.8955  bern=     1.979  mcdiarmid_env=         2
    B=  128  exceed=  0.8650  bern=     1.964  mcdiarmid_env=         2
    B=  256  exceed=  0.7965  bern=     1.933  mcdiarmid_env=         2
    B=  512  exceed=  0.7095  bern=     1.873  mcdiarmid_env=         2
    B= 1024  exceed=  0.5995  bern=     1.761  mcdiarmid_env=         2
    B= 2048  exceed=  0.4525  bern=     1.554  mcdiarmid_env=         2
    B= 4096  exceed=  0.2900  bern=      1.21  mcdiarmid_env=         2
    B=   16  exceed=  0.9635  bern=     1.994  mcdiarmid_env=         2
    B=   32  exceed=  0.9465  bern=     1.991  mcdiarmid_env=         2
    B=   64  exceed=  0.9320  bern=     1.987  mcdiarmid_env=         2
    B=  128  exceed=  0.8975  bern=     1.978  mcdiarmid_env=         2
    B=  256  exceed=  0.8435  bern=     1.962  mcdiarmid_env=         2
    B=  512  exceed=  0.7960  bern=      1.93  mcdiarmid_env=         2
    B= 1024  exceed=  0.7185  bern=     1.871  mcdiarmid_env=         2
    B= 2048  exceed=  0.5755  bern=     1.756  mcdiarmid_env=         2
    B= 4096  exceed=  0.4420  bern=     1.551  mcdiarmid_env=         2
    B=   16  exceed=  0.9610  bern=     1.994  mcdiarmid_env=         2
    B=   32  exceed=  0.9405  bern=     1.991  mcdiarmid_env=         2
    B=   64  exceed=  0.9265  bern=     1.986  mcdiarmid_env=         2
    B=  128  exceed=  0.9015  bern=     1.978  mcdiarmid_env=         2
    B=  256  exceed=  0.8780  bern=     1.964  mcdiarmid_env=         2
    B=  512  exceed=  0.8255  bern=      1.94  mcdiarmid_env=         2
    B= 1024  exceed=  0.7435  bern=     1.896  mcdiarmid_env=         2
    B= 2048  exceed=  0.6660  bern=     1.811  mcdiarmid_env=         2
    B= 4096  exceed=  0.5190  bern=      1.65  mcdiarmid_env=         2
    B=   16  exceed=  0.9480  bern=     1.993  mcdiarmid_env=         2
    B=   32  exceed=  0.9325  bern=      1.99  mcdiarmid_env=         2
    B=   64  exceed=  0.9185  bern=     1.983  mcdiarmid_env=         2
    B=  128  exceed=  0.8595  bern=      1.97  mcdiarmid_env=         2
    B=  256  exceed=  0.8150  bern=     1.943  mcdiarmid_env=         2
    B=  512  exceed=  0.7185  bern=     1.893  mcdiarmid_env=         2
    B= 1024  exceed=  0.6220  bern=     1.794  mcdiarmid_env=         2
    B= 2048  exceed=  0.4785  bern=     1.612  mcdiarmid_env=         2
    B= 4096  exceed=  0.3325  bern=     1.301  mcdiarmid_env=         2
    B=   16  exceed=  0.9555  bern=     1.993  mcdiarmid_env=         2
    B=   32  exceed=  0.9340  bern=     1.989  mcdiarmid_env=         2
    B=   64  exceed=  0.9145  bern=     1.983  mcdiarmid_env=         2
    B=  128  exceed=  0.8735  bern=     1.971  mcdiarmid_env=         2
    B=  256  exceed=  0.7950  bern=     1.948  mcdiarmid_env=         2
    B=  512  exceed=  0.7435  bern=     1.904  mcdiarmid_env=         2
    B= 1024  exceed=  0.6225  bern=     1.816  mcdiarmid_env=         2
    B= 2048  exceed=  0.5085  bern=     1.654  mcdiarmid_env=         2
    B= 4096  exceed=  0.3620  bern=     1.372  mcdiarmid_env=         2
  eta=0.1
    B=   16  exceed=  0.8950  bern=     1.975  mcdiarmid_env=         2
    B=   32  exceed=  0.8390  bern=     1.959  mcdiarmid_env=         2
    B=   64  exceed=  0.8010  bern=     1.929  mcdiarmid_env=         2
    B=  128  exceed=  0.7085  bern=     1.876  mcdiarmid_env=         2
    B=  256  exceed=  0.5825  bern=     1.774  mcdiarmid_env=         2
    B=  512  exceed=  0.4540  bern=     1.584  mcdiarmid_env=         2
    B= 1024  exceed=  0.2855  bern=      1.27  mcdiarmid_env=         2
    B= 2048  exceed=  0.1330  bern=    0.8108  mcdiarmid_env=         2
    B= 4096  exceed=  0.0310  bern=    0.3308  mcdiarmid_env=         2
    B=   16  exceed=  0.9240  bern=     1.984  mcdiarmid_env=         2
    B=   32  exceed=  0.8790  bern=     1.973  mcdiarmid_env=         2
    B=   64  exceed=  0.8635  bern=     1.957  mcdiarmid_env=         2
    B=  128  exceed=  0.7830  bern=     1.926  mcdiarmid_env=         2
    B=  256  exceed=  0.6960  bern=     1.871  mcdiarmid_env=         2
    B=  512  exceed=  0.5895  bern=     1.766  mcdiarmid_env=         2
    B= 1024  exceed=  0.4620  bern=      1.58  mcdiarmid_env=         2
    B= 2048  exceed=  0.2635  bern=      1.26  mcdiarmid_env=         2
    B= 4096  exceed=  0.1280  bern=    0.8108  mcdiarmid_env=         2
    B=   16  exceed=  0.9240  bern=     1.983  mcdiarmid_env=         2
    B=   32  exceed=  0.8890  bern=     1.973  mcdiarmid_env=         2
    B=   64  exceed=  0.8590  bern=     1.956  mcdiarmid_env=         2
    B=  128  exceed=  0.8095  bern=     1.928  mcdiarmid_env=         2
    B=  256  exceed=  0.7480  bern=     1.878  mcdiarmid_env=         2
    B=  512  exceed=  0.6675  bern=     1.795  mcdiarmid_env=         2
    B= 1024  exceed=  0.5210  bern=      1.65  mcdiarmid_env=         2
    B= 2048  exceed=  0.3615  bern=     1.396  mcdiarmid_env=         2
    B= 4096  exceed=  0.1945  bern=    0.9938  mcdiarmid_env=         2
    B=   16  exceed=  0.8950  bern=     1.976  mcdiarmid_env=         2
    B=   32  exceed=  0.8545  bern=     1.963  mcdiarmid_env=         2
    B=   64  exceed=  0.8300  bern=     1.939  mcdiarmid_env=         2
    B=  128  exceed=  0.7255  bern=     1.893  mcdiarmid_env=         2
    B=  256  exceed=  0.6345  bern=     1.798  mcdiarmid_env=         2
    B=  512  exceed=  0.4785  bern=      1.63  mcdiarmid_env=         2
    B= 1024  exceed=  0.3165  bern=     1.335  mcdiarmid_env=         2
    B= 2048  exceed=  0.1600  bern=    0.8951  mcdiarmid_env=         2
    B= 4096  exceed=  0.0530  bern=    0.4024  mcdiarmid_env=         2
    B=   16  exceed=  0.9145  bern=     1.978  mcdiarmid_env=         2
    B=   32  exceed=  0.8700  bern=     1.965  mcdiarmid_env=         2
    B=   64  exceed=  0.8270  bern=     1.941  mcdiarmid_env=         2
    B=  128  exceed=  0.7535  bern=     1.899  mcdiarmid_env=         2
    B=  256  exceed=  0.6260  bern=     1.818  mcdiarmid_env=         2
    B=  512  exceed=  0.5015  bern=     1.673  mcdiarmid_env=         2
    B= 1024  exceed=  0.3350  bern=     1.406  mcdiarmid_env=         2
    B= 2048  exceed=  0.1735  bern=         1  mcdiarmid_env=         2
    B= 4096  exceed=  0.0690  bern=     0.504  mcdiarmid_env=         2
  eta=0.2
    B=   16  exceed=  0.7860  bern=      1.93  mcdiarmid_env=         2
    B=   32  exceed=  0.6860  bern=      1.88  mcdiarmid_env=         2
    B=   64  exceed=  0.6005  bern=     1.789  mcdiarmid_env=         2
    B=  128  exceed=  0.4520  bern=      1.63  mcdiarmid_env=         2
    B=  256  exceed=  0.2835  bern=     1.357  mcdiarmid_env=         2
    B=  512  exceed=  0.1155  bern=     0.935  mcdiarmid_env=         2
    B= 1024  exceed=  0.0365  bern=    0.4486  mcdiarmid_env=         2
    B= 2048  exceed=  0.0030  bern=    0.1019  mcdiarmid_env=         2
    B= 4096  exceed=  0.0005  bern=  0.005193  mcdiarmid_env=         2
    B=   16  exceed=  0.8510  bern=     1.957  mcdiarmid_env=         2
    B=   32  exceed=  0.7585  bern=     1.923  mcdiarmid_env=         2
    B=   64  exceed=  0.7010  bern=     1.875  mcdiarmid_env=         2
    B=  128  exceed=  0.5680  bern=     1.783  mcdiarmid_env=         2
    B=  256  exceed=  0.4490  bern=     1.623  mcdiarmid_env=         2
    B=  512  exceed=  0.2790  bern=     1.344  mcdiarmid_env=         2
    B= 1024  exceed=  0.1295  bern=      0.93  mcdiarmid_env=         2
    B= 2048  exceed=  0.0255  bern=    0.4449  mcdiarmid_env=         2
    B= 4096  exceed=  0.0015  bern=    0.1042  mcdiarmid_env=         2
    B=   16  exceed=  0.8490  bern=     1.958  mcdiarmid_env=         2
    B=   32  exceed=  0.7770  bern=      1.93  mcdiarmid_env=         2
    B=   64  exceed=  0.6915  bern=     1.878  mcdiarmid_env=         2
    B=  128  exceed=  0.6030  bern=     1.791  mcdiarmid_env=         2
    B=  256  exceed=  0.4890  bern=     1.642  mcdiarmid_env=         2
    B=  512  exceed=  0.3570  bern=      1.41  mcdiarmid_env=         2
    B= 1024  exceed=  0.1940  bern=     1.053  mcdiarmid_env=         2
    B= 2048  exceed=  0.0680  bern=    0.5949  mcdiarmid_env=         2
    B= 4096  exceed=  0.0120  bern=    0.1869  mcdiarmid_env=         2
    B=   16  exceed=  0.7830  bern=     1.929  mcdiarmid_env=         2
    B=   32  exceed=  0.7325  bern=     1.884  mcdiarmid_env=         2
    B=   64  exceed=  0.6425  bern=     1.803  mcdiarmid_env=         2
    B=  128  exceed=  0.4975  bern=     1.657  mcdiarmid_env=         2
    B=  256  exceed=  0.3305  bern=     1.384  mcdiarmid_env=         2
    B=  512  exceed=  0.1670  bern=    0.9786  mcdiarmid_env=         2
    B= 1024  exceed=  0.0500  bern=    0.4833  mcdiarmid_env=         2
    B= 2048  exceed=  0.0040  bern=    0.1182  mcdiarmid_env=         2
    B= 4096  exceed=  0.0000  bern=  0.007051  mcdiarmid_env=         2
    B=   16  exceed=  0.8285  bern=     1.938  mcdiarmid_env=         2
    B=   32  exceed=  0.7465  bern=     1.894  mcdiarmid_env=         2
    B=   64  exceed=  0.6490  bern=     1.817  mcdiarmid_env=         2
    B=  128  exceed=  0.5070  bern=     1.689  mcdiarmid_env=         2
    B=  256  exceed=  0.3370  bern=     1.454  mcdiarmid_env=         2
    B=  512  exceed=  0.1860  bern=     1.095  mcdiarmid_env=         2
    B= 1024  exceed=  0.0620  bern=    0.6056  mcdiarmid_env=         2
    B= 2048  exceed=  0.0070  bern=    0.1891  mcdiarmid_env=         2
    B= 4096  exceed=  0.0000  bern=   0.01816  mcdiarmid_env=         2

  max relative |sum_i g_a^(i)| / sum_i ||g_a^(i)||: ps=4.4e-08  pop=0.775

wrote results/CERT/calib_cert_har_m64_iid.json
