[09:33:21] runner start: 50 jobs, 10 slots
[09:33:21] resume: 0 already done, 50 to run
[09:33:21] LAUNCH A1_har_recon_s0                            pid=2539485 slot=1/10 queue=49
[09:33:21] LAUNCH A1_har_recon_s1                            pid=2539486 slot=2/10 queue=48
[09:33:21] LAUNCH A1_har_recon_s2                            pid=2539487 slot=3/10 queue=47
[09:33:21] LAUNCH A1_har_recon_s3                            pid=2539488 slot=4/10 queue=46
[09:33:21] LAUNCH A1_har_recon_s4                            pid=2539489 slot=5/10 queue=45
[09:33:21] LAUNCH A1_har_recon_s5                            pid=2539490 slot=6/10 queue=44
[09:33:21] LAUNCH A1_har_recon_s6                            pid=2539491 slot=7/10 queue=43
[09:33:21] LAUNCH A1_har_recon_s7                            pid=2539492 slot=8/10 queue=42
[09:33:21] LAUNCH A1_har_recon_s8                            pid=2539493 slot=9/10 queue=41
[09:33:21] LAUNCH A1_har_recon_s9                            pid=2539494 slot=10/10 queue=40
[09:33:41] DONE   A1_har_recon_s0                            rc=0 0.3min
[09:33:41] DONE   A1_har_recon_s1                            rc=0 0.3min
[09:33:41] DONE   A1_har_recon_s2                            rc=0 0.3min
[09:33:41] DONE   A1_har_recon_s3                            rc=0 0.3min
[09:33:41] DONE   A1_har_recon_s4                            rc=0 0.3min
[09:33:41] DONE   A1_har_recon_s5                            rc=0 0.3min
[09:33:41] DONE   A1_har_recon_s6                            rc=0 0.3min
[09:33:41] DONE   A1_har_recon_s7                            rc=0 0.3min
[09:33:41] DONE   A1_har_recon_s8                            rc=0 0.3min
[09:33:41] DONE   A1_har_recon_s9                            rc=0 0.3min
[09:33:41] LAUNCH A1_har_clf_s0                              pid=2539622 slot=1/10 queue=39
[09:33:41] LAUNCH A1_har_clf_s1                              pid=2539623 slot=2/10 queue=38
[09:33:41] LAUNCH A1_har_clf_s2                              pid=2539624 slot=3/10 queue=37
[09:33:41] LAUNCH A1_har_clf_s3                              pid=2539625 slot=4/10 queue=36
[09:33:41] LAUNCH A1_har_clf_s4                              pid=2539626 slot=5/10 queue=35
[09:33:41] LAUNCH A1_har_clf_s5                              pid=2539627 slot=6/10 queue=34
[09:33:41] LAUNCH A1_har_clf_s6                              pid=2539628 slot=7/10 queue=33
[09:33:41] LAUNCH A1_har_clf_s7                              pid=2539629 slot=8/10 queue=32
[09:33:41] LAUNCH A1_har_clf_s8                              pid=2539630 slot=9/10 queue=31
[09:33:41] LAUNCH A1_har_clf_s9                              pid=2539631 slot=10/10 queue=30
[09:33:56] DONE   A1_har_clf_s0                              rc=0 0.3min
[09:33:56] DONE   A1_har_clf_s1                              rc=0 0.3min
[09:33:56] DONE   A1_har_clf_s2                              rc=0 0.3min
[09:33:56] DONE   A1_har_clf_s3                              rc=0 0.3min
[09:33:56] DONE   A1_har_clf_s4                              rc=0 0.3min
[09:33:56] DONE   A1_har_clf_s5                              rc=0 0.3min
[09:33:56] DONE   A1_har_clf_s6                              rc=0 0.3min
[09:33:56] DONE   A1_har_clf_s7                              rc=0 0.3min
[09:33:56] DONE   A1_har_clf_s8                              rc=0 0.3min
[09:33:56] DONE   A1_har_clf_s9                              rc=0 0.3min
[09:33:56] LAUNCH A1_har_dual_s0                             pid=2539703 slot=1/10 queue=29
[09:33:56] LAUNCH A1_har_dual_s1                             pid=2539704 slot=2/10 queue=28
[09:33:56] LAUNCH A1_har_dual_s2                             pid=2539705 slot=3/10 queue=27
[09:33:56] LAUNCH A1_har_dual_s3                             pid=2539706 slot=4/10 queue=26
[09:33:56] LAUNCH A1_har_dual_s4                             pid=2539707 slot=5/10 queue=25
[09:33:56] LAUNCH A1_har_dual_s5                             pid=2539708 slot=6/10 queue=24
[09:33:56] LAUNCH A1_har_dual_s6                             pid=2539709 slot=7/10 queue=23
[09:33:56] LAUNCH A1_har_dual_s7                             pid=2539710 slot=8/10 queue=22
[09:33:56] LAUNCH A1_har_dual_s8                             pid=2539711 slot=9/10 queue=21
[09:33:56] LAUNCH A1_har_dual_s9                             pid=2539712 slot=10/10 queue=20
[09:34:16] DONE   A1_har_dual_s0                             rc=0 0.3min
[09:34:16] DONE   A1_har_dual_s1                             rc=0 0.3min
[09:34:16] DONE   A1_har_dual_s2                             rc=0 0.3min
[09:34:16] DONE   A1_har_dual_s3                             rc=0 0.3min
[09:34:16] DONE   A1_har_dual_s4                             rc=0 0.3min
[09:34:16] DONE   A1_har_dual_s5                             rc=0 0.3min
[09:34:16] DONE   A1_har_dual_s6                             rc=0 0.3min
[09:34:16] DONE   A1_har_dual_s7                             rc=0 0.3min
[09:34:16] DONE   A1_har_dual_s8                             rc=0 0.3min
[09:34:16] DONE   A1_har_dual_s9                             rc=0 0.3min
[09:34:16] LAUNCH A1_radioml_recon_s0                        pid=2539773 slot=1/10 queue=19
[09:34:16] LAUNCH A1_radioml_recon_s1                        pid=2539774 slot=2/10 queue=18
[09:34:16] LAUNCH A1_radioml_recon_s2                        pid=2539775 slot=3/10 queue=17
[09:34:16] LAUNCH A1_radioml_recon_s3                        pid=2539776 slot=4/10 queue=16
[09:34:16] LAUNCH A1_radioml_recon_s4                        pid=2539777 slot=5/10 queue=15
[09:34:16] LAUNCH A1_radioml_recon_s5                        pid=2539778 slot=6/10 queue=14
[09:34:16] LAUNCH A1_radioml_recon_s6                        pid=2539779 slot=7/10 queue=13
[09:34:16] LAUNCH A1_radioml_recon_s7                        pid=2539780 slot=8/10 queue=12
[09:34:16] LAUNCH A1_radioml_recon_s8                        pid=2539781 slot=9/10 queue=11
[09:34:16] LAUNCH A1_radioml_recon_s9                        pid=2539782 slot=10/10 queue=10
[09:35:26] DONE   A1_radioml_recon_s0                        rc=0 1.2min
[09:35:26] DONE   A1_radioml_recon_s1                        rc=0 1.2min
[09:35:26] DONE   A1_radioml_recon_s2                        rc=0 1.2min
[09:35:26] DONE   A1_radioml_recon_s3                        rc=0 1.2min
[09:35:26] DONE   A1_radioml_recon_s4                        rc=0 1.2min
[09:35:26] DONE   A1_radioml_recon_s5                        rc=0 1.2min
[09:35:26] DONE   A1_radioml_recon_s6                        rc=0 1.2min
[09:35:26] DONE   A1_radioml_recon_s7                        rc=0 1.2min
[09:35:26] DONE   A1_radioml_recon_s8                        rc=0 1.2min
[09:35:26] DONE   A1_radioml_recon_s9                        rc=0 1.2min
[09:35:26] LAUNCH A1_radioml_reg_s0                          pid=2540086 slot=1/10 queue=9
[09:35:26] LAUNCH A1_radioml_reg_s1                          pid=2540087 slot=2/10 queue=8
[09:35:26] LAUNCH A1_radioml_reg_s2                          pid=2540088 slot=3/10 queue=7
[09:35:26] LAUNCH A1_radioml_reg_s3                          pid=2540089 slot=4/10 queue=6
[09:35:26] LAUNCH A1_radioml_reg_s4                          pid=2540090 slot=5/10 queue=5
[09:35:26] LAUNCH A1_radioml_reg_s5                          pid=2540091 slot=6/10 queue=4
[09:35:26] LAUNCH A1_radioml_reg_s6                          pid=2540092 slot=7/10 queue=3
[09:35:26] LAUNCH A1_radioml_reg_s7                          pid=2540093 slot=8/10 queue=2
[09:35:26] LAUNCH A1_radioml_reg_s8                          pid=2540094 slot=9/10 queue=1
[09:35:26] LAUNCH A1_radioml_reg_s9                          pid=2540095 slot=10/10 queue=0
[09:36:11] DONE   A1_radioml_reg_s0                          rc=0 0.8min
[09:36:11] DONE   A1_radioml_reg_s1                          rc=0 0.8min
[09:36:11] DONE   A1_radioml_reg_s2                          rc=0 0.8min
[09:36:11] DONE   A1_radioml_reg_s3                          rc=0 0.8min
[09:36:11] DONE   A1_radioml_reg_s4                          rc=0 0.8min
[09:36:11] DONE   A1_radioml_reg_s5                          rc=0 0.8min
[09:36:11] DONE   A1_radioml_reg_s6                          rc=0 0.8min
[09:36:11] DONE   A1_radioml_reg_s7                          rc=0 0.8min
[09:36:11] DONE   A1_radioml_reg_s8                          rc=0 0.8min
[09:36:11] DONE   A1_radioml_reg_s9                          rc=0 0.8min
[09:36:11] runner FINISHED: 50/50 ok
