[03:59:15] runner start: 57 jobs, 3 slots
[03:59:15] resume: 0 already done, 57 to run
[03:59:15] LAUNCH R3_calib_har_m32                           pid=1709089 slot=1/3 queue=56
[03:59:15] LAUNCH R3_calib_har_m64                           pid=1709090 slot=2/3 queue=55
[03:59:15] LAUNCH R3_calib_har_m128                          pid=1709091 slot=3/3 queue=54
[04:01:10] DONE   R3_calib_har_m32                           rc=0 1.9min
[04:01:10] DONE   R3_calib_har_m64                           rc=0 1.9min
[04:01:10] DONE   R3_calib_har_m128                          rc=0 1.9min
[04:01:10] LAUNCH R3_calib_har_m256                          pid=1709316 slot=1/3 queue=53
[04:01:10] LAUNCH R3_calib_har_m512                          pid=1709317 slot=2/3 queue=52
[04:01:10] LAUNCH R3_calib_radioml_m32                       pid=1709318 slot=3/3 queue=51
[04:04:15] DONE   R3_calib_har_m256                          rc=0 3.1min
[04:04:15] LAUNCH R3_calib_radioml_m64                       pid=1709662 slot=3/3 queue=50
[04:04:45] DONE   R3_calib_har_m512                          rc=0 3.6min
[04:04:45] LAUNCH R3_calib_radioml_m128                      pid=1709695 slot=3/3 queue=49
[04:22:15] runner start: 62 jobs, 3 slots
[04:22:15] resume: 5 already done, 57 to run
[04:22:15] LAUNCH R3_calib_radioml_m32                       pid=1715716 slot=1/3 queue=56
[04:22:15] LAUNCH R3_calib_radioml_m64                       pid=1715717 slot=2/3 queue=55
[04:22:15] LAUNCH R3_calib_radioml_m128                      pid=1715720 slot=3/3 queue=54
[04:48:35] DONE   R3_calib_radioml_m32                       rc=0 26.3min
[04:48:35] LAUNCH R3_calib_radioml_m256                      pid=1719826 slot=3/3 queue=53
[04:49:00] DONE   R3_calib_radioml_m64                       rc=0 26.8min
[04:49:00] LAUNCH R3_calib_radioml_m512                      pid=1719856 slot=3/3 queue=52
[04:49:15] DONE   R3_calib_radioml_m128                      rc=0 27.0min
[04:49:15] LAUNCH R3_calib_battery_m32                       pid=1719868 slot=3/3 queue=51
[04:49:55] DONE   R3_calib_battery_m32                       rc=0 0.7min
[04:49:55] LAUNCH R3_calib_battery_m64                       pid=1719915 slot=3/3 queue=50
[04:50:40] DONE   R3_calib_battery_m64                       rc=0 0.8min
[04:50:40] LAUNCH R3_calib_battery_m128                      pid=1720024 slot=3/3 queue=49
[04:51:25] DONE   R3_calib_battery_m128                      rc=0 0.8min
[04:51:25] LAUNCH R3_calib_battery_m256                      pid=1720073 slot=3/3 queue=48
[04:52:20] DONE   R3_calib_battery_m256                      rc=0 0.9min
[04:52:20] LAUNCH R3_calib_battery_m512                      pid=1720127 slot=3/3 queue=47
[04:53:35] DONE   R3_calib_battery_m512                      rc=0 1.3min
[04:53:35] LAUNCH R3_dose_har_hi                             pid=1720195 slot=3/3 queue=46
[05:08:10] DONE   R3_dose_har_hi                             rc=0 14.6min
[05:08:10] LAUNCH R3_dose_har_lo                             pid=1723182 slot=3/3 queue=45
[05:19:10] DONE   R3_dose_har_lo                             rc=0 11.0min
[05:19:10] LAUNCH R3_dose_radioml_hi                         pid=1725319 slot=3/3 queue=44
[05:36:00] DONE   R3_calib_radioml_m256                      rc=0 47.4min
[05:36:00] LAUNCH R3_dose_radioml_lo                         pid=1729268 slot=3/3 queue=43
[05:43:45] DONE   R3_calib_radioml_m512                      rc=0 54.8min
[05:43:45] LAUNCH R3_dose_battery_hi                         pid=1731766 slot=3/3 queue=42
[05:45:30] DONE   R3_dose_battery_hi                         rc=0 1.8min
[05:45:30] LAUNCH R3_dose_battery_lo                         pid=1731921 slot=3/3 queue=41
[05:47:15] DONE   R3_dose_battery_lo                         rc=0 1.8min
[05:47:15] LAUNCH R4_former_calib_har_m32                    pid=1732043 slot=3/3 queue=40
[05:50:15] DONE   R4_former_calib_har_m32                    rc=0 3.0min
[05:50:16] LAUNCH R4_former_calib_har_m64                    pid=1732265 slot=3/3 queue=39
[05:53:26] DONE   R4_former_calib_har_m64                    rc=0 3.2min
[05:53:26] LAUNCH R4_former_calib_har_m128                   pid=1732424 slot=3/3 queue=38
[05:56:46] DONE   R4_former_calib_har_m128                   rc=0 3.3min
[05:56:46] LAUNCH R4_former_calib_radioml_m32                pid=1732668 slot=3/3 queue=37
[06:38:46] DONE   R4_former_calib_radioml_m32                rc=0 42.0min
[06:38:46] LAUNCH R4_former_calib_radioml_m64                pid=1740708 slot=3/3 queue=36
[07:21:06] DONE   R3_dose_radioml_hi                         rc=0 121.9min
[07:21:06] LAUNCH R4_former_calib_radioml_m128               pid=1747184 slot=3/3 queue=35
[07:23:31] DONE   R4_former_calib_radioml_m64                rc=0 44.8min
[07:23:31] LAUNCH R4_former_calib_battery_m32                pid=1747970 slot=3/3 queue=34
[07:24:16] DONE   R4_former_calib_battery_m32                rc=0 0.8min
[07:24:16] LAUNCH R4_former_calib_battery_m64                pid=1748018 slot=3/3 queue=33
[07:25:01] DONE   R4_former_calib_battery_m64                rc=0 0.8min
[07:25:01] LAUNCH R4_former_calib_battery_m128               pid=1748069 slot=3/3 queue=32
[07:25:51] DONE   R4_former_calib_battery_m128               rc=0 0.8min
[07:25:51] LAUNCH R4_former_dose_har_hi                      pid=1748165 slot=3/3 queue=31
[07:27:41] DONE   R3_dose_radioml_lo                         rc=0 111.7min
[07:27:41] LAUNCH R4_former_dose_har_lo                      pid=1748273 slot=3/3 queue=30
[07:44:11] DONE   R4_former_dose_har_hi                      rc=0 18.3min
[07:44:11] LAUNCH R4_former_dose_radioml_hi                  pid=1751686 slot=3/3 queue=29
[07:45:36] DONE   R4_former_dose_har_lo                      rc=0 17.9min
[07:45:36] LAUNCH R4_former_dose_radioml_lo                  pid=1751821 slot=3/3 queue=28
[08:09:51] DONE   R4_former_calib_radioml_m128               rc=0 48.8min
[08:09:51] LAUNCH R4_former_dose_battery_hi                  pid=1755245 slot=3/3 queue=27
[08:13:36] DONE   R4_former_dose_battery_hi                  rc=0 3.8min
[08:13:36] LAUNCH R4_former_dose_battery_lo                  pid=1756171 slot=3/3 queue=26
[08:17:16] DONE   R4_former_dose_battery_lo                  rc=0 3.7min
[08:17:16] LAUNCH R4_former_conflict_battery                 pid=1756749 slot=3/3 queue=25
[08:21:21] DONE   R4_former_conflict_battery                 rc=0 4.1min
[08:21:21] LAUNCH R5fin_joint_s0                             pid=1757531 slot=3/3 queue=24
[08:22:06] DONE   R5fin_joint_s0                             rc=0 0.8min
[08:22:06] LAUNCH R5fin_joint_s1                             pid=1758236 slot=3/3 queue=23
[08:22:46] DONE   R5fin_joint_s1                             rc=0 0.7min
[08:22:46] LAUNCH R5fin_joint_s2                             pid=1758278 slot=3/3 queue=22
[08:23:26] DONE   R5fin_joint_s2                             rc=0 0.7min
[08:23:26] LAUNCH R5fin_stf0_s0                              pid=1758311 slot=3/3 queue=21
[08:24:06] DONE   R5fin_stf0_s0                              rc=0 0.7min
[08:24:06] LAUNCH R5fin_stf0_s1                              pid=1758358 slot=3/3 queue=20
[08:24:46] DONE   R5fin_stf0_s1                              rc=0 0.7min
[08:24:46] LAUNCH R5fin_stf0_s2                              pid=1758397 slot=3/3 queue=19
[08:25:26] DONE   R5fin_stf0_s2                              rc=0 0.7min
[08:25:26] LAUNCH R5fin_stfhard_s0                           pid=1758476 slot=3/3 queue=18
[08:26:26] DONE   R5fin_stfhard_s0                           rc=0 1.0min
[08:26:26] LAUNCH R5fin_stfhard_s1                           pid=1758531 slot=3/3 queue=17
[08:27:21] DONE   R5fin_stfhard_s1                           rc=0 0.9min
[08:27:21] LAUNCH R5fin_stfhard_s2                           pid=1758611 slot=3/3 queue=16
[08:28:26] DONE   R5fin_stfhard_s2                           rc=0 1.1min
[08:28:26] LAUNCH R5fin_stfsoft_s0                           pid=1758671 slot=3/3 queue=15
[08:29:26] DONE   R5fin_stfsoft_s0                           rc=0 1.0min
[08:29:26] LAUNCH R5fin_stfsoft_s1                           pid=1758732 slot=3/3 queue=14
[08:30:21] DONE   R5fin_stfsoft_s1                           rc=0 0.9min
[08:30:21] LAUNCH R5fin_stfsoft_s2                           pid=1758900 slot=3/3 queue=13
[08:31:16] DONE   R5fin_stfsoft_s2                           rc=0 0.9min
[08:31:16] LAUNCH R5aux_har_recon_10s                        pid=1758951 slot=3/3 queue=12
[08:38:56] DONE   R5aux_har_recon_10s                        rc=0 7.7min
[08:38:56] LAUNCH R5aux_har_clf_10s                          pid=1759441 slot=3/3 queue=11
[08:46:06] DONE   R5aux_har_clf_10s                          rc=0 7.2min
[08:46:06] LAUNCH R5aux_radioml_recon_10s                    pid=1761968 slot=3/3 queue=10
[09:30:51] DONE   R5aux_radioml_recon_10s                    rc=0 44.8min
[09:30:51] LAUNCH R5aux_radioml_reg_10s                      pid=1769315 slot=3/3 queue=9
[10:16:36] DONE   R5aux_radioml_reg_10s                      rc=0 45.8min
[10:16:36] LAUNCH R6_calib_celeba_m32                        pid=1776611 slot=3/3 queue=8
[10:21:46] DONE   R6_calib_celeba_m32                        rc=0 5.2min
[10:21:46] LAUNCH R6_calib_celeba_m64                        pid=1778564 slot=3/3 queue=7
[10:27:16] DONE   R6_calib_celeba_m64                        rc=0 5.5min
[10:27:16] LAUNCH R6_calib_celeba_m128                       pid=1779014 slot=3/3 queue=6
[10:33:36] DONE   R6_calib_celeba_m128                       rc=0 6.3min
[10:33:36] LAUNCH R6_calib_celeba_m256                       pid=1779452 slot=3/3 queue=5
[10:42:21] DONE   R6_calib_celeba_m256                       rc=0 8.8min
[10:42:21] LAUNCH R6_dose_celeba_hi                          pid=1782112 slot=3/3 queue=4
[11:10:01] DONE   R6_dose_celeba_hi                          rc=0 27.7min
[11:10:01] LAUNCH R2_MATR_main                               pid=1784342 slot=3/3 queue=3
[11:50:51] DONE   R4_former_dose_radioml_hi                  rc=0 246.7min
[11:50:51] LAUNCH R2_NASA_main                               pid=1792836 slot=3/3 queue=2
[11:52:11] DONE   R4_former_dose_radioml_lo                  rc=0 246.6min
[11:52:11] LAUNCH R5bat_MATR_10s                             pid=1792895 slot=3/3 queue=1
[12:12:31] DONE   R2_NASA_main                               rc=0 21.7min
[12:12:31] LAUNCH R5bat_NASA_10s                             pid=1796638 slot=3/3 queue=0
[13:09:37] DONE   R5bat_NASA_10s                             rc=0 57.1min
[13:20:32] DONE   R2_MATR_main                               rc=0 130.5min
[14:49:22] DONE   R5bat_MATR_10s                             rc=0 177.2min
[14:49:22] runner FINISHED: 62/62 ok
