[01:25:37] runner start: 30 jobs, 8 slots
[01:25:37] resume: 0 already done, 30 to run
[01:25:37] LAUNCH B10s_MATR_main_s0                          pid=2451918 slot=1/8 queue=29
[01:25:37] LAUNCH B10s_MATR_main_s1                          pid=2451919 slot=2/8 queue=28
[01:25:37] LAUNCH B10s_MATR_main_s2                          pid=2451920 slot=3/8 queue=27
[01:25:37] LAUNCH B10s_MATR_main_s3                          pid=2451921 slot=4/8 queue=26
[01:25:37] LAUNCH B10s_MATR_main_s4                          pid=2451922 slot=5/8 queue=25
[01:25:37] LAUNCH B10s_MATR_main_s5                          pid=2451923 slot=6/8 queue=24
[01:25:37] LAUNCH B10s_MATR_main_s6                          pid=2451924 slot=7/8 queue=23
[01:25:37] LAUNCH B10s_MATR_main_s7                          pid=2451925 slot=8/8 queue=22
[03:18:28] DONE   B10s_MATR_main_s4                          rc=0 112.8min
[03:18:28] LAUNCH B10s_MATR_main_s8                          pid=2471041 slot=8/8 queue=21
[03:18:33] DONE   B10s_MATR_main_s7                          rc=0 112.9min
[03:18:33] LAUNCH B10s_MATR_main_s9                          pid=2471052 slot=8/8 queue=20
[03:18:38] DONE   B10s_MATR_main_s1                          rc=0 113.0min
[03:18:38] DONE   B10s_MATR_main_s2                          rc=0 113.0min
[03:18:38] DONE   B10s_MATR_main_s3                          rc=0 113.0min
[03:18:38] DONE   B10s_MATR_main_s5                          rc=0 113.0min
[03:18:38] DONE   B10s_MATR_main_s6                          rc=0 113.0min
[03:18:38] LAUNCH B10s_MATR_toxvar_s0                        pid=2471075 slot=4/8 queue=19
[03:18:38] LAUNCH B10s_MATR_toxvar_s1                        pid=2471076 slot=5/8 queue=18
[03:18:38] LAUNCH B10s_MATR_toxvar_s2                        pid=2471077 slot=6/8 queue=17
[03:18:38] LAUNCH B10s_MATR_toxvar_s3                        pid=2471078 slot=7/8 queue=16
[03:18:38] LAUNCH B10s_MATR_toxvar_s4                        pid=2471079 slot=8/8 queue=15
[03:18:43] DONE   B10s_MATR_main_s0                          rc=0 113.1min
[03:18:43] LAUNCH B10s_MATR_toxvar_s5                        pid=2471103 slot=8/8 queue=14
[05:09:03] DONE   B10s_MATR_main_s8                          rc=0 110.6min
[05:09:03] LAUNCH B10s_MATR_toxvar_s6                        pid=2491203 slot=8/8 queue=13
[05:09:18] DONE   B10s_MATR_main_s9                          rc=0 110.8min
[05:09:18] LAUNCH B10s_MATR_toxvar_s7                        pid=2491213 slot=8/8 queue=12
[05:09:38] DONE   B10s_MATR_toxvar_s3                        rc=0 111.0min
[05:09:38] DONE   B10s_MATR_toxvar_s4                        rc=0 111.0min
[05:09:38] LAUNCH B10s_MATR_toxvar_s8                        pid=2491245 slot=7/8 queue=11
[05:09:38] LAUNCH B10s_MATR_toxvar_s9                        pid=2491246 slot=8/8 queue=10
[05:09:43] DONE   B10s_MATR_toxvar_s1                        rc=0 111.1min
[05:09:43] DONE   B10s_MATR_toxvar_s2                        rc=0 111.1min
[05:09:43] DONE   B10s_MATR_toxvar_s5                        rc=0 111.0min
[05:09:43] LAUNCH B10s_MATR_nocens_s0                        pid=2491260 slot=6/8 queue=9
[05:09:43] LAUNCH B10s_MATR_nocens_s1                        pid=2491261 slot=7/8 queue=8
[05:09:43] LAUNCH B10s_MATR_nocens_s2                        pid=2491262 slot=8/8 queue=7
[05:09:58] DONE   B10s_MATR_toxvar_s0                        rc=0 111.3min
[05:09:58] LAUNCH B10s_MATR_nocens_s3                        pid=2491301 slot=8/8 queue=6
[06:44:48] DONE   B10s_MATR_toxvar_s6                        rc=0 95.8min
[06:44:48] LAUNCH B10s_MATR_nocens_s4                        pid=2509305 slot=8/8 queue=5
[06:44:58] DONE   B10s_MATR_toxvar_s7                        rc=0 95.7min
[06:44:58] LAUNCH B10s_MATR_nocens_s5                        pid=2509316 slot=8/8 queue=4
[06:45:13] DONE   B10s_MATR_toxvar_s8                        rc=0 95.6min
[06:45:13] DONE   B10s_MATR_toxvar_s9                        rc=0 95.6min
[06:45:13] LAUNCH B10s_MATR_nocens_s6                        pid=2509373 slot=7/8 queue=3
[06:45:13] LAUNCH B10s_MATR_nocens_s7                        pid=2509374 slot=8/8 queue=2
[07:21:38] DONE   B10s_MATR_nocens_s1                        rc=0 131.9min
[07:21:38] DONE   B10s_MATR_nocens_s2                        rc=0 131.9min
[07:21:38] LAUNCH B10s_MATR_nocens_s8                        pid=2514789 slot=7/8 queue=1
[07:21:38] LAUNCH B10s_MATR_nocens_s9                        pid=2514790 slot=8/8 queue=0
[07:21:48] DONE   B10s_MATR_nocens_s0                        rc=0 132.1min
[07:21:48] DONE   B10s_MATR_nocens_s3                        rc=0 131.8min
[08:22:13] DONE   B10s_MATR_nocens_s4                        rc=0 97.4min
[08:22:23] DONE   B10s_MATR_nocens_s5                        rc=0 97.4min
[08:22:33] DONE   B10s_MATR_nocens_s7                        rc=0 97.3min
[08:22:38] DONE   B10s_MATR_nocens_s6                        rc=0 97.4min
[08:32:08] DONE   B10s_MATR_nocens_s8                        rc=0 70.5min
[08:32:13] DONE   B10s_MATR_nocens_s9                        rc=0 70.6min
[08:32:13] runner FINISHED: 30/30 ok
