[06:53:47] runner start: 56 jobs, 4 slots
[06:53:47] resume: 0 already done, 56 to run
[06:53:47] LAUNCH b5_m32_a0p0001                             pid=2780702 slot=1/4 queue=55
[06:53:47] LAUNCH b5_m32_a0p0003                             pid=2780703 slot=2/4 queue=54
[06:53:47] LAUNCH b5_m32_a0p001                              pid=2780704 slot=3/4 queue=53
[06:53:47] LAUNCH b5_m32_a0p003                              pid=2780705 slot=4/4 queue=52
[06:54:47] DONE   b5_m32_a0p0001                             rc=0 1.0min
[06:54:47] DONE   b5_m32_a0p0003                             rc=0 1.0min
[06:54:47] DONE   b5_m32_a0p001                              rc=0 1.0min
[06:54:47] DONE   b5_m32_a0p003                              rc=0 1.0min
[06:54:47] LAUNCH b5_m32_a0p01                               pid=2780898 slot=1/4 queue=51
[06:54:47] LAUNCH b5_m32_a0p03                               pid=2780899 slot=2/4 queue=50
[06:54:47] LAUNCH b5_m32_a0p1                                pid=2780900 slot=3/4 queue=49
[06:54:47] LAUNCH b5_m32_a0p3                                pid=2780901 slot=4/4 queue=48
[06:55:37] DONE   b5_m32_a0p01                               rc=0 0.8min
[06:55:37] DONE   b5_m32_a0p03                               rc=0 0.8min
[06:55:37] DONE   b5_m32_a0p1                                rc=0 0.8min
[06:55:37] DONE   b5_m32_a0p3                                rc=0 0.8min
[06:55:37] LAUNCH b5_m32_a1                                  pid=2781044 slot=1/4 queue=47
[06:55:37] LAUNCH b5_m32_a3                                  pid=2781045 slot=2/4 queue=46
[06:55:37] LAUNCH b5_m32_a10                                 pid=2781046 slot=3/4 queue=45
[06:55:37] LAUNCH b5_m32_a30                                 pid=2781047 slot=4/4 queue=44
[06:56:12] DONE   b5_m32_a10                                 rc=0 0.6min
[06:56:12] DONE   b5_m32_a30                                 rc=0 0.6min
[06:56:12] LAUNCH b5_m32_a100                                pid=2781098 slot=3/4 queue=43
[06:56:12] LAUNCH b5_m32_a300                                pid=2781099 slot=4/4 queue=42
[06:56:17] DONE   b5_m32_a1                                  rc=0 0.7min
[06:56:17] DONE   b5_m32_a3                                  rc=0 0.7min
[06:56:17] LAUNCH b5_m64_a0p0001                             pid=2781115 slot=3/4 queue=41
[06:56:17] LAUNCH b5_m64_a0p0003                             pid=2781116 slot=4/4 queue=40
[06:56:52] DONE   b5_m32_a100                                rc=0 0.7min
[06:56:52] DONE   b5_m32_a300                                rc=0 0.7min
[06:56:52] LAUNCH b5_m64_a0p001                              pid=2781215 slot=3/4 queue=39
[06:56:52] LAUNCH b5_m64_a0p003                              pid=2781216 slot=4/4 queue=38
[06:56:57] DONE   b5_m64_a0p0001                             rc=0 0.7min
[06:56:57] DONE   b5_m64_a0p0003                             rc=0 0.7min
[06:56:57] LAUNCH b5_m64_a0p01                               pid=2781234 slot=3/4 queue=37
[06:56:57] LAUNCH b5_m64_a0p03                               pid=2781235 slot=4/4 queue=36
[06:57:37] DONE   b5_m64_a0p001                              rc=0 0.8min
[06:57:37] DONE   b5_m64_a0p003                              rc=0 0.8min
[06:57:37] LAUNCH b5_m64_a0p1                                pid=2781342 slot=3/4 queue=35
[06:57:37] LAUNCH b5_m64_a0p3                                pid=2781343 slot=4/4 queue=34
[06:57:42] DONE   b5_m64_a0p01                               rc=0 0.8min
[06:57:42] DONE   b5_m64_a0p03                               rc=0 0.8min
[06:57:42] LAUNCH b5_m64_a1                                  pid=2781359 slot=3/4 queue=33
[06:57:42] LAUNCH b5_m64_a3                                  pid=2781360 slot=4/4 queue=32
[06:58:22] DONE   b5_m64_a0p1                                rc=0 0.8min
[06:58:22] DONE   b5_m64_a0p3                                rc=0 0.8min
[06:58:22] LAUNCH b5_m64_a10                                 pid=2781417 slot=3/4 queue=31
[06:58:22] LAUNCH b5_m64_a30                                 pid=2781418 slot=4/4 queue=30
[06:58:27] DONE   b5_m64_a1                                  rc=0 0.8min
[06:58:27] DONE   b5_m64_a3                                  rc=0 0.8min
[06:58:27] LAUNCH b5_m64_a100                                pid=2781434 slot=3/4 queue=29
[06:58:27] LAUNCH b5_m64_a300                                pid=2781435 slot=4/4 queue=28
[06:59:07] DONE   b5_m64_a10                                 rc=0 0.8min
[06:59:07] DONE   b5_m64_a30                                 rc=0 0.8min
[06:59:07] LAUNCH b5_m128_a0p0001                            pid=2781492 slot=3/4 queue=27
[06:59:07] LAUNCH b5_m128_a0p0003                            pid=2781493 slot=4/4 queue=26
[06:59:12] DONE   b5_m64_a100                                rc=0 0.8min
[06:59:12] DONE   b5_m64_a300                                rc=0 0.8min
[06:59:12] LAUNCH b5_m128_a0p001                             pid=2781560 slot=3/4 queue=25
[06:59:12] LAUNCH b5_m128_a0p003                             pid=2781561 slot=4/4 queue=24
[07:00:07] DONE   b5_m128_a0p0001                            rc=0 1.0min
[07:00:07] DONE   b5_m128_a0p0003                            rc=0 1.0min
[07:00:07] LAUNCH b5_m128_a0p01                              pid=2781729 slot=3/4 queue=23
[07:00:07] LAUNCH b5_m128_a0p03                              pid=2781730 slot=4/4 queue=22
[07:00:12] DONE   b5_m128_a0p001                             rc=0 1.0min
[07:00:12] DONE   b5_m128_a0p003                             rc=0 1.0min
[07:00:12] LAUNCH b5_m128_a0p1                               pid=2781752 slot=3/4 queue=21
[07:00:12] LAUNCH b5_m128_a0p3                               pid=2781753 slot=4/4 queue=20
[07:01:07] DONE   b5_m128_a0p01                              rc=0 1.0min
[07:01:07] DONE   b5_m128_a0p03                              rc=0 1.0min
[07:01:07] LAUNCH b5_m128_a1                                 pid=2781839 slot=3/4 queue=19
[07:01:07] LAUNCH b5_m128_a3                                 pid=2781840 slot=4/4 queue=18
[07:01:12] DONE   b5_m128_a0p1                               rc=0 1.0min
[07:01:12] DONE   b5_m128_a0p3                               rc=0 1.0min
[07:01:12] LAUNCH b5_m128_a10                                pid=2782339 slot=3/4 queue=17
[07:01:12] LAUNCH b5_m128_a30                                pid=2782340 slot=4/4 queue=16
[07:02:07] DONE   b5_m128_a1                                 rc=0 1.0min
[07:02:07] DONE   b5_m128_a3                                 rc=0 1.0min
[07:02:07] LAUNCH b5_m128_a100                               pid=2783278 slot=3/4 queue=15
[07:02:07] LAUNCH b5_m128_a300                               pid=2783279 slot=4/4 queue=14
[07:02:12] DONE   b5_m128_a10                                rc=0 1.0min
[07:02:12] DONE   b5_m128_a30                                rc=0 1.0min
[07:02:12] LAUNCH b5_m256_a0p0001                            pid=2783330 slot=3/4 queue=13
[07:02:12] LAUNCH b5_m256_a0p0003                            pid=2783331 slot=4/4 queue=12
[07:03:02] DONE   b5_m128_a100                               rc=0 0.9min
[07:03:02] DONE   b5_m128_a300                               rc=0 0.9min
[07:03:02] LAUNCH b5_m256_a0p001                             pid=2783809 slot=3/4 queue=11
[07:03:02] LAUNCH b5_m256_a0p003                             pid=2783810 slot=4/4 queue=10
[07:03:32] DONE   b5_m256_a0p0001                            rc=0 1.3min
[07:03:32] DONE   b5_m256_a0p0003                            rc=0 1.3min
[07:03:32] LAUNCH b5_m256_a0p01                              pid=2785297 slot=3/4 queue=9
[07:03:32] LAUNCH b5_m256_a0p03                              pid=2785298 slot=4/4 queue=8
[07:04:22] DONE   b5_m256_a0p001                             rc=0 1.3min
[07:04:22] DONE   b5_m256_a0p003                             rc=0 1.3min
[07:04:22] LAUNCH b5_m256_a0p1                               pid=2785506 slot=3/4 queue=7
[07:04:22] LAUNCH b5_m256_a0p3                               pid=2785507 slot=4/4 queue=6
[07:04:52] DONE   b5_m256_a0p01                              rc=0 1.3min
[07:04:52] DONE   b5_m256_a0p03                              rc=0 1.3min
[07:04:52] LAUNCH b5_m256_a1                                 pid=2785676 slot=3/4 queue=5
[07:04:52] LAUNCH b5_m256_a3                                 pid=2785677 slot=4/4 queue=4
[07:05:42] DONE   b5_m256_a0p1                               rc=0 1.3min
[07:05:42] DONE   b5_m256_a0p3                               rc=0 1.3min
[07:05:42] LAUNCH b5_m256_a10                                pid=2787171 slot=3/4 queue=3
[07:05:42] LAUNCH b5_m256_a30                                pid=2787172 slot=4/4 queue=2
[07:06:12] DONE   b5_m256_a1                                 rc=0 1.3min
[07:06:12] DONE   b5_m256_a3                                 rc=0 1.3min
[07:06:12] LAUNCH b5_m256_a100                               pid=2787310 slot=3/4 queue=1
[07:06:12] LAUNCH b5_m256_a300                               pid=2787311 slot=4/4 queue=0
[07:07:02] DONE   b5_m256_a10                                rc=0 1.3min
[07:07:02] DONE   b5_m256_a30                                rc=0 1.3min
[07:07:22] DONE   b5_m256_a100                               rc=0 1.2min
[07:07:22] DONE   b5_m256_a300                               rc=0 1.2min
[07:07:22] runner FINISHED: 56/56 ok
