[06:50:59] runner start: 56 jobs, 4 slots
[06:50:59] resume: 0 already done, 56 to run
[06:50:59] LAUNCH bcap_m32_a0p0001                           pid=2779078 slot=1/4 queue=55
[06:50:59] LAUNCH bcap_m32_a0p0003                           pid=2779079 slot=2/4 queue=54
[06:50:59] LAUNCH bcap_m32_a0p001                            pid=2779080 slot=3/4 queue=53
[06:50:59] LAUNCH bcap_m32_a0p003                            pid=2779081 slot=4/4 queue=52
[06:51:14] DONE   bcap_m32_a0p0001                           rc=0 0.3min
[06:51:14] DONE   bcap_m32_a0p0003                           rc=0 0.3min
[06:51:14] DONE   bcap_m32_a0p001                            rc=0 0.3min
[06:51:14] DONE   bcap_m32_a0p003                            rc=0 0.3min
[06:51:14] LAUNCH bcap_m32_a0p01                             pid=2779198 slot=1/4 queue=51
[06:51:14] LAUNCH bcap_m32_a0p03                             pid=2779199 slot=2/4 queue=50
[06:51:14] LAUNCH bcap_m32_a0p1                              pid=2779200 slot=3/4 queue=49
[06:51:14] LAUNCH bcap_m32_a0p3                              pid=2779201 slot=4/4 queue=48
[06:51:29] DONE   bcap_m32_a0p01                             rc=0 0.3min
[06:51:29] DONE   bcap_m32_a0p03                             rc=0 0.3min
[06:51:29] DONE   bcap_m32_a0p1                              rc=0 0.3min
[06:51:29] DONE   bcap_m32_a0p3                              rc=0 0.3min
[06:51:29] LAUNCH bcap_m32_a1                                pid=2779295 slot=1/4 queue=47
[06:51:29] LAUNCH bcap_m32_a3                                pid=2779296 slot=2/4 queue=46
[06:51:29] LAUNCH bcap_m32_a10                               pid=2779297 slot=3/4 queue=45
[06:51:29] LAUNCH bcap_m32_a30                               pid=2779298 slot=4/4 queue=44
[06:51:44] DONE   bcap_m32_a1                                rc=0 0.3min
[06:51:44] DONE   bcap_m32_a3                                rc=0 0.3min
[06:51:44] DONE   bcap_m32_a10                               rc=0 0.3min
[06:51:44] DONE   bcap_m32_a30                               rc=0 0.3min
[06:51:44] LAUNCH bcap_m32_a100                              pid=2779433 slot=1/4 queue=43
[06:51:44] LAUNCH bcap_m32_a300                              pid=2779434 slot=2/4 queue=42
[06:51:44] LAUNCH bcap_m64_a0p0001                           pid=2779435 slot=3/4 queue=41
[06:51:44] LAUNCH bcap_m64_a0p0003                           pid=2779436 slot=4/4 queue=40
[06:51:59] DONE   bcap_m32_a100                              rc=0 0.3min
[06:51:59] DONE   bcap_m32_a300                              rc=0 0.3min
[06:51:59] DONE   bcap_m64_a0p0001                           rc=0 0.3min
[06:51:59] DONE   bcap_m64_a0p0003                           rc=0 0.3min
[06:51:59] LAUNCH bcap_m64_a0p001                            pid=2779564 slot=1/4 queue=39
[06:51:59] LAUNCH bcap_m64_a0p003                            pid=2779565 slot=2/4 queue=38
[06:51:59] LAUNCH bcap_m64_a0p01                             pid=2779566 slot=3/4 queue=37
[06:51:59] LAUNCH bcap_m64_a0p03                             pid=2779567 slot=4/4 queue=36
[06:52:14] DONE   bcap_m64_a0p001                            rc=0 0.3min
[06:52:14] DONE   bcap_m64_a0p003                            rc=0 0.3min
[06:52:14] DONE   bcap_m64_a0p01                             rc=0 0.3min
[06:52:14] DONE   bcap_m64_a0p03                             rc=0 0.3min
[06:52:14] LAUNCH bcap_m64_a0p1                              pid=2779682 slot=1/4 queue=35
[06:52:14] LAUNCH bcap_m64_a0p3                              pid=2779683 slot=2/4 queue=34
[06:52:14] LAUNCH bcap_m64_a1                                pid=2779684 slot=3/4 queue=33
[06:52:14] LAUNCH bcap_m64_a3                                pid=2779685 slot=4/4 queue=32
[06:52:29] DONE   bcap_m64_a0p1                              rc=0 0.3min
[06:52:29] DONE   bcap_m64_a0p3                              rc=0 0.3min
[06:52:29] DONE   bcap_m64_a1                                rc=0 0.3min
[06:52:29] DONE   bcap_m64_a3                                rc=0 0.3min
[06:52:29] LAUNCH bcap_m64_a10                               pid=2780013 slot=1/4 queue=31
[06:52:29] LAUNCH bcap_m64_a30                               pid=2780014 slot=2/4 queue=30
[06:52:29] LAUNCH bcap_m64_a100                              pid=2780015 slot=3/4 queue=29
[06:52:29] LAUNCH bcap_m64_a300                              pid=2780016 slot=4/4 queue=28
[06:52:44] DONE   bcap_m64_a10                               rc=0 0.3min
[06:52:44] DONE   bcap_m64_a30                               rc=0 0.3min
[06:52:44] DONE   bcap_m64_a100                              rc=0 0.3min
[06:52:44] DONE   bcap_m64_a300                              rc=0 0.3min
[06:52:44] LAUNCH bcap_m128_a0p0001                          pid=2780264 slot=1/4 queue=27
[06:52:44] LAUNCH bcap_m128_a0p0003                          pid=2780265 slot=2/4 queue=26
[06:52:44] LAUNCH bcap_m128_a0p001                           pid=2780266 slot=3/4 queue=25
[06:52:44] LAUNCH bcap_m128_a0p003                           pid=2780267 slot=4/4 queue=24
[06:53:04] DONE   bcap_m128_a0p0001                          rc=0 0.3min
[06:53:04] DONE   bcap_m128_a0p0003                          rc=0 0.3min
[06:53:04] DONE   bcap_m128_a0p001                           rc=0 0.3min
[06:53:04] DONE   bcap_m128_a0p003                           rc=0 0.3min
[06:53:04] LAUNCH bcap_m128_a0p01                            pid=2780346 slot=1/4 queue=23
[06:53:04] LAUNCH bcap_m128_a0p03                            pid=2780347 slot=2/4 queue=22
[06:53:04] LAUNCH bcap_m128_a0p1                             pid=2780348 slot=3/4 queue=21
[06:53:04] LAUNCH bcap_m128_a0p3                             pid=2780349 slot=4/4 queue=20
[06:53:24] DONE   bcap_m128_a0p01                            rc=0 0.3min
[06:53:24] DONE   bcap_m128_a0p03                            rc=0 0.3min
[06:53:24] DONE   bcap_m128_a0p1                             rc=0 0.3min
[06:53:24] DONE   bcap_m128_a0p3                             rc=0 0.3min
[06:53:24] LAUNCH bcap_m128_a1                               pid=2780490 slot=1/4 queue=19
[06:53:24] LAUNCH bcap_m128_a3                               pid=2780491 slot=2/4 queue=18
[06:53:24] LAUNCH bcap_m128_a10                              pid=2780492 slot=3/4 queue=17
[06:53:24] LAUNCH bcap_m128_a30                              pid=2780493 slot=4/4 queue=16
[06:53:44] DONE   bcap_m128_a1                               rc=0 0.3min
[06:53:44] DONE   bcap_m128_a3                               rc=0 0.3min
[06:53:44] DONE   bcap_m128_a10                              rc=0 0.3min
[06:53:44] DONE   bcap_m128_a30                              rc=0 0.3min
[06:53:44] LAUNCH bcap_m128_a100                             pid=2780634 slot=1/4 queue=15
[06:53:44] LAUNCH bcap_m128_a300                             pid=2780635 slot=2/4 queue=14
[06:53:44] LAUNCH bcap_m256_a0p0001                          pid=2780636 slot=3/4 queue=13
[06:53:44] LAUNCH bcap_m256_a0p0003                          pid=2780637 slot=4/4 queue=12
[06:54:04] DONE   bcap_m128_a100                             rc=0 0.3min
[06:54:04] DONE   bcap_m128_a300                             rc=0 0.3min
[06:54:04] LAUNCH bcap_m256_a0p001                           pid=2780789 slot=3/4 queue=11
[06:54:04] LAUNCH bcap_m256_a0p003                           pid=2780790 slot=4/4 queue=10
[06:54:09] DONE   bcap_m256_a0p0001                          rc=0 0.4min
[06:54:09] DONE   bcap_m256_a0p0003                          rc=0 0.4min
[06:54:09] LAUNCH bcap_m256_a0p01                            pid=2780821 slot=3/4 queue=9
[06:54:09] LAUNCH bcap_m256_a0p03                            pid=2780822 slot=4/4 queue=8
[06:54:29] DONE   bcap_m256_a0p001                           rc=0 0.4min
[06:54:29] DONE   bcap_m256_a0p003                           rc=0 0.4min
[06:54:29] LAUNCH bcap_m256_a0p1                             pid=2780840 slot=3/4 queue=7
[06:54:29] LAUNCH bcap_m256_a0p3                             pid=2780841 slot=4/4 queue=6
[06:54:34] DONE   bcap_m256_a0p01                            rc=0 0.4min
[06:54:34] DONE   bcap_m256_a0p03                            rc=0 0.4min
[06:54:34] LAUNCH bcap_m256_a1                               pid=2780860 slot=3/4 queue=5
[06:54:34] LAUNCH bcap_m256_a3                               pid=2780861 slot=4/4 queue=4
[06:54:54] DONE   bcap_m256_a0p1                             rc=0 0.4min
[06:54:54] DONE   bcap_m256_a0p3                             rc=0 0.4min
[06:54:54] DONE   bcap_m256_a1                               rc=0 0.3min
[06:54:54] LAUNCH bcap_m256_a10                              pid=2780929 slot=2/4 queue=3
[06:54:54] LAUNCH bcap_m256_a30                              pid=2780930 slot=3/4 queue=2
[06:54:54] LAUNCH bcap_m256_a100                             pid=2780931 slot=4/4 queue=1
[06:54:59] DONE   bcap_m256_a3                               rc=0 0.4min
[06:54:59] LAUNCH bcap_m256_a300                             pid=2780952 slot=4/4 queue=0
[06:55:19] DONE   bcap_m256_a10                              rc=0 0.4min
[06:55:19] DONE   bcap_m256_a30                              rc=0 0.4min
[06:55:19] DONE   bcap_m256_a100                             rc=0 0.4min
[06:55:24] DONE   bcap_m256_a300                             rc=0 0.4min
[06:55:24] runner FINISHED: 56/56 ok
