[06:43:18] runner start: 27 jobs, 8 slots
[06:43:18] resume: 0 already done, 27 to run
[06:43:18] LAUNCH bscale_har_m16                             pid=3823097 slot=1/8 queue=26
[06:43:18] LAUNCH bscale_har_m24                             pid=3823098 slot=2/8 queue=25
[06:43:18] LAUNCH bscale_har_m32                             pid=3823099 slot=3/8 queue=24
[06:43:18] LAUNCH bscale_har_m48                             pid=3823100 slot=4/8 queue=23
[06:43:18] LAUNCH bscale_har_m64                             pid=3823101 slot=5/8 queue=22
[06:43:18] LAUNCH bscale_har_m96                             pid=3823102 slot=6/8 queue=21
[06:43:18] LAUNCH bscale_har_m128                            pid=3823103 slot=7/8 queue=20
[06:43:18] LAUNCH bscale_har_m192                            pid=3823104 slot=8/8 queue=19
[07:06:23] DONE   bscale_har_m16                             rc=0 23.1min
[07:06:23] DONE   bscale_har_m24                             rc=0 23.1min
[07:06:23] DONE   bscale_har_m32                             rc=0 23.1min
[07:06:23] DONE   bscale_har_m48                             rc=0 23.1min
[07:06:23] DONE   bscale_har_m64                             rc=0 23.1min
[07:06:23] DONE   bscale_har_m96                             rc=0 23.1min
[07:06:23] DONE   bscale_har_m192                            rc=0 23.1min
[07:06:23] LAUNCH bscale_har_m256                            pid=3852143 slot=2/8 queue=18
[07:06:23] LAUNCH bscale_battery_m16                         pid=3852144 slot=3/8 queue=17
[07:06:23] LAUNCH bscale_battery_m24                         pid=3852145 slot=4/8 queue=16
[07:06:23] LAUNCH bscale_battery_m32                         pid=3852146 slot=5/8 queue=15
[07:06:23] LAUNCH bscale_battery_m48                         pid=3852147 slot=6/8 queue=14
[07:06:23] LAUNCH bscale_battery_m64                         pid=3852148 slot=7/8 queue=13
[07:06:23] LAUNCH bscale_battery_m96                         pid=3852149 slot=8/8 queue=12
[07:08:38] DONE   bscale_har_m128                            rc=0 25.3min
[07:08:38] LAUNCH bscale_battery_m128                        pid=3854974 slot=8/8 queue=11
[07:12:13] DONE   bscale_battery_m16                         rc=0 5.8min
[07:12:13] DONE   bscale_battery_m24                         rc=0 5.8min
[07:12:13] DONE   bscale_battery_m32                         rc=0 5.8min
[07:12:13] DONE   bscale_battery_m48                         rc=0 5.8min
[07:12:13] DONE   bscale_battery_m64                         rc=0 5.8min
[07:12:13] DONE   bscale_battery_m96                         rc=0 5.8min
[07:12:13] LAUNCH bscale_battery_m192                        pid=3856117 slot=3/8 queue=10
[07:12:13] LAUNCH bscale_battery_m256                        pid=3856118 slot=4/8 queue=9
[07:12:13] LAUNCH bscale_radioml_m16                         pid=3856119 slot=5/8 queue=8
[07:12:13] LAUNCH bscale_radioml_m24                         pid=3856120 slot=6/8 queue=7
[07:12:13] LAUNCH bscale_radioml_m32                         pid=3856121 slot=7/8 queue=6
[07:12:13] LAUNCH bscale_radioml_m48                         pid=3856122 slot=8/8 queue=5
[07:14:33] DONE   bscale_battery_m128                        rc=0 5.9min
[07:14:33] LAUNCH bscale_radioml_m64                         pid=3860859 slot=8/8 queue=4
[07:18:23] DONE   bscale_battery_m192                        rc=0 6.2min
[07:18:23] LAUNCH bscale_radioml_m96                         pid=3870221 slot=8/8 queue=3
[07:21:13] DONE   bscale_battery_m256                        rc=0 9.0min
[07:21:13] LAUNCH bscale_radioml_m128                        pid=3875582 slot=8/8 queue=2
[07:39:38] DONE   bscale_har_m256                            rc=0 33.3min
[07:39:38] LAUNCH bscale_radioml_m192                        pid=3905076 slot=8/8 queue=1
