[15:31:52] runner start: 60 jobs, 18 slots
[15:31:52] resume: 0 already done, 60 to run
[15:31:52] LAUNCH MATR_main_s0                               pid=3438919 slot=1/18 queue=59
[15:31:52] LAUNCH NASA_main_s0                               pid=3438920 slot=2/18 queue=58
[15:31:52] LAUNCH MATR_toxvar_s0                             pid=3438921 slot=3/18 queue=57
[15:31:52] LAUNCH NASA_toxvar_s0                             pid=3438922 slot=4/18 queue=56
[15:31:52] LAUNCH MATR_nocens_s0                             pid=3438923 slot=5/18 queue=55
[15:31:52] LAUNCH HUST_main_s0                               pid=3438924 slot=6/18 queue=54
[15:31:52] LAUNCH MATR_wterm_rate_s0                         pid=3438925 slot=7/18 queue=53
[15:31:52] LAUNCH MATR_wterm_temp_s0                         pid=3438926 slot=8/18 queue=52
[15:31:52] LAUNCH MATR_wterm_degrad_s0                       pid=3438927 slot=9/18 queue=51
[15:31:52] LAUNCH MATR_gamma0.5_s0                           pid=3438928 slot=10/18 queue=50
[15:31:52] LAUNCH MATR_gamma2.0_s0                           pid=3438929 slot=11/18 queue=49
[15:31:52] LAUNCH MATR_main_s1                               pid=3438930 slot=12/18 queue=48
[15:31:52] LAUNCH NASA_main_s1                               pid=3438931 slot=13/18 queue=47
[15:31:52] LAUNCH MATR_toxvar_s1                             pid=3438932 slot=14/18 queue=46
[15:31:52] LAUNCH NASA_toxvar_s1                             pid=3438934 slot=15/18 queue=45
[15:31:52] LAUNCH MATR_nocens_s1                             pid=3438937 slot=16/18 queue=44
[15:31:52] LAUNCH HUST_main_s1                               pid=3438939 slot=17/18 queue=43
[15:31:52] LAUNCH MATR_wterm_rate_s1                         pid=3438940 slot=18/18 queue=42
[16:23:27] DONE   NASA_toxvar_s1                             rc=0 51.6min
[16:23:27] LAUNCH MATR_wterm_temp_s1                         pid=3448159 slot=18/18 queue=41
[16:23:47] DONE   NASA_toxvar_s0                             rc=0 51.9min
[16:23:47] LAUNCH MATR_wterm_degrad_s1                       pid=3448186 slot=18/18 queue=40
[16:25:52] DONE   NASA_main_s0                               rc=0 54.0min
[16:25:52] LAUNCH MATR_gamma0.5_s1                           pid=3448343 slot=18/18 queue=39
[16:26:07] DONE   NASA_main_s1                               rc=0 54.3min
[16:26:07] LAUNCH MATR_gamma2.0_s1                           pid=3448374 slot=18/18 queue=38
[18:31:53] TIMEOUT MATR_main_s0 (>10800s), killing
[18:31:53] FAIL   MATR_main_s0                               rc=-9 try=1 -> requeue
[18:31:53] TIMEOUT MATR_toxvar_s0 (>10800s), killing
[18:31:53] FAIL   MATR_toxvar_s0                             rc=-9 try=1 -> requeue
[18:31:53] TIMEOUT MATR_nocens_s0 (>10800s), killing
[18:31:53] FAIL   MATR_nocens_s0                             rc=-9 try=1 -> requeue
[18:31:53] TIMEOUT HUST_main_s0 (>10800s), killing
[18:31:53] FAIL   HUST_main_s0                               rc=-9 try=1 -> requeue
[18:31:53] TIMEOUT MATR_wterm_rate_s0 (>10800s), killing
[18:31:53] FAIL   MATR_wterm_rate_s0                         rc=-9 try=1 -> requeue
[18:31:53] TIMEOUT MATR_wterm_temp_s0 (>10800s), killing
[18:31:53] FAIL   MATR_wterm_temp_s0                         rc=-9 try=1 -> requeue
[18:31:53] TIMEOUT MATR_wterm_degrad_s0 (>10800s), killing
[18:31:53] FAIL   MATR_wterm_degrad_s0                       rc=-9 try=1 -> requeue
[18:31:53] TIMEOUT MATR_gamma0.5_s0 (>10800s), killing
[18:31:53] FAIL   MATR_gamma0.5_s0                           rc=-9 try=1 -> requeue
[18:31:53] TIMEOUT MATR_gamma2.0_s0 (>10800s), killing
[18:31:53] FAIL   MATR_gamma2.0_s0                           rc=-9 try=1 -> requeue
[18:31:53] TIMEOUT MATR_main_s1 (>10800s), killing
[18:31:53] FAIL   MATR_main_s1                               rc=-9 try=1 -> requeue
[18:31:53] TIMEOUT MATR_toxvar_s1 (>10800s), killing
[18:31:53] FAIL   MATR_toxvar_s1                             rc=-9 try=1 -> requeue
[18:31:53] TIMEOUT MATR_nocens_s1 (>10800s), killing
[18:31:53] FAIL   MATR_nocens_s1                             rc=-9 try=1 -> requeue
[18:31:53] TIMEOUT HUST_main_s1 (>10800s), killing
[18:31:53] FAIL   HUST_main_s1                               rc=-9 try=1 -> requeue
[18:31:53] TIMEOUT MATR_wterm_rate_s1 (>10800s), killing
[18:31:53] FAIL   MATR_wterm_rate_s1                         rc=-9 try=1 -> requeue
[18:31:53] LAUNCH MATR_main_s2                               pid=3466747 slot=5/18 queue=51
[18:31:53] LAUNCH NASA_main_s2                               pid=3466748 slot=6/18 queue=50
[18:31:53] LAUNCH MATR_toxvar_s2                             pid=3466749 slot=7/18 queue=49
[18:31:53] LAUNCH NASA_toxvar_s2                             pid=3466750 slot=8/18 queue=48
[18:31:53] LAUNCH MATR_nocens_s2                             pid=3466751 slot=9/18 queue=47
[18:31:53] LAUNCH HUST_main_s2                               pid=3466752 slot=10/18 queue=46
[18:31:53] LAUNCH MATR_wterm_rate_s2                         pid=3466753 slot=11/18 queue=45
[18:31:53] LAUNCH MATR_wterm_temp_s2                         pid=3466754 slot=12/18 queue=44
[18:31:53] LAUNCH MATR_wterm_degrad_s2                       pid=3466755 slot=13/18 queue=43
[18:31:53] LAUNCH MATR_gamma0.5_s2                           pid=3466756 slot=14/18 queue=42
[18:31:53] LAUNCH MATR_gamma2.0_s2                           pid=3466760 slot=15/18 queue=41
[18:31:53] LAUNCH MATR_main_s3                               pid=3466765 slot=16/18 queue=40
[18:31:53] LAUNCH NASA_main_s3                               pid=3466768 slot=17/18 queue=39
[18:31:53] LAUNCH MATR_toxvar_s3                             pid=3466769 slot=18/18 queue=38
[19:23:28] TIMEOUT MATR_wterm_temp_s1 (>10800s), killing
[19:23:28] FAIL   MATR_wterm_temp_s1                         rc=-9 try=1 -> requeue
[19:23:28] LAUNCH NASA_toxvar_s3                             pid=3477503 slot=18/18 queue=38
[19:23:48] TIMEOUT MATR_wterm_degrad_s1 (>10800s), killing
[19:23:48] FAIL   MATR_wterm_degrad_s1                       rc=-9 try=1 -> requeue
[19:23:48] LAUNCH MATR_nocens_s3                             pid=3477529 slot=18/18 queue=38
[19:25:03] DONE   NASA_toxvar_s2                             rc=0 53.2min
[19:25:03] LAUNCH HUST_main_s3                               pid=3477617 slot=18/18 queue=37
[19:25:53] TIMEOUT MATR_gamma0.5_s1 (>10800s), killing
[19:25:53] FAIL   MATR_gamma0.5_s1                           rc=-9 try=1 -> requeue
[19:25:53] LAUNCH MATR_wterm_rate_s3                         pid=3477685 slot=18/18 queue=37
[19:26:03] DONE   NASA_main_s2                               rc=0 54.2min
[19:26:03] LAUNCH MATR_wterm_temp_s3                         pid=3477734 slot=18/18 queue=36
[19:26:08] TIMEOUT MATR_gamma2.0_s1 (>10800s), killing
[19:26:08] FAIL   MATR_gamma2.0_s1                           rc=-9 try=1 -> requeue
[19:26:08] LAUNCH MATR_wterm_degrad_s3                       pid=3477743 slot=18/18 queue=36
[19:26:18] DONE   NASA_main_s3                               rc=0 54.4min
[19:26:18] LAUNCH MATR_gamma0.5_s3                           pid=3477770 slot=18/18 queue=35
[20:17:53] DONE   NASA_toxvar_s3                             rc=0 54.4min
[20:17:53] LAUNCH MATR_gamma2.0_s3                           pid=3486322 slot=18/18 queue=34
[21:31:53] TIMEOUT MATR_main_s2 (>10800s), killing
[21:31:53] FAIL   MATR_main_s2                               rc=-9 try=1 -> requeue
[21:31:53] TIMEOUT MATR_toxvar_s2 (>10800s), killing
[21:31:53] FAIL   MATR_toxvar_s2                             rc=-9 try=1 -> requeue
[21:31:53] TIMEOUT MATR_nocens_s2 (>10800s), killing
[21:31:53] FAIL   MATR_nocens_s2                             rc=-9 try=1 -> requeue
[21:31:53] TIMEOUT HUST_main_s2 (>10800s), killing
[21:31:53] FAIL   HUST_main_s2                               rc=-9 try=1 -> requeue
[21:31:53] TIMEOUT MATR_wterm_rate_s2 (>10800s), killing
[21:31:53] FAIL   MATR_wterm_rate_s2                         rc=-9 try=1 -> requeue
[21:31:53] TIMEOUT MATR_wterm_temp_s2 (>10800s), killing
[21:31:53] FAIL   MATR_wterm_temp_s2                         rc=-9 try=1 -> requeue
[21:31:53] TIMEOUT MATR_wterm_degrad_s2 (>10800s), killing
[21:31:53] FAIL   MATR_wterm_degrad_s2                       rc=-9 try=1 -> requeue
[21:31:53] TIMEOUT MATR_gamma0.5_s2 (>10800s), killing
[21:31:53] FAIL   MATR_gamma0.5_s2                           rc=-9 try=1 -> requeue
[21:31:53] TIMEOUT MATR_gamma2.0_s2 (>10800s), killing
[21:31:53] FAIL   MATR_gamma2.0_s2                           rc=-9 try=1 -> requeue
[21:31:53] TIMEOUT MATR_main_s3 (>10800s), killing
[21:31:53] FAIL   MATR_main_s3                               rc=-9 try=1 -> requeue
[21:31:53] TIMEOUT MATR_toxvar_s3 (>10800s), killing
[21:31:53] FAIL   MATR_toxvar_s3                             rc=-9 try=1 -> requeue
[21:31:53] LAUNCH E2a_MATR_sum_s0                            pid=3496234 slot=8/18 queue=44
[21:31:53] LAUNCH E2a_MATR_sum_s1                            pid=3496235 slot=9/18 queue=43
[21:31:53] LAUNCH E2a_MATR_pcgrad_s0                         pid=3496236 slot=10/18 queue=42
[21:31:53] LAUNCH E2a_MATR_pcgrad_s1                         pid=3496237 slot=11/18 queue=41
[21:31:53] LAUNCH E2a_MATR_famo_s0                           pid=3496238 slot=12/18 queue=40
[21:31:53] LAUNCH E2a_MATR_famo_s1                           pid=3496239 slot=13/18 queue=39
[21:31:53] LAUNCH E2a_MATR_cagrad_s0                         pid=3496240 slot=14/18 queue=38
[21:31:53] LAUNCH E2a_MATR_cagrad_s1                         pid=3496241 slot=15/18 queue=37
[21:31:53] LAUNCH E2a_NASA_sum_s0                            pid=3496242 slot=16/18 queue=36
[21:31:53] LAUNCH E2a_NASA_sum_s1                            pid=3496244 slot=17/18 queue=35
[21:31:53] LAUNCH E2a_NASA_pcgrad_s0                         pid=3496247 slot=18/18 queue=34
[22:23:48] TIMEOUT MATR_nocens_s3 (>10800s), killing
[22:23:48] FAIL   MATR_nocens_s3                             rc=-9 try=1 -> requeue
[22:23:48] LAUNCH E2a_NASA_pcgrad_s1                         pid=3504851 slot=18/18 queue=34
[22:25:03] TIMEOUT HUST_main_s3 (>10800s), killing
[22:25:03] FAIL   HUST_main_s3                               rc=-9 try=1 -> requeue
[22:25:03] LAUNCH E2a_NASA_famo_s0                           pid=3504961 slot=18/18 queue=34
[22:25:54] TIMEOUT MATR_wterm_rate_s3 (>10800s), killing
[22:25:54] FAIL   MATR_wterm_rate_s3                         rc=-9 try=1 -> requeue
[22:25:54] LAUNCH E2a_NASA_famo_s1                           pid=3505028 slot=18/18 queue=34
[22:26:04] TIMEOUT MATR_wterm_temp_s3 (>10800s), killing
[22:26:04] FAIL   MATR_wterm_temp_s3                         rc=-9 try=1 -> requeue
[22:26:04] LAUNCH E2a_NASA_cagrad_s0                         pid=3505054 slot=18/18 queue=34
[22:26:09] TIMEOUT MATR_wterm_degrad_s3 (>10800s), killing
[22:26:09] FAIL   MATR_wterm_degrad_s3                       rc=-9 try=1 -> requeue
[22:26:09] LAUNCH E2a_NASA_cagrad_s1                         pid=3505063 slot=18/18 queue=34
[22:26:19] TIMEOUT MATR_gamma0.5_s3 (>10800s), killing
[22:26:19] FAIL   MATR_gamma0.5_s3                           rc=-9 try=1 -> requeue
[22:26:19] LAUNCH MATR_main_s0                               pid=3505072 slot=18/18 queue=34
[22:30:49] DONE   E2a_NASA_sum_s0                            rc=0 58.9min
[22:30:49] DONE   E2a_NASA_sum_s1                            rc=0 58.9min
[22:30:49] LAUNCH MATR_toxvar_s0                             pid=3505375 slot=17/18 queue=33
[22:30:49] LAUNCH MATR_nocens_s0                             pid=3505376 slot=18/18 queue=32
