[22:59:49] runner start: 54 jobs, 6 slots
[22:59:49] resume: 0 already done, 54 to run
[22:59:49] LAUNCH MATR_main_s0                               pid=3510151 slot=1/6 queue=53
[22:59:49] LAUNCH MATR_toxvar_s0                             pid=3510152 slot=2/6 queue=52
[22:59:49] LAUNCH MATR_nocens_s0                             pid=3510153 slot=3/6 queue=51
[22:59:49] LAUNCH HUST_main_s0                               pid=3510154 slot=4/6 queue=50
[22:59:49] LAUNCH MATR_wterm_rate_s0                         pid=3510155 slot=5/6 queue=49
[22:59:49] LAUNCH MATR_wterm_temp_s0                         pid=3510156 slot=6/6 queue=48
[00:32:04] DONE   MATR_main_s0                               rc=0 92.3min
[00:32:04] LAUNCH MATR_wterm_degrad_s0                       pid=3527354 slot=6/6 queue=47
[00:32:29] DONE   MATR_toxvar_s0                             rc=0 92.7min
[00:32:29] DONE   MATR_nocens_s0                             rc=0 92.7min
[00:32:29] DONE   MATR_wterm_rate_s0                         rc=0 92.7min
[00:32:29] LAUNCH MATR_gamma0.5_s0                           pid=3527388 slot=4/6 queue=46
[00:32:29] LAUNCH MATR_gamma2.0_s0                           pid=3527389 slot=5/6 queue=45
[00:32:29] LAUNCH MATR_main_s1                               pid=3527390 slot=6/6 queue=44
[00:32:34] DONE   MATR_wterm_temp_s0                         rc=0 92.8min
[00:32:34] LAUNCH MATR_toxvar_s1                             pid=3527406 slot=6/6 queue=43
[02:05:09] DONE   MATR_wterm_degrad_s0                       rc=0 93.1min
[02:05:09] LAUNCH MATR_nocens_s1                             pid=3541860 slot=6/6 queue=42
[02:05:34] DONE   MATR_gamma2.0_s0                           rc=0 93.1min
[02:05:34] DONE   MATR_main_s1                               rc=0 93.1min
[02:05:34] LAUNCH HUST_main_s1                               pid=3541897 slot=5/6 queue=41
[02:05:34] LAUNCH MATR_wterm_rate_s1                         pid=3541898 slot=6/6 queue=40
[02:05:44] DONE   MATR_gamma0.5_s0                           rc=0 93.3min
[02:05:44] LAUNCH MATR_wterm_temp_s1                         pid=3541911 slot=6/6 queue=39
[02:05:49] DONE   MATR_toxvar_s1                             rc=0 93.3min
[02:05:49] LAUNCH MATR_wterm_degrad_s1                       pid=3541922 slot=6/6 queue=38
[02:12:44] DONE   HUST_main_s0                               rc=0 192.9min
[02:12:44] LAUNCH MATR_gamma0.5_s1                           pid=3542332 slot=6/6 queue=37
[03:38:04] DONE   MATR_nocens_s1                             rc=0 92.9min
[03:38:04] LAUNCH MATR_gamma2.0_s1                           pid=3556766 slot=6/6 queue=36
[03:38:34] DONE   MATR_wterm_rate_s1                         rc=0 93.0min
[03:38:34] LAUNCH MATR_main_s2                               pid=3558200 slot=6/6 queue=35
[03:38:49] DONE   MATR_wterm_temp_s1                         rc=0 93.1min
[03:38:49] LAUNCH MATR_toxvar_s2                             pid=3558220 slot=6/6 queue=34
[03:38:59] DONE   MATR_wterm_degrad_s1                       rc=0 93.2min
[03:38:59] LAUNCH MATR_nocens_s2                             pid=3558243 slot=6/6 queue=33
[03:45:49] DONE   MATR_gamma0.5_s1                           rc=0 93.1min
[03:45:49] LAUNCH HUST_main_s2                               pid=3558736 slot=6/6 queue=32
[05:15:54] DONE   MATR_gamma2.0_s1                           rc=0 97.8min
[05:15:54] LAUNCH MATR_wterm_rate_s2                         pid=3572581 slot=6/6 queue=31
[05:16:24] DONE   MATR_main_s2                               rc=0 97.8min
[05:16:24] LAUNCH MATR_wterm_temp_s2                         pid=3572619 slot=6/6 queue=30
[05:16:49] DONE   MATR_toxvar_s2                             rc=0 98.0min
[05:16:49] DONE   MATR_nocens_s2                             rc=0 97.8min
[05:16:49] LAUNCH MATR_wterm_degrad_s2                       pid=3572647 slot=5/6 queue=29
[05:16:49] LAUNCH MATR_gamma0.5_s2                           pid=3572648 slot=6/6 queue=28
[05:19:55] DONE   HUST_main_s1                               rc=0 194.3min
[05:19:55] LAUNCH MATR_gamma2.0_s2                           pid=3573626 slot=6/6 queue=27
[06:49:20] DONE   MATR_wterm_rate_s2                         rc=0 93.4min
[06:49:20] LAUNCH MATR_main_s3                               pid=3589933 slot=6/6 queue=26
[06:49:45] DONE   MATR_wterm_temp_s2                         rc=0 93.3min
[06:49:45] LAUNCH MATR_toxvar_s3                             pid=3589961 slot=6/6 queue=25
[06:50:15] DONE   MATR_gamma0.5_s2                           rc=0 93.4min
[06:50:15] LAUNCH MATR_nocens_s3                             pid=3590197 slot=6/6 queue=24
[06:50:30] DONE   MATR_wterm_degrad_s2                       rc=0 93.7min
[06:50:30] LAUNCH HUST_main_s3                               pid=3590222 slot=6/6 queue=23
[06:53:15] DONE   MATR_gamma2.0_s2                           rc=0 93.3min
[06:53:15] LAUNCH MATR_wterm_rate_s3                         pid=3590339 slot=6/6 queue=22
[06:58:45] DONE   HUST_main_s2                               rc=0 192.9min
[06:58:45] LAUNCH MATR_wterm_temp_s3                         pid=3590634 slot=6/6 queue=21
[08:30:40] DONE   MATR_main_s3                               rc=0 101.3min
[08:30:40] LAUNCH MATR_wterm_degrad_s3                       pid=3612809 slot=6/6 queue=20
[08:30:55] DONE   MATR_toxvar_s3                             rc=0 101.2min
[08:30:55] LAUNCH MATR_gamma0.5_s3                           pid=3612821 slot=6/6 queue=19
[08:31:45] DONE   MATR_nocens_s3                             rc=0 101.5min
[08:31:45] LAUNCH MATR_gamma2.0_s3                           pid=3612884 slot=6/6 queue=18
[08:35:05] DONE   MATR_wterm_rate_s3                         rc=0 101.8min
[08:35:05] LAUNCH E2a_MATR_sum_s0                            pid=3615214 slot=6/6 queue=17
[08:41:15] DONE   MATR_wterm_temp_s3                         rc=0 102.5min
[08:41:15] LAUNCH E2a_MATR_sum_s1                            pid=3616576 slot=6/6 queue=16
[10:27:35] DONE   MATR_wterm_degrad_s3                       rc=0 116.9min
[10:27:35] LAUNCH E2a_MATR_pcgrad_s0                         pid=3633391 slot=6/6 queue=15
[10:27:55] DONE   MATR_gamma0.5_s3                           rc=0 117.0min
[10:27:55] LAUNCH E2a_MATR_pcgrad_s1                         pid=3633420 slot=6/6 queue=14
[10:28:00] DONE   HUST_main_s3                               rc=0 217.5min
[10:28:00] LAUNCH E2a_MATR_famo_s0                           pid=3633427 slot=6/6 queue=13
[10:28:50] DONE   MATR_gamma2.0_s3                           rc=0 117.1min
[10:28:50] LAUNCH E2a_MATR_famo_s1                           pid=3633473 slot=6/6 queue=12
[10:32:35] DONE   E2a_MATR_sum_s0                            rc=0 117.5min
[10:32:35] LAUNCH E2a_MATR_cagrad_s0                         pid=3633769 slot=6/6 queue=11
[10:39:00] DONE   E2a_MATR_sum_s1                            rc=0 117.8min
[10:39:00] LAUNCH E2a_MATR_cagrad_s1                         pid=3637241 slot=6/6 queue=10
[12:05:25] DONE   E2a_MATR_famo_s0                           rc=0 97.4min
[12:05:25] LAUNCH E2a_NASA_pcgrad_s0                         pid=3649606 slot=6/6 queue=9
[12:05:30] DONE   E2a_MATR_famo_s1                           rc=0 96.7min
[12:05:30] LAUNCH E2a_NASA_pcgrad_s1                         pid=3649615 slot=6/6 queue=8
[12:35:30] DONE   E2a_NASA_pcgrad_s1                         rc=0 30.0min
[12:35:30] LAUNCH E2a_NASA_famo_s0                           pid=3655418 slot=6/6 queue=7
[12:35:40] DONE   E2a_NASA_pcgrad_s0                         rc=0 30.3min
[12:35:40] LAUNCH E2a_NASA_famo_s1                           pid=3655435 slot=6/6 queue=6
[12:51:00] DONE   E2a_NASA_famo_s1                           rc=0 15.3min
[12:51:00] LAUNCH E2a_NASA_cagrad_s0                         pid=3660138 slot=6/6 queue=5
[12:51:50] DONE   E2a_NASA_famo_s0                           rc=0 16.3min
[12:51:50] LAUNCH E2a_NASA_cagrad_s1                         pid=3660266 slot=6/6 queue=4
[13:26:26] DONE   E2a_MATR_pcgrad_s1                         rc=0 178.5min
[13:26:26] LAUNCH MATR_eolonly_s0                            pid=3666518 slot=6/6 queue=3
[13:27:21] DONE   E2a_MATR_pcgrad_s0                         rc=0 179.8min
[13:27:21] LAUNCH MATR_eolonly_s1                            pid=3666554 slot=6/6 queue=2
[13:55:16] DONE   MATR_eolonly_s0                            rc=0 28.8min
[13:55:16] LAUNCH MATR_eolonly_s2                            pid=3672055 slot=6/6 queue=1
[13:56:11] DONE   MATR_eolonly_s1                            rc=0 28.8min
[13:56:11] LAUNCH MATR_eolonly_s3                            pid=3672119 slot=6/6 queue=0
[14:10:01] DONE   E2a_NASA_cagrad_s0                         rc=0 79.0min
[14:11:11] DONE   E2a_NASA_cagrad_s1                         rc=0 79.3min
[14:26:41] DONE   MATR_eolonly_s2                            rc=0 31.4min
[14:27:26] DONE   MATR_eolonly_s3                            rc=0 31.3min
[14:50:31] DONE   E2a_MATR_cagrad_s0                         rc=0 257.9min
[14:50:51] DONE   E2a_MATR_cagrad_s1                         rc=0 251.8min
[14:50:51] runner FINISHED: 54/54 ok
