[15:32:49] runner start: 24 jobs, 6 slots
[15:32:49] resume: 0 already done, 24 to run
[15:32:49] LAUNCH E2a_MATR_sum_s2                            pid=3690513 slot=1/6 queue=23
[15:32:49] LAUNCH E2a_MATR_sum_s3                            pid=3690514 slot=2/6 queue=22
[15:32:49] LAUNCH E2a_MATR_sum_s4                            pid=3690515 slot=3/6 queue=21
[15:32:49] LAUNCH E2a_MATR_pcgrad_s2                         pid=3690516 slot=4/6 queue=20
[15:32:49] LAUNCH E2a_MATR_pcgrad_s3                         pid=3690517 slot=5/6 queue=19
[15:32:49] LAUNCH E2a_MATR_pcgrad_s4                         pid=3690518 slot=6/6 queue=18
[16:58:33] runner start: 24 jobs, 5 slots
[16:58:33] resume: 0 already done, 24 to run
[16:58:33] LAUNCH E2a_MATR_sum_s2                            pid=3710234 slot=1/5 queue=23
[16:58:33] LAUNCH E2a_MATR_sum_s3                            pid=3710235 slot=2/5 queue=22
[16:58:33] LAUNCH E2a_MATR_sum_s4                            pid=3710236 slot=3/5 queue=21
[16:58:33] LAUNCH E2a_MATR_pcgrad_s2                         pid=3710237 slot=4/5 queue=20
[16:58:33] LAUNCH E2a_MATR_pcgrad_s3                         pid=3710238 slot=5/5 queue=19
[18:11:03] DONE   E2a_MATR_sum_s2                            rc=0 72.5min
[18:11:03] LAUNCH E2a_MATR_pcgrad_s4                         pid=3724002 slot=5/5 queue=18
[18:11:28] DONE   E2a_MATR_sum_s4                            rc=0 72.9min
[18:11:28] LAUNCH E2a_MATR_famo_s2                           pid=3724045 slot=5/5 queue=17
[18:11:33] DONE   E2a_MATR_sum_s3                            rc=0 73.0min
[18:11:33] LAUNCH E2a_MATR_famo_s3                           pid=3724052 slot=5/5 queue=16
[19:19:33] DONE   E2a_MATR_famo_s3                           rc=0 68.0min
[19:19:33] LAUNCH E2a_MATR_famo_s4                           pid=3735793 slot=5/5 queue=15
[19:19:38] DONE   E2a_MATR_famo_s2                           rc=0 68.2min
[19:19:38] LAUNCH E2a_MATR_cagrad_s2                         pid=3735805 slot=5/5 queue=14
[19:46:43] DONE   E2a_MATR_pcgrad_s2                         rc=0 168.2min
[19:46:43] LAUNCH E2a_MATR_cagrad_s3                         pid=3740253 slot=5/5 queue=13
[19:46:48] DONE   E2a_MATR_pcgrad_s3                         rc=0 168.3min
[19:46:48] LAUNCH E2a_MATR_cagrad_s4                         pid=3740265 slot=5/5 queue=12
[20:14:03] DONE   E2a_MATR_famo_s4                           rc=0 54.5min
[20:14:03] LAUNCH E2a_NASA_sum_s2                            pid=3744697 slot=5/5 queue=11
[20:19:38] DONE   E2a_NASA_sum_s2                            rc=0 5.6min
[20:19:38] LAUNCH E2a_NASA_sum_s3                            pid=3745004 slot=5/5 queue=10
[20:25:08] DONE   E2a_NASA_sum_s3                            rc=0 5.5min
[20:25:08] LAUNCH E2a_NASA_sum_s4                            pid=3745359 slot=5/5 queue=9
[20:31:13] DONE   E2a_NASA_sum_s4                            rc=0 6.1min
[20:31:13] LAUNCH E2a_NASA_pcgrad_s2                         pid=3745785 slot=5/5 queue=8
[20:42:44] DONE   E2a_MATR_pcgrad_s4                         rc=0 151.7min
[20:42:44] LAUNCH E2a_NASA_pcgrad_s3                         pid=3749162 slot=5/5 queue=7
[20:48:04] DONE   E2a_NASA_pcgrad_s2                         rc=0 16.8min
[20:48:04] LAUNCH E2a_NASA_pcgrad_s4                         pid=3749527 slot=5/5 queue=6
[20:57:14] DONE   E2a_NASA_pcgrad_s3                         rc=0 14.5min
[20:57:14] LAUNCH E2a_NASA_famo_s2                           pid=3750875 slot=5/5 queue=5
[21:03:24] DONE   E2a_NASA_famo_s2                           rc=0 6.2min
[21:03:24] LAUNCH E2a_NASA_famo_s3                           pid=3751299 slot=5/5 queue=4
[21:03:59] DONE   E2a_NASA_pcgrad_s4                         rc=0 15.9min
[21:03:59] LAUNCH E2a_NASA_famo_s4                           pid=3751473 slot=5/5 queue=3
[21:10:44] DONE   E2a_NASA_famo_s3                           rc=0 7.3min
[21:10:44] LAUNCH E2a_NASA_cagrad_s2                         pid=3752745 slot=5/5 queue=2
[21:11:14] DONE   E2a_NASA_famo_s4                           rc=0 7.3min
[21:11:14] LAUNCH E2a_NASA_cagrad_s3                         pid=3752778 slot=5/5 queue=1
[21:35:19] DONE   E2a_NASA_cagrad_s2                         rc=0 24.6min
[21:35:19] LAUNCH E2a_NASA_cagrad_s4                         pid=3756298 slot=5/5 queue=0
[21:35:54] DONE   E2a_NASA_cagrad_s3                         rc=0 24.7min
[21:51:49] DONE   E2a_MATR_cagrad_s2                         rc=0 152.2min
[22:03:49] DONE   E2a_MATR_cagrad_s3                         rc=0 137.1min
[22:03:54] DONE   E2a_MATR_cagrad_s4                         rc=0 137.1min
[22:04:19] DONE   E2a_NASA_cagrad_s4                         rc=0 29.0min
[22:04:19] runner FINISHED: 24/24 ok
