[12:47:36] runner start: 30 jobs, 8 slots
[12:47:36] resume: 0 already done, 30 to run
[12:47:36] LAUNCH E2aF_MATR_pcgrad_s0                        pid=2587159 slot=1/8 queue=29
[12:47:36] LAUNCH E2aF_MATR_pcgrad_s1                        pid=2587160 slot=2/8 queue=28
[12:47:36] LAUNCH E2aF_MATR_pcgrad_s2                        pid=2587161 slot=3/8 queue=27
[12:47:36] LAUNCH E2aF_MATR_pcgrad_s3                        pid=2587162 slot=4/8 queue=26
[12:47:36] LAUNCH E2aF_MATR_pcgrad_s4                        pid=2587163 slot=5/8 queue=25
[12:47:36] LAUNCH E2aF_MATR_cagrad_s0                        pid=2587164 slot=6/8 queue=24
[12:47:36] LAUNCH E2aF_MATR_cagrad_s1                        pid=2587165 slot=7/8 queue=23
[12:47:36] LAUNCH E2aF_MATR_cagrad_s2                        pid=2587166 slot=8/8 queue=22
[16:00:43] DONE   E2aF_MATR_pcgrad_s3                        rc=0 193.1min
[16:00:43] LAUNCH E2aF_MATR_cagrad_s3                        pid=2620751 slot=8/8 queue=21
[16:01:03] DONE   E2aF_MATR_pcgrad_s0                        rc=0 193.4min
[16:01:03] LAUNCH E2aF_MATR_cagrad_s4                        pid=2620773 slot=8/8 queue=20
[16:01:43] DONE   E2aF_MATR_pcgrad_s4                        rc=0 194.1min
[16:01:43] LAUNCH E2aF_MATR_famo_s0                          pid=2620834 slot=8/8 queue=19
[16:01:53] DONE   E2aF_MATR_cagrad_s2                        rc=0 194.3min
[16:01:53] LAUNCH E2aF_MATR_famo_s1                          pid=2621533 slot=8/8 queue=18
[16:01:58] DONE   E2aF_MATR_pcgrad_s1                        rc=0 194.4min
[16:01:58] DONE   E2aF_MATR_pcgrad_s2                        rc=0 194.4min
[16:01:58] DONE   E2aF_MATR_cagrad_s1                        rc=0 194.4min
[16:01:58] LAUNCH E2aF_MATR_famo_s2                          pid=2621767 slot=6/8 queue=17
[16:01:58] LAUNCH E2aF_MATR_famo_s3                          pid=2621768 slot=7/8 queue=16
[16:01:58] LAUNCH E2aF_MATR_famo_s4                          pid=2621769 slot=8/8 queue=15
[16:02:03] DONE   E2aF_MATR_cagrad_s0                        rc=0 194.5min
[16:02:03] LAUNCH E2aF_NASA_pcgrad_s0                        pid=2622125 slot=8/8 queue=14
[21:08:09] runner start: 30 jobs, 8 slots
[21:08:09] resume: 24 already done, 6 to run
[21:08:09] LAUNCH E2aF_MATR_famo_s0                          pid=2675663 slot=1/8 queue=5
[21:08:09] LAUNCH E2aF_MATR_famo_s1                          pid=2675664 slot=2/8 queue=4
[21:08:09] LAUNCH E2aF_MATR_famo_s2                          pid=2675665 slot=3/8 queue=3
[21:08:09] LAUNCH E2aF_MATR_famo_s3                          pid=2675666 slot=4/8 queue=2
[21:08:09] LAUNCH E2aF_MATR_famo_s4                          pid=2675667 slot=5/8 queue=1
[21:08:09] LAUNCH E2aF_NASA_famo_s0                          pid=2675668 slot=6/8 queue=0
[21:23:54] DONE   E2aF_NASA_famo_s0                          rc=0 15.8min
[22:28:24] DONE   E2aF_MATR_famo_s3                          rc=0 80.3min
[22:28:24] DONE   E2aF_MATR_famo_s4                          rc=0 80.3min
[22:28:29] DONE   E2aF_MATR_famo_s0                          rc=0 80.3min
[22:28:29] DONE   E2aF_MATR_famo_s1                          rc=0 80.3min
[22:28:29] DONE   E2aF_MATR_famo_s2                          rc=0 80.3min
[22:28:29] runner FINISHED: 30/30 ok
