[16:21:07] runner start: 30 jobs, 20 slots
[16:21:07] resume: 8 already done, 22 to run
[16:21:07] LAUNCH E2aF_MATR_cagrad_s3                        pid=2624445 slot=1/20 queue=21
[16:21:07] LAUNCH E2aF_MATR_cagrad_s4                        pid=2624446 slot=2/20 queue=20
[16:21:07] LAUNCH E2aF_MATR_famo_s0                          pid=2624447 slot=3/20 queue=19
[16:21:07] LAUNCH E2aF_MATR_famo_s1                          pid=2624448 slot=4/20 queue=18
[16:21:07] LAUNCH E2aF_MATR_famo_s2                          pid=2624449 slot=5/20 queue=17
[16:21:07] LAUNCH E2aF_MATR_famo_s3                          pid=2624450 slot=6/20 queue=16
[16:21:07] LAUNCH E2aF_MATR_famo_s4                          pid=2624451 slot=7/20 queue=15
[16:21:07] LAUNCH E2aF_NASA_pcgrad_s0                        pid=2624452 slot=8/20 queue=14
[16:21:07] LAUNCH E2aF_NASA_pcgrad_s1                        pid=2624453 slot=9/20 queue=13
[16:21:07] LAUNCH E2aF_NASA_pcgrad_s2                        pid=2624454 slot=10/20 queue=12
[16:21:07] LAUNCH E2aF_NASA_pcgrad_s3                        pid=2624455 slot=11/20 queue=11
[16:21:07] LAUNCH E2aF_NASA_pcgrad_s4                        pid=2624456 slot=12/20 queue=10
[16:21:07] LAUNCH E2aF_NASA_cagrad_s0                        pid=2624457 slot=13/20 queue=9
[16:21:07] LAUNCH E2aF_NASA_cagrad_s1                        pid=2624458 slot=14/20 queue=8
[16:21:07] LAUNCH E2aF_NASA_cagrad_s2                        pid=2624459 slot=15/20 queue=7
[16:21:07] LAUNCH E2aF_NASA_cagrad_s3                        pid=2624461 slot=16/20 queue=6
[16:21:07] LAUNCH E2aF_NASA_cagrad_s4                        pid=2624465 slot=17/20 queue=5
[16:21:07] LAUNCH E2aF_NASA_famo_s0                          pid=2624468 slot=18/20 queue=4
[16:21:07] LAUNCH E2aF_NASA_famo_s1                          pid=2624471 slot=19/20 queue=3
[16:21:07] LAUNCH E2aF_NASA_famo_s2                          pid=2624475 slot=20/20 queue=2
[16:55:42] FAIL   E2aF_NASA_famo_s0                          rc=1 try=1 -> requeue
[16:55:42] LAUNCH E2aF_NASA_famo_s3                          pid=2632513 slot=20/20 queue=2
[17:31:12] DONE   E2aF_NASA_famo_s1                          rc=0 70.1min
[17:31:12] LAUNCH E2aF_NASA_famo_s4                          pid=2637718 slot=20/20 queue=1
[17:31:37] DONE   E2aF_NASA_famo_s2                          rc=0 70.5min
[17:31:37] LAUNCH E2aF_NASA_famo_s0                          pid=2637749 slot=20/20 queue=0
[17:43:07] DONE   E2aF_NASA_pcgrad_s3                        rc=0 82.0min
[17:43:12] DONE   E2aF_NASA_pcgrad_s1                        rc=0 82.1min
[17:43:27] DONE   E2aF_NASA_pcgrad_s0                        rc=0 82.3min
[17:43:27] DONE   E2aF_NASA_pcgrad_s2                        rc=0 82.3min
[17:43:27] DONE   E2aF_NASA_pcgrad_s4                        rc=0 82.3min
[17:43:27] DONE   E2aF_NASA_cagrad_s0                        rc=0 82.3min
[17:43:32] DONE   E2aF_NASA_cagrad_s2                        rc=0 82.4min
[17:43:32] DONE   E2aF_NASA_cagrad_s4                        rc=0 82.4min
[17:43:37] DONE   E2aF_NASA_cagrad_s1                        rc=0 82.5min
[17:43:42] DONE   E2aF_NASA_cagrad_s3                        rc=0 82.6min
[17:58:32] DONE   E2aF_NASA_famo_s3                          rc=0 62.8min
[17:59:07] FAIL   E2aF_NASA_famo_s0                          rc=1 try=2 -> requeue
[17:59:07] LAUNCH E2aF_NASA_famo_s0                          pid=2642372 slot=9/20 queue=0
[18:18:52] FAIL   E2aF_NASA_famo_s0                          rc=1 giving up
[18:18:57] DONE   E2aF_NASA_famo_s4                          rc=0 47.8min
[18:37:22] FAIL   E2aF_MATR_famo_s4                          rc=1 try=1 -> requeue
[18:37:22] LAUNCH E2aF_MATR_famo_s4                          pid=2647770 slot=7/20 queue=0
[18:37:27] FAIL   E2aF_MATR_famo_s1                          rc=1 try=1 -> requeue
[18:37:27] FAIL   E2aF_MATR_famo_s3                          rc=1 try=1 -> requeue
[18:37:27] LAUNCH E2aF_MATR_famo_s1                          pid=2647781 slot=6/20 queue=1
[18:37:27] LAUNCH E2aF_MATR_famo_s3                          pid=2647782 slot=7/20 queue=0
[18:37:32] FAIL   E2aF_MATR_famo_s2                          rc=1 try=1 -> requeue
[18:37:32] LAUNCH E2aF_MATR_famo_s2                          pid=2647801 slot=7/20 queue=0
[18:37:47] FAIL   E2aF_MATR_famo_s0                          rc=1 try=1 -> requeue
[18:37:47] LAUNCH E2aF_MATR_famo_s0                          pid=2647828 slot=7/20 queue=0
[19:44:32] FAIL   E2aF_MATR_famo_s4                          rc=1 try=2 -> requeue
[19:44:32] LAUNCH E2aF_MATR_famo_s4                          pid=2660680 slot=7/20 queue=0
[19:44:42] FAIL   E2aF_MATR_famo_s1                          rc=1 try=2 -> requeue
[19:44:42] FAIL   E2aF_MATR_famo_s3                          rc=1 try=2 -> requeue
[19:44:42] LAUNCH E2aF_MATR_famo_s1                          pid=2660801 slot=6/20 queue=1
[19:44:42] LAUNCH E2aF_MATR_famo_s3                          pid=2660802 slot=7/20 queue=0
[19:44:47] FAIL   E2aF_MATR_famo_s2                          rc=1 try=2 -> requeue
[19:44:47] LAUNCH E2aF_MATR_famo_s2                          pid=2660854 slot=7/20 queue=0
[19:45:07] FAIL   E2aF_MATR_famo_s0                          rc=1 try=2 -> requeue
[19:45:07] LAUNCH E2aF_MATR_famo_s0                          pid=2660921 slot=7/20 queue=0
[19:59:27] DONE   E2aF_MATR_cagrad_s4                        rc=0 218.3min
[19:59:37] DONE   E2aF_MATR_cagrad_s3                        rc=0 218.5min
[20:27:17] FAIL   E2aF_MATR_famo_s4                          rc=1 giving up
[20:27:32] FAIL   E2aF_MATR_famo_s1                          rc=1 giving up
[20:27:32] FAIL   E2aF_MATR_famo_s3                          rc=1 giving up
[20:27:37] FAIL   E2aF_MATR_famo_s2                          rc=1 giving up
[20:27:42] FAIL   E2aF_MATR_famo_s0                          rc=1 giving up
[20:27:42] runner FINISHED: 24/30 ok
