[15:05:28] runner start: 12 jobs, 5 slots
[15:05:28] resume: 0 already done, 12 to run
[15:05:28] LAUNCH E2b2_MATR_d32_a1_s0                        pid=858348 slot=1/5 queue=11
[15:05:28] LAUNCH E2b2_MATR_d32_a3_s0                        pid=858349 slot=2/5 queue=10
[15:05:28] LAUNCH E2b2_MATR_d32_a10_s0                       pid=858350 slot=3/5 queue=9
[15:05:28] LAUNCH E2b2_MATR_d32_a30_s0                       pid=858351 slot=4/5 queue=8
[15:05:28] LAUNCH E2b2_MATR_d128_a1_s0                       pid=858352 slot=5/5 queue=7
[15:42:43] DONE   E2b2_MATR_d32_a1_s0                        rc=0 37.3min
[15:42:43] DONE   E2b2_MATR_d32_a3_s0                        rc=0 37.3min
[15:42:43] DONE   E2b2_MATR_d32_a10_s0                       rc=0 37.3min
[15:42:43] DONE   E2b2_MATR_d32_a30_s0                       rc=0 37.3min
[15:42:43] LAUNCH E2b2_MATR_d128_a3_s0                       pid=908545 slot=2/5 queue=6
[15:42:43] LAUNCH E2b2_MATR_d128_a10_s0                      pid=908546 slot=3/5 queue=5
[15:42:43] LAUNCH E2b2_MATR_d128_a30_s0                      pid=908547 slot=4/5 queue=4
[15:42:43] LAUNCH E2b2_MATR_d256_a1_s0                       pid=908548 slot=5/5 queue=3
[16:02:43] DONE   E2b2_MATR_d128_a1_s0                       rc=0 57.3min
[16:02:43] LAUNCH E2b2_MATR_d256_a3_s0                       pid=941376 slot=5/5 queue=2
[16:56:33] DONE   E2b2_MATR_d128_a3_s0                       rc=0 73.8min
[16:56:33] DONE   E2b2_MATR_d128_a10_s0                      rc=0 73.8min
[16:56:33] LAUNCH E2b2_MATR_d256_a10_s0                      pid=1017399 slot=4/5 queue=1
[16:56:33] LAUNCH E2b2_MATR_d256_a30_s0                      pid=1017400 slot=5/5 queue=0
[16:56:38] DONE   E2b2_MATR_d128_a30_s0                      rc=0 73.9min
[17:22:38] DONE   E2b2_MATR_d256_a1_s0                       rc=0 99.9min
[17:36:38] DONE   E2b2_MATR_d256_a3_s0                       rc=0 93.9min
[18:00:53] DONE   E2b2_MATR_d256_a10_s0                      rc=0 64.3min
[18:00:53] DONE   E2b2_MATR_d256_a30_s0                      rc=0 64.3min
[18:00:53] runner FINISHED: 12/12 ok
