[2026-09-12 05:59:35] e2b launcher started (pid 55623), waiting for a free GPU
[2026-09-12 12:04:37] GPU free after 21900s -> launching E2b runner
[12:04:37] runner start: 12 jobs, 5 slots
[12:04:37] resume: 0 already done, 12 to run
[12:04:37] LAUNCH E2b_MATR_d32_a0.01_s0                      pid=585147 slot=1/5 queue=11
[12:04:37] LAUNCH E2b_MATR_d32_a0.1_s0                       pid=585148 slot=2/5 queue=10
[12:04:37] LAUNCH E2b_MATR_d32_a1_s0                         pid=585149 slot=3/5 queue=9
[12:04:37] LAUNCH E2b_MATR_d32_a10_s0                        pid=585150 slot=4/5 queue=8
[12:04:37] LAUNCH E2b_MATR_d128_a0.01_s0                     pid=585151 slot=5/5 queue=7
[12:42:57] DONE   E2b_MATR_d32_a0.1_s0                       rc=0 38.3min
[12:42:57] DONE   E2b_MATR_d32_a10_s0                        rc=0 38.3min
[12:42:57] LAUNCH E2b_MATR_d128_a0.1_s0                      pid=645031 slot=4/5 queue=6
[12:42:57] LAUNCH E2b_MATR_d128_a1_s0                        pid=645032 slot=5/5 queue=5
[12:43:02] DONE   E2b_MATR_d32_a1_s0                         rc=0 38.4min
[12:43:02] LAUNCH E2b_MATR_d128_a10_s0                       pid=645065 slot=5/5 queue=4
[12:43:17] DONE   E2b_MATR_d32_a0.01_s0                      rc=0 38.7min
[12:43:17] LAUNCH E2b_MATR_d256_a0.01_s0                     pid=646355 slot=5/5 queue=3
[13:03:12] DONE   E2b_MATR_d128_a0.01_s0                     rc=0 58.6min
[13:03:12] LAUNCH E2b_MATR_d256_a0.1_s0                      pid=682727 slot=5/5 queue=2
[13:57:52] DONE   E2b_MATR_d128_a0.1_s0                      rc=0 74.9min
[13:57:52] DONE   E2b_MATR_d128_a1_s0                        rc=0 74.9min
[13:57:52] LAUNCH E2b_MATR_d256_a1_s0                        pid=753849 slot=4/5 queue=1
[13:57:52] LAUNCH E2b_MATR_d256_a10_s0                       pid=753850 slot=5/5 queue=0
[13:58:02] DONE   E2b_MATR_d128_a10_s0                       rc=0 75.0min
[14:24:37] DONE   E2b_MATR_d256_a0.01_s0                     rc=0 101.3min
[14:38:37] DONE   E2b_MATR_d256_a0.1_s0                      rc=0 95.4min
[15:03:07] DONE   E2b_MATR_d256_a1_s0                        rc=0 65.3min
[15:03:07] DONE   E2b_MATR_d256_a10_s0                       rc=0 65.3min
[15:03:07] runner FINISHED: 12/12 ok
[2026-09-12 15:03:07] E2b runner exited
