[14:59:32] runner start: 18 jobs, 4 slots
[14:59:32] runner start: 18 jobs, 4 slots
[14:59:32] resume: 0 already done, 18 to run
[14:59:32] resume: 0 already done, 18 to run
[14:59:32] LAUNCH E2d_fin_pcgrad_f0                          pid=3683512 slot=1/4 queue=17
[14:59:32] LAUNCH E2d_fin_pcgrad_f0                          pid=3683512 slot=1/4 queue=17
[14:59:32] LAUNCH E2d_fin_pcgrad_f1                          pid=3683513 slot=2/4 queue=16
[14:59:32] LAUNCH E2d_fin_pcgrad_f1                          pid=3683513 slot=2/4 queue=16
[14:59:32] LAUNCH E2d_fin_pcgrad_f2                          pid=3683514 slot=3/4 queue=15
[14:59:32] LAUNCH E2d_fin_pcgrad_f2                          pid=3683514 slot=3/4 queue=15
[14:59:32] LAUNCH E2d_fin_pcgrad_f3                          pid=3683515 slot=4/4 queue=14
[14:59:32] LAUNCH E2d_fin_pcgrad_f3                          pid=3683515 slot=4/4 queue=14
[14:59:37] FAIL   E2d_fin_pcgrad_f0                          rc=1 try=1 -> requeue
[14:59:37] FAIL   E2d_fin_pcgrad_f0                          rc=1 try=1 -> requeue
[14:59:37] FAIL   E2d_fin_pcgrad_f1                          rc=1 try=1 -> requeue
[14:59:37] FAIL   E2d_fin_pcgrad_f1                          rc=1 try=1 -> requeue
[14:59:37] FAIL   E2d_fin_pcgrad_f2                          rc=1 try=1 -> requeue
[14:59:37] FAIL   E2d_fin_pcgrad_f2                          rc=1 try=1 -> requeue
[14:59:37] FAIL   E2d_fin_pcgrad_f3                          rc=1 try=1 -> requeue
[14:59:37] FAIL   E2d_fin_pcgrad_f3                          rc=1 try=1 -> requeue
[14:59:37] LAUNCH E2d_fin_pcgrad_f4                          pid=3683533 slot=1/4 queue=17
[14:59:37] LAUNCH E2d_fin_pcgrad_f4                          pid=3683533 slot=1/4 queue=17
[14:59:37] LAUNCH E2d_fin_pcgrad_f5                          pid=3683534 slot=2/4 queue=16
[14:59:37] LAUNCH E2d_fin_pcgrad_f5                          pid=3683534 slot=2/4 queue=16
[14:59:37] LAUNCH E2d_fin_famo_f0                            pid=3683535 slot=3/4 queue=15
[14:59:37] LAUNCH E2d_fin_famo_f0                            pid=3683535 slot=3/4 queue=15
[14:59:37] LAUNCH E2d_fin_famo_f1                            pid=3683536 slot=4/4 queue=14
[14:59:37] LAUNCH E2d_fin_famo_f1                            pid=3683536 slot=4/4 queue=14
[14:59:42] FAIL   E2d_fin_pcgrad_f4                          rc=1 try=1 -> requeue
[14:59:42] FAIL   E2d_fin_pcgrad_f4                          rc=1 try=1 -> requeue
[14:59:42] FAIL   E2d_fin_pcgrad_f5                          rc=1 try=1 -> requeue
[14:59:42] FAIL   E2d_fin_pcgrad_f5                          rc=1 try=1 -> requeue
[14:59:42] FAIL   E2d_fin_famo_f0                            rc=1 try=1 -> requeue
[14:59:42] FAIL   E2d_fin_famo_f0                            rc=1 try=1 -> requeue
[14:59:42] FAIL   E2d_fin_famo_f1                            rc=1 try=1 -> requeue
[14:59:42] FAIL   E2d_fin_famo_f1                            rc=1 try=1 -> requeue
[14:59:42] LAUNCH E2d_fin_famo_f2                            pid=3683566 slot=1/4 queue=17
[14:59:42] LAUNCH E2d_fin_famo_f2                            pid=3683566 slot=1/4 queue=17
[14:59:42] LAUNCH E2d_fin_famo_f3                            pid=3683567 slot=2/4 queue=16
[14:59:42] LAUNCH E2d_fin_famo_f3                            pid=3683567 slot=2/4 queue=16
[14:59:42] LAUNCH E2d_fin_famo_f4                            pid=3683568 slot=3/4 queue=15
[14:59:42] LAUNCH E2d_fin_famo_f4                            pid=3683568 slot=3/4 queue=15
[14:59:42] LAUNCH E2d_fin_famo_f5                            pid=3683569 slot=4/4 queue=14
[14:59:42] LAUNCH E2d_fin_famo_f5                            pid=3683569 slot=4/4 queue=14
[14:59:47] FAIL   E2d_fin_famo_f2                            rc=1 try=1 -> requeue
[14:59:47] FAIL   E2d_fin_famo_f2                            rc=1 try=1 -> requeue
[14:59:47] FAIL   E2d_fin_famo_f3                            rc=1 try=1 -> requeue
[14:59:47] FAIL   E2d_fin_famo_f3                            rc=1 try=1 -> requeue
[14:59:47] FAIL   E2d_fin_famo_f4                            rc=1 try=1 -> requeue
[14:59:47] FAIL   E2d_fin_famo_f4                            rc=1 try=1 -> requeue
[14:59:47] FAIL   E2d_fin_famo_f5                            rc=1 try=1 -> requeue
[14:59:47] FAIL   E2d_fin_famo_f5                            rc=1 try=1 -> requeue
[14:59:47] LAUNCH E2d_fin_cagrad_f0                          pid=3683585 slot=1/4 queue=17
[14:59:47] LAUNCH E2d_fin_cagrad_f0                          pid=3683585 slot=1/4 queue=17
[14:59:47] LAUNCH E2d_fin_cagrad_f1                          pid=3683586 slot=2/4 queue=16
[14:59:47] LAUNCH E2d_fin_cagrad_f1                          pid=3683586 slot=2/4 queue=16
[14:59:47] LAUNCH E2d_fin_cagrad_f2                          pid=3683587 slot=3/4 queue=15
[14:59:47] LAUNCH E2d_fin_cagrad_f2                          pid=3683587 slot=3/4 queue=15
[14:59:47] LAUNCH E2d_fin_cagrad_f3                          pid=3683588 slot=4/4 queue=14
[14:59:47] LAUNCH E2d_fin_cagrad_f3                          pid=3683588 slot=4/4 queue=14
[14:59:52] FAIL   E2d_fin_cagrad_f0                          rc=1 try=1 -> requeue
[14:59:52] FAIL   E2d_fin_cagrad_f0                          rc=1 try=1 -> requeue
[14:59:52] FAIL   E2d_fin_cagrad_f1                          rc=1 try=1 -> requeue
[14:59:52] FAIL   E2d_fin_cagrad_f1                          rc=1 try=1 -> requeue
[14:59:52] FAIL   E2d_fin_cagrad_f2                          rc=1 try=1 -> requeue
[14:59:52] FAIL   E2d_fin_cagrad_f2                          rc=1 try=1 -> requeue
[14:59:52] FAIL   E2d_fin_cagrad_f3                          rc=1 try=1 -> requeue
[14:59:52] FAIL   E2d_fin_cagrad_f3                          rc=1 try=1 -> requeue
[14:59:52] LAUNCH E2d_fin_cagrad_f4                          pid=3683603 slot=1/4 queue=17
[14:59:52] LAUNCH E2d_fin_cagrad_f4                          pid=3683603 slot=1/4 queue=17
[14:59:52] LAUNCH E2d_fin_cagrad_f5                          pid=3683604 slot=2/4 queue=16
[14:59:52] LAUNCH E2d_fin_cagrad_f5                          pid=3683604 slot=2/4 queue=16
[14:59:52] LAUNCH E2d_fin_pcgrad_f0                          pid=3683605 slot=3/4 queue=15
[14:59:52] LAUNCH E2d_fin_pcgrad_f0                          pid=3683605 slot=3/4 queue=15
[14:59:52] LAUNCH E2d_fin_pcgrad_f1                          pid=3683606 slot=4/4 queue=14
[14:59:52] LAUNCH E2d_fin_pcgrad_f1                          pid=3683606 slot=4/4 queue=14
[14:59:57] FAIL   E2d_fin_cagrad_f4                          rc=1 try=1 -> requeue
[14:59:57] FAIL   E2d_fin_cagrad_f4                          rc=1 try=1 -> requeue
[14:59:57] FAIL   E2d_fin_cagrad_f5                          rc=1 try=1 -> requeue
[14:59:57] FAIL   E2d_fin_cagrad_f5                          rc=1 try=1 -> requeue
[14:59:57] FAIL   E2d_fin_pcgrad_f0                          rc=1 try=2 -> requeue
[14:59:57] FAIL   E2d_fin_pcgrad_f0                          rc=1 try=2 -> requeue
[14:59:57] FAIL   E2d_fin_pcgrad_f1                          rc=1 try=2 -> requeue
[14:59:57] FAIL   E2d_fin_pcgrad_f1                          rc=1 try=2 -> requeue
[14:59:57] LAUNCH E2d_fin_pcgrad_f2                          pid=3683624 slot=1/4 queue=17
[14:59:57] LAUNCH E2d_fin_pcgrad_f2                          pid=3683624 slot=1/4 queue=17
[14:59:57] LAUNCH E2d_fin_pcgrad_f3                          pid=3683625 slot=2/4 queue=16
[14:59:57] LAUNCH E2d_fin_pcgrad_f3                          pid=3683625 slot=2/4 queue=16
[14:59:57] LAUNCH E2d_fin_pcgrad_f4                          pid=3683626 slot=3/4 queue=15
[14:59:57] LAUNCH E2d_fin_pcgrad_f4                          pid=3683626 slot=3/4 queue=15
[14:59:57] LAUNCH E2d_fin_pcgrad_f5                          pid=3683627 slot=4/4 queue=14
[14:59:57] LAUNCH E2d_fin_pcgrad_f5                          pid=3683627 slot=4/4 queue=14
[15:00:02] FAIL   E2d_fin_pcgrad_f2                          rc=1 try=2 -> requeue
[15:00:02] FAIL   E2d_fin_pcgrad_f2                          rc=1 try=2 -> requeue
[15:00:02] FAIL   E2d_fin_pcgrad_f3                          rc=1 try=2 -> requeue
[15:00:02] FAIL   E2d_fin_pcgrad_f3                          rc=1 try=2 -> requeue
[15:00:02] FAIL   E2d_fin_pcgrad_f4                          rc=1 try=2 -> requeue
[15:00:02] FAIL   E2d_fin_pcgrad_f4                          rc=1 try=2 -> requeue
[15:00:02] FAIL   E2d_fin_pcgrad_f5                          rc=1 try=2 -> requeue
[15:00:02] FAIL   E2d_fin_pcgrad_f5                          rc=1 try=2 -> requeue
[15:00:02] LAUNCH E2d_fin_famo_f0                            pid=3683744 slot=1/4 queue=17
[15:00:02] LAUNCH E2d_fin_famo_f0                            pid=3683744 slot=1/4 queue=17
[15:00:02] LAUNCH E2d_fin_famo_f1                            pid=3683745 slot=2/4 queue=16
[15:00:02] LAUNCH E2d_fin_famo_f1                            pid=3683745 slot=2/4 queue=16
[15:00:02] LAUNCH E2d_fin_famo_f2                            pid=3683746 slot=3/4 queue=15
[15:00:02] LAUNCH E2d_fin_famo_f2                            pid=3683746 slot=3/4 queue=15
[15:00:02] LAUNCH E2d_fin_famo_f3                            pid=3683747 slot=4/4 queue=14
[15:00:02] LAUNCH E2d_fin_famo_f3                            pid=3683747 slot=4/4 queue=14
[15:00:07] FAIL   E2d_fin_famo_f0                            rc=1 try=2 -> requeue
[15:00:07] FAIL   E2d_fin_famo_f0                            rc=1 try=2 -> requeue
[15:00:07] FAIL   E2d_fin_famo_f1                            rc=1 try=2 -> requeue
[15:00:07] FAIL   E2d_fin_famo_f1                            rc=1 try=2 -> requeue
[15:00:07] FAIL   E2d_fin_famo_f2                            rc=1 try=2 -> requeue
[15:00:07] FAIL   E2d_fin_famo_f2                            rc=1 try=2 -> requeue
[15:00:07] FAIL   E2d_fin_famo_f3                            rc=1 try=2 -> requeue
[15:00:07] FAIL   E2d_fin_famo_f3                            rc=1 try=2 -> requeue
[15:00:07] LAUNCH E2d_fin_famo_f4                            pid=3683762 slot=1/4 queue=17
[15:00:07] LAUNCH E2d_fin_famo_f4                            pid=3683762 slot=1/4 queue=17
[15:00:07] LAUNCH E2d_fin_famo_f5                            pid=3683763 slot=2/4 queue=16
[15:00:07] LAUNCH E2d_fin_famo_f5                            pid=3683763 slot=2/4 queue=16
[15:00:07] LAUNCH E2d_fin_cagrad_f0                          pid=3683764 slot=3/4 queue=15
[15:00:07] LAUNCH E2d_fin_cagrad_f0                          pid=3683764 slot=3/4 queue=15
[15:00:07] LAUNCH E2d_fin_cagrad_f1                          pid=3683765 slot=4/4 queue=14
[15:00:07] LAUNCH E2d_fin_cagrad_f1                          pid=3683765 slot=4/4 queue=14
[15:00:12] FAIL   E2d_fin_famo_f4                            rc=1 try=2 -> requeue
[15:00:12] FAIL   E2d_fin_famo_f4                            rc=1 try=2 -> requeue
[15:00:12] FAIL   E2d_fin_famo_f5                            rc=1 try=2 -> requeue
[15:00:12] FAIL   E2d_fin_famo_f5                            rc=1 try=2 -> requeue
[15:00:12] FAIL   E2d_fin_cagrad_f0                          rc=1 try=2 -> requeue
[15:00:12] FAIL   E2d_fin_cagrad_f0                          rc=1 try=2 -> requeue
[15:00:12] FAIL   E2d_fin_cagrad_f1                          rc=1 try=2 -> requeue
[15:00:12] FAIL   E2d_fin_cagrad_f1                          rc=1 try=2 -> requeue
[15:00:12] LAUNCH E2d_fin_cagrad_f2                          pid=3683800 slot=1/4 queue=17
[15:00:12] LAUNCH E2d_fin_cagrad_f2                          pid=3683800 slot=1/4 queue=17
[15:00:12] LAUNCH E2d_fin_cagrad_f3                          pid=3683801 slot=2/4 queue=16
[15:00:12] LAUNCH E2d_fin_cagrad_f3                          pid=3683801 slot=2/4 queue=16
[15:00:12] LAUNCH E2d_fin_cagrad_f4                          pid=3683802 slot=3/4 queue=15
[15:00:12] LAUNCH E2d_fin_cagrad_f4                          pid=3683802 slot=3/4 queue=15
[15:00:12] LAUNCH E2d_fin_cagrad_f5                          pid=3683803 slot=4/4 queue=14
[15:00:12] LAUNCH E2d_fin_cagrad_f5                          pid=3683803 slot=4/4 queue=14
[15:00:17] FAIL   E2d_fin_cagrad_f2                          rc=1 try=2 -> requeue
[15:00:17] FAIL   E2d_fin_cagrad_f2                          rc=1 try=2 -> requeue
[15:00:17] FAIL   E2d_fin_cagrad_f3                          rc=1 try=2 -> requeue
[15:00:17] FAIL   E2d_fin_cagrad_f3                          rc=1 try=2 -> requeue
[15:00:17] FAIL   E2d_fin_cagrad_f4                          rc=1 try=2 -> requeue
[15:00:17] FAIL   E2d_fin_cagrad_f4                          rc=1 try=2 -> requeue
[15:00:17] FAIL   E2d_fin_cagrad_f5                          rc=1 try=2 -> requeue
[15:00:17] FAIL   E2d_fin_cagrad_f5                          rc=1 try=2 -> requeue
[15:00:17] LAUNCH E2d_fin_pcgrad_f0                          pid=3683818 slot=1/4 queue=17
[15:00:17] LAUNCH E2d_fin_pcgrad_f0                          pid=3683818 slot=1/4 queue=17
[15:00:17] LAUNCH E2d_fin_pcgrad_f1                          pid=3683819 slot=2/4 queue=16
[15:00:17] LAUNCH E2d_fin_pcgrad_f1                          pid=3683819 slot=2/4 queue=16
[15:00:17] LAUNCH E2d_fin_pcgrad_f2                          pid=3683820 slot=3/4 queue=15
[15:00:17] LAUNCH E2d_fin_pcgrad_f2                          pid=3683820 slot=3/4 queue=15
[15:00:17] LAUNCH E2d_fin_pcgrad_f3                          pid=3683821 slot=4/4 queue=14
[15:00:17] LAUNCH E2d_fin_pcgrad_f3                          pid=3683821 slot=4/4 queue=14
[15:00:22] FAIL   E2d_fin_pcgrad_f0                          rc=1 giving up
[15:00:22] FAIL   E2d_fin_pcgrad_f0                          rc=1 giving up
[15:00:22] FAIL   E2d_fin_pcgrad_f1                          rc=1 giving up
[15:00:22] FAIL   E2d_fin_pcgrad_f1                          rc=1 giving up
[15:00:22] FAIL   E2d_fin_pcgrad_f2                          rc=1 giving up
[15:00:22] FAIL   E2d_fin_pcgrad_f2                          rc=1 giving up
[15:00:22] FAIL   E2d_fin_pcgrad_f3                          rc=1 giving up
[15:00:22] FAIL   E2d_fin_pcgrad_f3                          rc=1 giving up
[15:00:22] LAUNCH E2d_fin_pcgrad_f4                          pid=3683841 slot=1/4 queue=13
[15:00:22] LAUNCH E2d_fin_pcgrad_f4                          pid=3683841 slot=1/4 queue=13
[15:00:22] LAUNCH E2d_fin_pcgrad_f5                          pid=3683842 slot=2/4 queue=12
[15:00:22] LAUNCH E2d_fin_pcgrad_f5                          pid=3683842 slot=2/4 queue=12
[15:00:22] LAUNCH E2d_fin_famo_f0                            pid=3683843 slot=3/4 queue=11
[15:00:22] LAUNCH E2d_fin_famo_f0                            pid=3683843 slot=3/4 queue=11
[15:00:22] LAUNCH E2d_fin_famo_f1                            pid=3683844 slot=4/4 queue=10
[15:00:22] LAUNCH E2d_fin_famo_f1                            pid=3683844 slot=4/4 queue=10
[15:00:27] FAIL   E2d_fin_pcgrad_f4                          rc=1 giving up
[15:00:27] FAIL   E2d_fin_pcgrad_f4                          rc=1 giving up
[15:00:27] FAIL   E2d_fin_pcgrad_f5                          rc=1 giving up
[15:00:27] FAIL   E2d_fin_pcgrad_f5                          rc=1 giving up
[15:00:27] FAIL   E2d_fin_famo_f0                            rc=1 giving up
[15:00:27] FAIL   E2d_fin_famo_f0                            rc=1 giving up
[15:00:27] FAIL   E2d_fin_famo_f1                            rc=1 giving up
[15:00:27] FAIL   E2d_fin_famo_f1                            rc=1 giving up
[15:00:27] LAUNCH E2d_fin_famo_f2                            pid=3683862 slot=1/4 queue=9
[15:00:27] LAUNCH E2d_fin_famo_f2                            pid=3683862 slot=1/4 queue=9
[15:00:27] LAUNCH E2d_fin_famo_f3                            pid=3683863 slot=2/4 queue=8
[15:00:27] LAUNCH E2d_fin_famo_f3                            pid=3683863 slot=2/4 queue=8
[15:00:27] LAUNCH E2d_fin_famo_f4                            pid=3683864 slot=3/4 queue=7
[15:00:27] LAUNCH E2d_fin_famo_f4                            pid=3683864 slot=3/4 queue=7
[15:00:27] LAUNCH E2d_fin_famo_f5                            pid=3683865 slot=4/4 queue=6
[15:00:27] LAUNCH E2d_fin_famo_f5                            pid=3683865 slot=4/4 queue=6
[15:00:32] FAIL   E2d_fin_famo_f2                            rc=1 giving up
[15:00:32] FAIL   E2d_fin_famo_f2                            rc=1 giving up
[15:00:32] FAIL   E2d_fin_famo_f3                            rc=1 giving up
[15:00:32] FAIL   E2d_fin_famo_f3                            rc=1 giving up
[15:00:32] FAIL   E2d_fin_famo_f4                            rc=1 giving up
[15:00:32] FAIL   E2d_fin_famo_f4                            rc=1 giving up
[15:00:32] FAIL   E2d_fin_famo_f5                            rc=1 giving up
[15:00:32] FAIL   E2d_fin_famo_f5                            rc=1 giving up
[15:00:32] LAUNCH E2d_fin_cagrad_f0                          pid=3683882 slot=1/4 queue=5
[15:00:32] LAUNCH E2d_fin_cagrad_f0                          pid=3683882 slot=1/4 queue=5
[15:00:32] LAUNCH E2d_fin_cagrad_f1                          pid=3683883 slot=2/4 queue=4
[15:00:32] LAUNCH E2d_fin_cagrad_f1                          pid=3683883 slot=2/4 queue=4
[15:00:32] LAUNCH E2d_fin_cagrad_f2                          pid=3683884 slot=3/4 queue=3
[15:00:32] LAUNCH E2d_fin_cagrad_f2                          pid=3683884 slot=3/4 queue=3
[15:00:32] LAUNCH E2d_fin_cagrad_f3                          pid=3683885 slot=4/4 queue=2
[15:00:32] LAUNCH E2d_fin_cagrad_f3                          pid=3683885 slot=4/4 queue=2
[15:00:37] FAIL   E2d_fin_cagrad_f0                          rc=1 giving up
[15:00:37] FAIL   E2d_fin_cagrad_f0                          rc=1 giving up
[15:00:37] FAIL   E2d_fin_cagrad_f1                          rc=1 giving up
[15:00:37] FAIL   E2d_fin_cagrad_f1                          rc=1 giving up
[15:00:37] FAIL   E2d_fin_cagrad_f2                          rc=1 giving up
[15:00:37] FAIL   E2d_fin_cagrad_f2                          rc=1 giving up
[15:00:37] FAIL   E2d_fin_cagrad_f3                          rc=1 giving up
[15:00:37] FAIL   E2d_fin_cagrad_f3                          rc=1 giving up
[15:00:37] LAUNCH E2d_fin_cagrad_f4                          pid=3683901 slot=1/4 queue=1
[15:00:37] LAUNCH E2d_fin_cagrad_f4                          pid=3683901 slot=1/4 queue=1
[15:00:37] LAUNCH E2d_fin_cagrad_f5                          pid=3683902 slot=2/4 queue=0
[15:00:37] LAUNCH E2d_fin_cagrad_f5                          pid=3683902 slot=2/4 queue=0
[15:00:42] FAIL   E2d_fin_cagrad_f4                          rc=1 giving up
[15:00:42] FAIL   E2d_fin_cagrad_f4                          rc=1 giving up
[15:00:42] FAIL   E2d_fin_cagrad_f5                          rc=1 giving up
[15:00:42] FAIL   E2d_fin_cagrad_f5                          rc=1 giving up
[15:00:42] runner FINISHED: 0/18 ok
[15:00:42] runner FINISHED: 0/18 ok
[15:07:11] runner start: 18 jobs, 4 slots
[15:07:11] runner start: 18 jobs, 4 slots
[15:07:11] resume: 0 already done, 18 to run
[15:07:11] resume: 0 already done, 18 to run
[15:07:11] LAUNCH E2d_fin_pcgrad_f0                          pid=3686588 slot=1/4 queue=17
[15:07:11] LAUNCH E2d_fin_pcgrad_f0                          pid=3686588 slot=1/4 queue=17
[15:07:11] LAUNCH E2d_fin_pcgrad_f1                          pid=3686589 slot=2/4 queue=16
[15:07:11] LAUNCH E2d_fin_pcgrad_f1                          pid=3686589 slot=2/4 queue=16
[15:07:11] LAUNCH E2d_fin_pcgrad_f2                          pid=3686590 slot=3/4 queue=15
[15:07:11] LAUNCH E2d_fin_pcgrad_f2                          pid=3686590 slot=3/4 queue=15
[15:07:11] LAUNCH E2d_fin_pcgrad_f3                          pid=3686591 slot=4/4 queue=14
[15:07:11] LAUNCH E2d_fin_pcgrad_f3                          pid=3686591 slot=4/4 queue=14
[15:07:26] DONE   E2d_fin_pcgrad_f0                          rc=0 0.3min
[15:07:26] DONE   E2d_fin_pcgrad_f0                          rc=0 0.3min
[15:07:26] DONE   E2d_fin_pcgrad_f2                          rc=0 0.3min
[15:07:26] DONE   E2d_fin_pcgrad_f2                          rc=0 0.3min
[15:07:26] LAUNCH E2d_fin_pcgrad_f4                          pid=3686630 slot=3/4 queue=13
[15:07:26] LAUNCH E2d_fin_pcgrad_f4                          pid=3686630 slot=3/4 queue=13
[15:07:26] LAUNCH E2d_fin_pcgrad_f5                          pid=3686631 slot=4/4 queue=12
[15:07:26] LAUNCH E2d_fin_pcgrad_f5                          pid=3686631 slot=4/4 queue=12
[15:07:31] DONE   E2d_fin_pcgrad_f1                          rc=0 0.3min
[15:07:31] DONE   E2d_fin_pcgrad_f1                          rc=0 0.3min
[15:07:31] LAUNCH E2d_fin_famo_f0                            pid=3686652 slot=4/4 queue=11
[15:07:31] LAUNCH E2d_fin_famo_f0                            pid=3686652 slot=4/4 queue=11
[15:07:41] DONE   E2d_fin_pcgrad_f3                          rc=0 0.5min
[15:07:41] DONE   E2d_fin_pcgrad_f3                          rc=0 0.5min
[15:07:41] DONE   E2d_fin_pcgrad_f4                          rc=0 0.3min
[15:07:41] DONE   E2d_fin_pcgrad_f4                          rc=0 0.3min
[15:07:41] DONE   E2d_fin_famo_f0                            rc=0 0.2min
[15:07:41] DONE   E2d_fin_famo_f0                            rc=0 0.2min
[15:07:41] LAUNCH E2d_fin_famo_f1                            pid=3686661 slot=2/4 queue=10
[15:07:41] LAUNCH E2d_fin_famo_f1                            pid=3686661 slot=2/4 queue=10
[15:07:41] LAUNCH E2d_fin_famo_f2                            pid=3686662 slot=3/4 queue=9
[15:07:41] LAUNCH E2d_fin_famo_f2                            pid=3686662 slot=3/4 queue=9
[15:07:41] LAUNCH E2d_fin_famo_f3                            pid=3686663 slot=4/4 queue=8
[15:07:41] LAUNCH E2d_fin_famo_f3                            pid=3686663 slot=4/4 queue=8
[15:07:46] DONE   E2d_fin_pcgrad_f5                          rc=0 0.3min
[15:07:46] DONE   E2d_fin_pcgrad_f5                          rc=0 0.3min
[15:07:46] LAUNCH E2d_fin_famo_f4                            pid=3686701 slot=4/4 queue=7
[15:07:46] LAUNCH E2d_fin_famo_f4                            pid=3686701 slot=4/4 queue=7
[15:07:56] DONE   E2d_fin_famo_f1                            rc=0 0.3min
[15:07:56] DONE   E2d_fin_famo_f1                            rc=0 0.3min
[15:07:56] DONE   E2d_fin_famo_f2                            rc=0 0.3min
[15:07:56] DONE   E2d_fin_famo_f2                            rc=0 0.3min
[15:07:56] DONE   E2d_fin_famo_f3                            rc=0 0.3min
[15:07:56] DONE   E2d_fin_famo_f3                            rc=0 0.3min
[15:07:56] DONE   E2d_fin_famo_f4                            rc=0 0.2min
[15:07:56] DONE   E2d_fin_famo_f4                            rc=0 0.2min
[15:07:56] LAUNCH E2d_fin_famo_f5                            pid=3686710 slot=1/4 queue=6
[15:07:56] LAUNCH E2d_fin_famo_f5                            pid=3686710 slot=1/4 queue=6
[15:07:56] LAUNCH E2d_fin_cagrad_f0                          pid=3686711 slot=2/4 queue=5
[15:07:56] LAUNCH E2d_fin_cagrad_f0                          pid=3686711 slot=2/4 queue=5
[15:07:56] LAUNCH E2d_fin_cagrad_f1                          pid=3686712 slot=3/4 queue=4
[15:07:56] LAUNCH E2d_fin_cagrad_f1                          pid=3686712 slot=3/4 queue=4
[15:07:56] LAUNCH E2d_fin_cagrad_f2                          pid=3686713 slot=4/4 queue=3
[15:07:56] LAUNCH E2d_fin_cagrad_f2                          pid=3686713 slot=4/4 queue=3
[15:08:11] DONE   E2d_fin_famo_f5                            rc=0 0.3min
[15:08:11] DONE   E2d_fin_famo_f5                            rc=0 0.3min
[15:08:11] LAUNCH E2d_fin_cagrad_f3                          pid=3686743 slot=4/4 queue=2
[15:08:11] LAUNCH E2d_fin_cagrad_f3                          pid=3686743 slot=4/4 queue=2
[15:08:16] DONE   E2d_fin_cagrad_f0                          rc=0 0.3min
[15:08:16] DONE   E2d_fin_cagrad_f0                          rc=0 0.3min
[15:08:16] DONE   E2d_fin_cagrad_f1                          rc=0 0.3min
[15:08:16] DONE   E2d_fin_cagrad_f1                          rc=0 0.3min
[15:08:16] DONE   E2d_fin_cagrad_f2                          rc=0 0.3min
[15:08:16] DONE   E2d_fin_cagrad_f2                          rc=0 0.3min
[15:08:16] LAUNCH E2d_fin_cagrad_f4                          pid=3686771 slot=2/4 queue=1
[15:08:16] LAUNCH E2d_fin_cagrad_f4                          pid=3686771 slot=2/4 queue=1
[15:08:16] LAUNCH E2d_fin_cagrad_f5                          pid=3686772 slot=3/4 queue=0
[15:08:16] LAUNCH E2d_fin_cagrad_f5                          pid=3686772 slot=3/4 queue=0
[15:08:31] DONE   E2d_fin_cagrad_f4                          rc=0 0.3min
[15:08:31] DONE   E2d_fin_cagrad_f4                          rc=0 0.3min
[15:08:36] DONE   E2d_fin_cagrad_f3                          rc=0 0.4min
[15:08:36] DONE   E2d_fin_cagrad_f3                          rc=0 0.4min
[15:08:41] DONE   E2d_fin_cagrad_f5                          rc=0 0.4min
[15:08:41] DONE   E2d_fin_cagrad_f5                          rc=0 0.4min
[15:08:41] runner FINISHED: 18/18 ok
[15:08:41] runner FINISHED: 18/18 ok
