[07:39:32] runner start: 10 jobs, 2 slots
[07:39:32] resume: 0 already done, 10 to run
[07:39:32] LAUNCH E2c_battery_cap                            pid=3606275 slot=1/2 queue=9
[07:39:32] LAUNCH E2c_radioml_cap_m32                        pid=3606276 slot=2/2 queue=8
[07:51:32] DONE   E2c_battery_cap                            rc=0 12.0min
[07:51:32] LAUNCH E2c_radioml_cap_m64                        pid=3607964 slot=2/2 queue=7
[09:10:47] DONE   E2c_radioml_cap_m32                        rc=0 91.3min
[09:10:47] LAUNCH E2c_radioml_cap_m128                       pid=3621275 slot=2/2 queue=6
[09:23:42] DONE   E2c_radioml_cap_m64                        rc=0 92.2min
[09:23:42] LAUNCH E2c_radioml_cap_m256                       pid=3622638 slot=2/2 queue=5
[10:52:17] DONE   E2c_radioml_cap_m128                       rc=0 101.5min
[10:52:17] LAUNCH E2c_radioml_conflict                       pid=3638600 slot=2/2 queue=4
[11:27:47] DONE   E2c_radioml_cap_m256                       rc=0 124.1min
[11:27:47] LAUNCH E2d_har_recon                              pid=3643404 slot=2/2 queue=3
[11:34:47] DONE   E2d_har_recon                              rc=0 7.0min
[11:34:47] LAUNCH E2d_har_subj                               pid=3644471 slot=2/2 queue=2
[11:41:37] DONE   E2d_har_subj                               rc=0 6.8min
[11:41:37] LAUNCH E2d_rml_recon                              pid=3647304 slot=2/2 queue=1
[12:19:08] DONE   E2d_rml_recon                              rc=0 37.5min
[12:19:08] LAUNCH E2d_rml_snr                                pid=3652672 slot=2/2 queue=0
[12:31:53] DONE   E2c_radioml_conflict                       rc=0 99.6min
[12:51:43] DONE   E2d_rml_snr                                rc=0 32.6min
[12:51:43] runner FINISHED: 10/10 ok
