[12:56:30] runner start: 4 jobs, 2 slots
[12:56:30] runner start: 4 jobs, 2 slots
[12:56:30] resume: 0 already done, 4 to run
[12:56:30] resume: 0 already done, 4 to run
[12:56:30] LAUNCH E2c_radioml_cap2_m32                       pid=3660812 slot=1/2 queue=3
[12:56:30] LAUNCH E2c_radioml_cap2_m32                       pid=3660812 slot=1/2 queue=3
[12:56:30] LAUNCH E2c_radioml_cap2_m64                       pid=3660813 slot=2/2 queue=2
[12:56:30] LAUNCH E2c_radioml_cap2_m64                       pid=3660813 slot=2/2 queue=2
[13:43:20] DONE   E2c_radioml_cap2_m32                       rc=0 46.8min
[13:43:20] DONE   E2c_radioml_cap2_m32                       rc=0 46.8min
[13:43:20] DONE   E2c_radioml_cap2_m64                       rc=0 46.8min
[13:43:20] DONE   E2c_radioml_cap2_m64                       rc=0 46.8min
[13:43:20] LAUNCH E2c_radioml_cap2_m128                      pid=3670407 slot=1/2 queue=1
[13:43:20] LAUNCH E2c_radioml_cap2_m128                      pid=3670407 slot=1/2 queue=1
[13:43:20] LAUNCH E2c_radioml_cap2_m256                      pid=3670408 slot=2/2 queue=0
[13:43:20] LAUNCH E2c_radioml_cap2_m256                      pid=3670408 slot=2/2 queue=0
[14:31:25] DONE   E2c_radioml_cap2_m128                      rc=0 48.1min
[14:31:25] DONE   E2c_radioml_cap2_m128                      rc=0 48.1min
[14:38:25] DONE   E2c_radioml_cap2_m256                      rc=0 55.1min
[14:38:25] DONE   E2c_radioml_cap2_m256                      rc=0 55.1min
[14:38:25] runner FINISHED: 4/4 ok
[14:38:25] runner FINISHED: 4/4 ok
