[12:03:23] runner start: 78 jobs, 4 slots
[12:03:23] resume: 0 already done, 78 to run
[12:03:23] LAUNCH FINMOO_f0_sum                              pid=2575316 slot=1/4 queue=77
[12:03:23] LAUNCH FINMOO_f0_pcgrad                           pid=2575317 slot=2/4 queue=76
[12:03:23] LAUNCH FINMOO_f0_cagrad                           pid=2575318 slot=3/4 queue=75
[12:03:23] LAUNCH FINMOO_f0_cagrad04                         pid=2575319 slot=4/4 queue=74
[12:03:38] DONE   FINMOO_f0_pcgrad                           rc=0 0.3min
[12:03:38] LAUNCH FINMOO_f0_cagrad08                         pid=2575354 slot=4/4 queue=73
[12:03:43] DONE   FINMOO_f0_sum                              rc=0 0.3min
[12:03:43] DONE   FINMOO_f0_cagrad                           rc=0 0.3min
[12:03:43] DONE   FINMOO_f0_cagrad04                         rc=0 0.3min
[12:03:43] LAUNCH FINMOO_f0_mgda                             pid=2575364 slot=2/4 queue=72
[12:03:43] LAUNCH FINMOO_f0_aligned                          pid=2575365 slot=3/4 queue=71
[12:03:43] LAUNCH FINMOO_f0_imtlg                            pid=2575366 slot=4/4 queue=70
[12:03:58] DONE   FINMOO_f0_cagrad08                         rc=0 0.3min
[12:03:58] LAUNCH FINMOO_f0_nash                             pid=2575406 slot=4/4 queue=69
[12:04:03] DONE   FINMOO_f0_mgda                             rc=0 0.3min
[12:04:03] DONE   FINMOO_f0_aligned                          rc=0 0.3min
[12:04:03] DONE   FINMOO_f0_imtlg                            rc=0 0.3min
[12:04:03] LAUNCH FINMOO_f0_famo                             pid=2575420 slot=2/4 queue=68
[12:04:03] LAUNCH FINMOO_f0_uw                               pid=2575421 slot=3/4 queue=67
[12:04:03] LAUNCH FINMOO_f0_imtll                            pid=2575422 slot=4/4 queue=66
[12:04:18] DONE   FINMOO_f0_famo                             rc=0 0.3min
[12:04:18] DONE   FINMOO_f0_uw                               rc=0 0.3min
[12:04:18] DONE   FINMOO_f0_imtll                            rc=0 0.3min
[12:04:18] LAUNCH FINMOO_f0_gradnorm                         pid=2575499 slot=2/4 queue=65
[12:04:18] LAUNCH FINMOO_f1_sum                              pid=2575500 slot=3/4 queue=64
[12:04:18] LAUNCH FINMOO_f1_pcgrad                           pid=2575501 slot=4/4 queue=63
[12:04:33] DONE   FINMOO_f1_sum                              rc=0 0.3min
[12:04:33] LAUNCH FINMOO_f1_cagrad                           pid=2575544 slot=4/4 queue=62
[12:04:38] DONE   FINMOO_f0_gradnorm                         rc=0 0.3min
[12:04:38] DONE   FINMOO_f1_pcgrad                           rc=0 0.3min
[12:04:38] LAUNCH FINMOO_f1_cagrad04                         pid=2575553 slot=3/4 queue=61
[12:04:38] LAUNCH FINMOO_f1_cagrad08                         pid=2575554 slot=4/4 queue=60
[12:04:53] DONE   FINMOO_f0_nash                             rc=0 0.9min
[12:04:54] LAUNCH FINMOO_f1_mgda                             pid=2575589 slot=4/4 queue=59
[12:04:59] DONE   FINMOO_f1_cagrad                           rc=0 0.4min
[12:04:59] DONE   FINMOO_f1_cagrad04                         rc=0 0.3min
[12:04:59] DONE   FINMOO_f1_cagrad08                         rc=0 0.3min
[12:04:59] LAUNCH FINMOO_f1_aligned                          pid=2575598 slot=2/4 queue=58
[12:04:59] LAUNCH FINMOO_f1_imtlg                            pid=2575599 slot=3/4 queue=57
[12:04:59] LAUNCH FINMOO_f1_nash                             pid=2575600 slot=4/4 queue=56
[12:05:24] DONE   FINMOO_f1_mgda                             rc=0 0.5min
[12:05:24] DONE   FINMOO_f1_aligned                          rc=0 0.4min
[12:05:24] DONE   FINMOO_f1_imtlg                            rc=0 0.4min
[12:05:24] LAUNCH FINMOO_f1_famo                             pid=2575683 slot=2/4 queue=55
[12:05:24] LAUNCH FINMOO_f1_uw                               pid=2575684 slot=3/4 queue=54
[12:05:24] LAUNCH FINMOO_f1_imtll                            pid=2575685 slot=4/4 queue=53
[12:05:39] DONE   FINMOO_f1_uw                               rc=0 0.3min
[12:05:39] DONE   FINMOO_f1_imtll                            rc=0 0.3min
[12:05:39] LAUNCH FINMOO_f1_gradnorm                         pid=2575779 slot=3/4 queue=52
[12:05:39] LAUNCH FINMOO_f2_sum                              pid=2575780 slot=4/4 queue=51
[12:05:44] DONE   FINMOO_f1_nash                             rc=0 0.8min
[12:05:44] DONE   FINMOO_f1_famo                             rc=0 0.3min
[12:05:44] LAUNCH FINMOO_f2_pcgrad                           pid=2575796 slot=3/4 queue=50
[12:05:44] LAUNCH FINMOO_f2_cagrad                           pid=2575797 slot=4/4 queue=49
[12:05:54] DONE   FINMOO_f2_sum                              rc=0 0.3min
[12:05:54] LAUNCH FINMOO_f2_cagrad04                         pid=2575829 slot=4/4 queue=48
[12:05:59] DONE   FINMOO_f1_gradnorm                         rc=0 0.3min
[12:05:59] LAUNCH FINMOO_f2_cagrad08                         pid=2575838 slot=4/4 queue=47
[12:06:04] DONE   FINMOO_f2_cagrad                           rc=0 0.3min
[12:06:04] LAUNCH FINMOO_f2_mgda                             pid=2575856 slot=4/4 queue=46
[12:06:09] DONE   FINMOO_f2_pcgrad                           rc=0 0.4min
[12:06:09] LAUNCH FINMOO_f2_aligned                          pid=2575866 slot=4/4 queue=45
[12:06:19] DONE   FINMOO_f2_cagrad04                         rc=0 0.4min
[12:06:19] DONE   FINMOO_f2_cagrad08                         rc=0 0.3min
[12:06:19] LAUNCH FINMOO_f2_imtlg                            pid=2575891 slot=3/4 queue=44
[12:06:19] LAUNCH FINMOO_f2_nash                             pid=2575892 slot=4/4 queue=43
[12:06:24] DONE   FINMOO_f2_mgda                             rc=0 0.3min
[12:06:24] LAUNCH FINMOO_f2_famo                             pid=2575921 slot=4/4 queue=42
[12:06:29] DONE   FINMOO_f2_aligned                          rc=0 0.3min
[12:06:29] LAUNCH FINMOO_f2_uw                               pid=2575932 slot=4/4 queue=41
[12:06:34] DONE   FINMOO_f2_imtlg                            rc=0 0.3min
[12:06:34] LAUNCH FINMOO_f2_imtll                            pid=2575945 slot=4/4 queue=40
[12:06:39] DONE   FINMOO_f2_famo                             rc=0 0.3min
[12:06:39] LAUNCH FINMOO_f2_gradnorm                         pid=2575956 slot=4/4 queue=39
[12:06:44] DONE   FINMOO_f2_uw                               rc=0 0.3min
[12:06:44] LAUNCH FINMOO_f3_sum                              pid=2575967 slot=4/4 queue=38
[12:06:49] DONE   FINMOO_f2_imtll                            rc=0 0.3min
[12:06:49] LAUNCH FINMOO_f3_pcgrad                           pid=2575976 slot=4/4 queue=37
[12:06:54] DONE   FINMOO_f2_gradnorm                         rc=0 0.3min
[12:06:54] LAUNCH FINMOO_f3_cagrad                           pid=2576002 slot=4/4 queue=36
[12:06:59] DONE   FINMOO_f3_sum                              rc=0 0.3min
[12:06:59] LAUNCH FINMOO_f3_cagrad04                         pid=2576013 slot=4/4 queue=35
[12:07:09] DONE   FINMOO_f3_pcgrad                           rc=0 0.3min
[12:07:09] LAUNCH FINMOO_f3_cagrad08                         pid=2576027 slot=4/4 queue=34
[12:07:14] DONE   FINMOO_f2_nash                             rc=0 0.9min
[12:07:14] LAUNCH FINMOO_f3_mgda                             pid=2576038 slot=4/4 queue=33
[12:07:24] DONE   FINMOO_f3_cagrad04                         rc=0 0.4min
[12:07:24] LAUNCH FINMOO_f3_aligned                          pid=2576065 slot=4/4 queue=32
[12:07:29] DONE   FINMOO_f3_cagrad                           rc=0 0.6min
[12:07:29] DONE   FINMOO_f3_cagrad08                         rc=0 0.3min
[12:07:29] LAUNCH FINMOO_f3_imtlg                            pid=2576074 slot=3/4 queue=31
[12:07:29] LAUNCH FINMOO_f3_nash                             pid=2576075 slot=4/4 queue=30
[12:07:34] DONE   FINMOO_f3_mgda                             rc=0 0.3min
[12:07:34] LAUNCH FINMOO_f3_famo                             pid=2576095 slot=4/4 queue=29
[12:07:59] DONE   FINMOO_f3_aligned                          rc=0 0.6min
[12:07:59] DONE   FINMOO_f3_famo                             rc=0 0.4min
[12:07:59] LAUNCH FINMOO_f3_uw                               pid=2576138 slot=3/4 queue=28
[12:07:59] LAUNCH FINMOO_f3_imtll                            pid=2576139 slot=4/4 queue=27
[12:08:04] DONE   FINMOO_f3_imtlg                            rc=0 0.6min
[12:08:04] LAUNCH FINMOO_f3_gradnorm                         pid=2576159 slot=4/4 queue=26
[12:08:09] DONE   FINMOO_f3_nash                             rc=0 0.7min
[12:08:09] LAUNCH FINMOO_f4_sum                              pid=2576171 slot=4/4 queue=25
[12:08:14] DONE   FINMOO_f3_imtll                            rc=0 0.3min
[12:08:14] LAUNCH FINMOO_f4_pcgrad                           pid=2576180 slot=4/4 queue=24
[12:08:19] DONE   FINMOO_f3_uw                               rc=0 0.3min
[12:08:19] DONE   FINMOO_f3_gradnorm                         rc=0 0.3min
[12:08:19] LAUNCH FINMOO_f4_cagrad                           pid=2576191 slot=3/4 queue=23
[12:08:19] LAUNCH FINMOO_f4_cagrad04                         pid=2576192 slot=4/4 queue=22
[12:08:24] DONE   FINMOO_f4_sum                              rc=0 0.3min
[12:08:24] LAUNCH FINMOO_f4_cagrad08                         pid=2576221 slot=4/4 queue=21
[12:08:39] DONE   FINMOO_f4_pcgrad                           rc=0 0.4min
[12:08:39] LAUNCH FINMOO_f4_mgda                             pid=2576236 slot=4/4 queue=20
[12:08:44] DONE   FINMOO_f4_cagrad04                         rc=0 0.4min
[12:08:44] LAUNCH FINMOO_f4_aligned                          pid=2576840 slot=4/4 queue=19
[12:08:59] DONE   FINMOO_f4_cagrad                           rc=0 0.7min
[12:08:59] DONE   FINMOO_f4_cagrad08                         rc=0 0.6min
[12:08:59] LAUNCH FINMOO_f4_imtlg                            pid=2576926 slot=3/4 queue=18
[12:08:59] LAUNCH FINMOO_f4_nash                             pid=2576927 slot=4/4 queue=17
[12:09:09] DONE   FINMOO_f4_mgda                             rc=0 0.5min
[12:09:09] LAUNCH FINMOO_f4_famo                             pid=2577081 slot=4/4 queue=16
[12:09:29] DONE   FINMOO_f4_aligned                          rc=0 0.8min
[12:09:29] DONE   FINMOO_f4_famo                             rc=0 0.3min
[12:09:29] LAUNCH FINMOO_f4_uw                               pid=2577323 slot=3/4 queue=15
[12:09:29] LAUNCH FINMOO_f4_imtll                            pid=2577324 slot=4/4 queue=14
[12:09:34] DONE   FINMOO_f4_imtlg                            rc=0 0.6min
[12:09:34] LAUNCH FINMOO_f4_gradnorm                         pid=2577388 slot=4/4 queue=13
[12:09:44] DONE   FINMOO_f4_imtll                            rc=0 0.3min
[12:09:44] LAUNCH FINMOO_f5_sum                              pid=2577480 slot=4/4 queue=12
[12:09:49] DONE   FINMOO_f4_uw                               rc=0 0.3min
[12:09:49] LAUNCH FINMOO_f5_pcgrad                           pid=2577517 slot=4/4 queue=11
[12:09:54] DONE   FINMOO_f4_gradnorm                         rc=0 0.3min
[12:09:54] LAUNCH FINMOO_f5_cagrad                           pid=2577571 slot=4/4 queue=10
[12:10:09] DONE   FINMOO_f5_sum                              rc=0 0.4min
[12:10:09] LAUNCH FINMOO_f5_cagrad04                         pid=2577761 slot=4/4 queue=9
[12:10:19] DONE   FINMOO_f4_nash                             rc=0 1.3min
[12:10:19] DONE   FINMOO_f5_pcgrad                           rc=0 0.5min
[12:10:19] LAUNCH FINMOO_f5_cagrad08                         pid=2577829 slot=3/4 queue=8
[12:10:19] LAUNCH FINMOO_f5_mgda                             pid=2577830 slot=4/4 queue=7
[12:10:39] DONE   FINMOO_f5_cagrad                           rc=0 0.8min
[12:10:39] LAUNCH FINMOO_f5_aligned                          pid=2577978 slot=4/4 queue=6
[12:10:44] DONE   FINMOO_f5_cagrad04                         rc=0 0.6min
[12:10:44] DONE   FINMOO_f5_cagrad08                         rc=0 0.4min
[12:10:44] LAUNCH FINMOO_f5_imtlg                            pid=2577990 slot=3/4 queue=5
[12:10:44] LAUNCH FINMOO_f5_nash                             pid=2577991 slot=4/4 queue=4
[12:11:04] DONE   FINMOO_f5_mgda                             rc=0 0.8min
[12:11:04] DONE   FINMOO_f5_imtlg                            rc=0 0.3min
[12:11:04] LAUNCH FINMOO_f5_famo                             pid=2578029 slot=3/4 queue=3
[12:11:04] LAUNCH FINMOO_f5_uw                               pid=2578030 slot=4/4 queue=2
[12:11:09] DONE   FINMOO_f5_aligned                          rc=0 0.5min
[12:11:09] LAUNCH FINMOO_f5_imtll                            pid=2578050 slot=4/4 queue=1
[12:11:34] DONE   FINMOO_f5_famo                             rc=0 0.5min
[12:11:34] DONE   FINMOO_f5_uw                               rc=0 0.5min
[12:11:34] DONE   FINMOO_f5_imtll                            rc=0 0.4min
[12:11:34] LAUNCH FINMOO_f5_gradnorm                         pid=2578085 slot=2/4 queue=0
[12:11:59] DONE   FINMOO_f5_gradnorm                         rc=0 0.4min
[12:12:04] DONE   FINMOO_f5_nash                             rc=0 1.3min
[12:12:04] runner FINISHED: 78/78 ok
