[12:50:59] runner start: 10 jobs, 10 slots
[12:50:59] resume: 0 already done, 10 to run
[12:50:59] LAUNCH MOO32_battery_s0                           pid=2587663 slot=1/10 queue=9
[12:50:59] LAUNCH MOO32_battery_s1                           pid=2587664 slot=2/10 queue=8
[12:50:59] LAUNCH MOO32_battery_s2                           pid=2587665 slot=3/10 queue=7
[12:50:59] LAUNCH MOO32_battery_s3                           pid=2587666 slot=4/10 queue=6
[12:50:59] LAUNCH MOO32_battery_s4                           pid=2587667 slot=5/10 queue=5
[12:50:59] LAUNCH MOO32_battery_s5                           pid=2587668 slot=6/10 queue=4
[12:50:59] LAUNCH MOO32_battery_s6                           pid=2587669 slot=7/10 queue=3
[12:50:59] LAUNCH MOO32_battery_s7                           pid=2587670 slot=8/10 queue=2
[12:50:59] LAUNCH MOO32_battery_s8                           pid=2587671 slot=9/10 queue=1
[12:50:59] LAUNCH MOO32_battery_s9                           pid=2587672 slot=10/10 queue=0
[12:55:14] DONE   MOO32_battery_s5                           rc=0 4.3min
[12:55:39] DONE   MOO32_battery_s8                           rc=0 4.7min
[12:55:59] DONE   MOO32_battery_s0                           rc=0 5.0min
[12:55:59] DONE   MOO32_battery_s4                           rc=0 5.0min
[12:55:59] DONE   MOO32_battery_s6                           rc=0 5.0min
[12:55:59] DONE   MOO32_battery_s7                           rc=0 5.0min
[12:56:04] DONE   MOO32_battery_s3                           rc=0 5.1min
[12:56:09] DONE   MOO32_battery_s2                           rc=0 5.2min
[12:56:09] DONE   MOO32_battery_s9                           rc=0 5.2min
[12:56:14] DONE   MOO32_battery_s1                           rc=0 5.3min
[12:56:14] runner FINISHED: 10/10 ok
