[11:39:30] runner start: 30 jobs, 8 slots
[11:39:30] resume: 0 already done, 30 to run
[11:39:30] LAUNCH MOO_har_s0                                 pid=2568317 slot=1/8 queue=29
[11:39:30] LAUNCH MOO_har_s1                                 pid=2568318 slot=2/8 queue=28
[11:39:30] LAUNCH MOO_har_s2                                 pid=2568319 slot=3/8 queue=27
[11:39:30] LAUNCH MOO_har_s3                                 pid=2568320 slot=4/8 queue=26
[11:39:30] LAUNCH MOO_har_s4                                 pid=2568321 slot=5/8 queue=25
[11:39:30] LAUNCH MOO_har_s5                                 pid=2568322 slot=6/8 queue=24
[11:39:30] LAUNCH MOO_har_s6                                 pid=2568323 slot=7/8 queue=23
[11:39:30] LAUNCH MOO_har_s7                                 pid=2568324 slot=8/8 queue=22
[11:47:15] DONE   MOO_har_s4                                 rc=0 7.8min
[11:47:15] LAUNCH MOO_har_s8                                 pid=2569939 slot=8/8 queue=21
[11:48:15] DONE   MOO_har_s6                                 rc=0 8.8min
[11:48:15] LAUNCH MOO_har_s9                                 pid=2570078 slot=8/8 queue=20
[11:49:25] DONE   MOO_har_s7                                 rc=0 9.9min
[11:49:25] LAUNCH MOO_radioml_s0                             pid=2570172 slot=8/8 queue=19
[11:49:50] DONE   MOO_har_s1                                 rc=0 10.3min
[11:49:50] LAUNCH MOO_radioml_s1                             pid=2570259 slot=8/8 queue=18
[11:50:00] DONE   MOO_har_s2                                 rc=0 10.5min
[11:50:00] LAUNCH MOO_radioml_s2                             pid=2570278 slot=8/8 queue=17
[11:50:10] DONE   MOO_har_s0                                 rc=0 10.7min
[11:50:10] DONE   MOO_har_s5                                 rc=0 10.7min
[11:50:10] LAUNCH MOO_radioml_s3                             pid=2570346 slot=7/8 queue=16
[11:50:10] LAUNCH MOO_radioml_s4                             pid=2570347 slot=8/8 queue=15
[11:50:55] DONE   MOO_har_s3                                 rc=0 11.4min
[11:50:55] LAUNCH MOO_radioml_s5                             pid=2570484 slot=8/8 queue=14
[11:54:45] DONE   MOO_har_s8                                 rc=0 7.5min
[11:54:45] LAUNCH MOO_radioml_s6                             pid=2571152 slot=8/8 queue=13
[11:57:55] DONE   MOO_har_s9                                 rc=0 9.7min
[11:57:55] LAUNCH MOO_radioml_s7                             pid=2572965 slot=8/8 queue=12
