[01:56:09] runner start: 20 jobs, 1 slots
[01:56:09] resume: 4 already done, 16 to run
[01:56:09] LAUNCH R1_calib_radioml_m32                       pid=1686355 slot=1/1 queue=15
[02:15:14] DONE   R1_calib_radioml_m32                       rc=0 19.1min
[02:15:14] LAUNCH R1_calib_radioml_m64                       pid=1691176 slot=1/1 queue=14
[02:35:09] DONE   R1_calib_radioml_m64                       rc=0 19.9min
[02:35:09] LAUNCH R1_calib_radioml_m128                      pid=1693160 slot=1/1 queue=13
[02:56:49] DONE   R1_calib_radioml_m128                      rc=0 21.7min
[02:56:49] LAUNCH R1_calib_radioml_m256                      pid=1696791 slot=1/1 queue=12
[03:23:19] DONE   R1_calib_radioml_m256                      rc=0 26.5min
[03:23:19] LAUNCH R1_calib_battery_m32                       pid=1702408 slot=1/1 queue=11
[03:23:44] DONE   R1_calib_battery_m32                       rc=0 0.4min
[03:23:44] LAUNCH R1_calib_battery_m64                       pid=1702442 slot=1/1 queue=10
[03:24:09] DONE   R1_calib_battery_m64                       rc=0 0.4min
[03:24:09] LAUNCH R1_calib_battery_m128                      pid=1702472 slot=1/1 queue=9
[03:24:34] DONE   R1_calib_battery_m128                      rc=0 0.4min
[03:24:34] LAUNCH R1_calib_battery_m256                      pid=1702503 slot=1/1 queue=8
[03:25:04] DONE   R1_calib_battery_m256                      rc=0 0.5min
[03:25:04] LAUNCH R1_dose_har_ahi                            pid=1702581 slot=1/1 queue=7
[03:30:04] DONE   R1_dose_har_ahi                            rc=0 5.0min
[03:30:04] LAUNCH R1_dose_har_alo                            pid=1703144 slot=1/1 queue=6
