[12:27:26] runner start: 28 jobs, 1 slots
[12:27:26] resume: 0 already done, 28 to run
[12:27:26] LAUNCH R5fin_joint_s3                             pid=1800703 slot=1/1 queue=27
[12:28:11] DONE   R5fin_joint_s3                             rc=0 0.8min
[12:28:11] LAUNCH R5fin_joint_s4                             pid=1800745 slot=1/1 queue=26
[12:29:01] DONE   R5fin_joint_s4                             rc=0 0.8min
[12:29:01] LAUNCH R5fin_joint_s5                             pid=1800796 slot=1/1 queue=25
[12:29:46] DONE   R5fin_joint_s5                             rc=0 0.8min
[12:29:46] LAUNCH R5fin_joint_s6                             pid=1800897 slot=1/1 queue=24
[12:30:36] DONE   R5fin_joint_s6                             rc=0 0.8min
[12:30:36] LAUNCH R5fin_joint_s7                             pid=1801050 slot=1/1 queue=23
[12:31:26] DONE   R5fin_joint_s7                             rc=0 0.8min
[12:31:26] LAUNCH R5fin_joint_s8                             pid=1801115 slot=1/1 queue=22
[12:32:11] DONE   R5fin_joint_s8                             rc=0 0.8min
[12:32:11] LAUNCH R5fin_joint_s9                             pid=1801150 slot=1/1 queue=21
[12:32:56] DONE   R5fin_joint_s9                             rc=0 0.8min
[12:32:56] LAUNCH R5fin_stf0_s3                              pid=1801223 slot=1/1 queue=20
[12:33:31] DONE   R5fin_stf0_s3                              rc=0 0.6min
[12:33:31] LAUNCH R5fin_stf0_s4                              pid=1801255 slot=1/1 queue=19
[12:34:11] DONE   R5fin_stf0_s4                              rc=0 0.7min
[12:34:11] LAUNCH R5fin_stf0_s5                              pid=1801290 slot=1/1 queue=18
[12:34:56] DONE   R5fin_stf0_s5                              rc=0 0.8min
[12:34:56] LAUNCH R5fin_stf0_s6                              pid=1801401 slot=1/1 queue=17
[12:35:31] DONE   R5fin_stf0_s6                              rc=0 0.6min
[12:35:31] LAUNCH R5fin_stf0_s7                              pid=1801474 slot=1/1 queue=16
[12:36:21] DONE   R5fin_stf0_s7                              rc=0 0.8min
[12:36:21] LAUNCH R5fin_stf0_s8                              pid=1801540 slot=1/1 queue=15
[12:37:06] DONE   R5fin_stf0_s8                              rc=0 0.8min
[12:37:06] LAUNCH R5fin_stf0_s9                              pid=1801621 slot=1/1 queue=14
[12:37:46] DONE   R5fin_stf0_s9                              rc=0 0.7min
[12:37:46] LAUNCH R5fin_stfhard_s3                           pid=1801659 slot=1/1 queue=13
[12:39:16] DONE   R5fin_stfhard_s3                           rc=0 1.5min
[12:39:16] LAUNCH R5fin_stfhard_s4                           pid=1802343 slot=1/1 queue=12
[12:40:41] DONE   R5fin_stfhard_s4                           rc=0 1.4min
[12:40:41] LAUNCH R5fin_stfhard_s5                           pid=1802497 slot=1/1 queue=11
[12:42:16] DONE   R5fin_stfhard_s5                           rc=0 1.6min
[12:42:16] LAUNCH R5fin_stfhard_s6                           pid=1802578 slot=1/1 queue=10
[12:43:36] DONE   R5fin_stfhard_s6                           rc=0 1.3min
[12:43:36] LAUNCH R5fin_stfhard_s7                           pid=1804111 slot=1/1 queue=9
[12:45:11] DONE   R5fin_stfhard_s7                           rc=0 1.6min
[12:45:11] LAUNCH R5fin_stfhard_s8                           pid=1804245 slot=1/1 queue=8
[12:46:41] DONE   R5fin_stfhard_s8                           rc=0 1.5min
[12:46:41] LAUNCH R5fin_stfhard_s9                           pid=1804328 slot=1/1 queue=7
[12:48:01] DONE   R5fin_stfhard_s9                           rc=0 1.3min
[12:48:01] LAUNCH R5fin_stfsoft_s3                           pid=1804440 slot=1/1 queue=6
[12:49:26] DONE   R5fin_stfsoft_s3                           rc=0 1.4min
[12:49:26] LAUNCH R5fin_stfsoft_s4                           pid=1804530 slot=1/1 queue=5
[12:50:51] DONE   R5fin_stfsoft_s4                           rc=0 1.4min
[12:50:51] LAUNCH R5fin_stfsoft_s5                           pid=1804660 slot=1/1 queue=4
[12:52:16] DONE   R5fin_stfsoft_s5                           rc=0 1.4min
[12:52:16] LAUNCH R5fin_stfsoft_s6                           pid=1804749 slot=1/1 queue=3
[12:53:41] DONE   R5fin_stfsoft_s6                           rc=0 1.4min
[12:53:41] LAUNCH R5fin_stfsoft_s7                           pid=1804826 slot=1/1 queue=2
[12:55:11] DONE   R5fin_stfsoft_s7                           rc=0 1.5min
[12:55:11] LAUNCH R5fin_stfsoft_s8                           pid=1804946 slot=1/1 queue=1
[12:56:46] DONE   R5fin_stfsoft_s8                           rc=0 1.6min
[12:56:46] LAUNCH R5fin_stfsoft_s9                           pid=1805109 slot=1/1 queue=0
[12:58:11] DONE   R5fin_stfsoft_s9                           rc=0 1.4min
[12:58:11] runner FINISHED: 28/28 ok
