[12:18:28] runner start: 28 jobs, 1 slots
[12:18:28] resume: 0 already done, 28 to run
[12:18:28] LAUNCH R5fin_joint_s3                             pid=1797638 slot=1/1 queue=27
[12:18:33] FAIL   R5fin_joint_s3                             rc=1 try=1 -> requeue
[12:18:33] LAUNCH R5fin_joint_s4                             pid=1797651 slot=1/1 queue=27
[12:18:38] FAIL   R5fin_joint_s4                             rc=1 try=1 -> requeue
[12:18:38] LAUNCH R5fin_joint_s5                             pid=1797660 slot=1/1 queue=27
[12:18:43] FAIL   R5fin_joint_s5                             rc=1 try=1 -> requeue
[12:18:43] LAUNCH R5fin_joint_s6                             pid=1797691 slot=1/1 queue=27
[12:18:48] FAIL   R5fin_joint_s6                             rc=1 try=1 -> requeue
[12:18:48] LAUNCH R5fin_joint_s7                             pid=1797718 slot=1/1 queue=27
[12:18:53] FAIL   R5fin_joint_s7                             rc=1 try=1 -> requeue
[12:18:53] LAUNCH R5fin_joint_s8                             pid=1797728 slot=1/1 queue=27
[12:18:58] FAIL   R5fin_joint_s8                             rc=1 try=1 -> requeue
[12:18:58] LAUNCH R5fin_joint_s9                             pid=1797734 slot=1/1 queue=27
[12:19:03] FAIL   R5fin_joint_s9                             rc=1 try=1 -> requeue
[12:19:03] LAUNCH R5fin_stf0_s3                              pid=1797743 slot=1/1 queue=27
[12:19:08] FAIL   R5fin_stf0_s3                              rc=1 try=1 -> requeue
[12:19:08] LAUNCH R5fin_stf0_s4                              pid=1797749 slot=1/1 queue=27
[12:19:13] FAIL   R5fin_stf0_s4                              rc=1 try=1 -> requeue
[12:19:13] LAUNCH R5fin_stf0_s5                              pid=1797757 slot=1/1 queue=27
[12:19:18] FAIL   R5fin_stf0_s5                              rc=1 try=1 -> requeue
[12:19:18] LAUNCH R5fin_stf0_s6                              pid=1797785 slot=1/1 queue=27
[12:19:23] FAIL   R5fin_stf0_s6                              rc=1 try=1 -> requeue
[12:19:23] LAUNCH R5fin_stf0_s7                              pid=1797817 slot=1/1 queue=27
[12:19:28] FAIL   R5fin_stf0_s7                              rc=1 try=1 -> requeue
[12:19:28] LAUNCH R5fin_stf0_s8                              pid=1797858 slot=1/1 queue=27
[12:19:33] FAIL   R5fin_stf0_s8                              rc=1 try=1 -> requeue
[12:19:33] LAUNCH R5fin_stf0_s9                              pid=1797885 slot=1/1 queue=27
[12:19:38] FAIL   R5fin_stf0_s9                              rc=1 try=1 -> requeue
[12:19:38] LAUNCH R5fin_stfhard_s3                           pid=1797913 slot=1/1 queue=27
[12:19:43] FAIL   R5fin_stfhard_s3                           rc=1 try=1 -> requeue
[12:19:43] LAUNCH R5fin_stfhard_s4                           pid=1797950 slot=1/1 queue=27
[12:19:48] FAIL   R5fin_stfhard_s4                           rc=1 try=1 -> requeue
[12:19:48] LAUNCH R5fin_stfhard_s5                           pid=1798012 slot=1/1 queue=27
[12:19:53] FAIL   R5fin_stfhard_s5                           rc=1 try=1 -> requeue
[12:19:53] LAUNCH R5fin_stfhard_s6                           pid=1798027 slot=1/1 queue=27
[12:19:58] FAIL   R5fin_stfhard_s6                           rc=1 try=1 -> requeue
[12:19:58] LAUNCH R5fin_stfhard_s7                           pid=1798065 slot=1/1 queue=27
[12:20:03] FAIL   R5fin_stfhard_s7                           rc=1 try=1 -> requeue
[12:20:03] LAUNCH R5fin_stfhard_s8                           pid=1798213 slot=1/1 queue=27
[12:20:08] FAIL   R5fin_stfhard_s8                           rc=1 try=1 -> requeue
[12:20:08] LAUNCH R5fin_stfhard_s9                           pid=1798386 slot=1/1 queue=27
[12:20:13] FAIL   R5fin_stfhard_s9                           rc=1 try=1 -> requeue
[12:20:13] LAUNCH R5fin_stfsoft_s3                           pid=1798440 slot=1/1 queue=27
[12:20:18] FAIL   R5fin_stfsoft_s3                           rc=1 try=1 -> requeue
[12:20:18] LAUNCH R5fin_stfsoft_s4                           pid=1798538 slot=1/1 queue=27
[12:20:23] FAIL   R5fin_stfsoft_s4                           rc=1 try=1 -> requeue
[12:20:23] LAUNCH R5fin_stfsoft_s5                           pid=1798632 slot=1/1 queue=27
[12:20:28] FAIL   R5fin_stfsoft_s5                           rc=1 try=1 -> requeue
[12:20:28] LAUNCH R5fin_stfsoft_s6                           pid=1798729 slot=1/1 queue=27
[12:20:33] FAIL   R5fin_stfsoft_s6                           rc=1 try=1 -> requeue
[12:20:33] LAUNCH R5fin_stfsoft_s7                           pid=1798774 slot=1/1 queue=27
[12:20:38] FAIL   R5fin_stfsoft_s7                           rc=1 try=1 -> requeue
[12:20:38] LAUNCH R5fin_stfsoft_s8                           pid=1798848 slot=1/1 queue=27
[12:20:43] FAIL   R5fin_stfsoft_s8                           rc=1 try=1 -> requeue
[12:20:43] LAUNCH R5fin_stfsoft_s9                           pid=1798856 slot=1/1 queue=27
[12:20:48] FAIL   R5fin_stfsoft_s9                           rc=1 try=1 -> requeue
[12:20:48] LAUNCH R5fin_joint_s3                             pid=1798877 slot=1/1 queue=27
[12:20:53] FAIL   R5fin_joint_s3                             rc=1 try=2 -> requeue
[12:20:53] LAUNCH R5fin_joint_s4                             pid=1798884 slot=1/1 queue=27
[12:20:58] FAIL   R5fin_joint_s4                             rc=1 try=2 -> requeue
[12:20:58] LAUNCH R5fin_joint_s5                             pid=1798891 slot=1/1 queue=27
[12:21:03] FAIL   R5fin_joint_s5                             rc=1 try=2 -> requeue
[12:21:03] LAUNCH R5fin_joint_s6                             pid=1798918 slot=1/1 queue=27
[12:21:08] FAIL   R5fin_joint_s6                             rc=1 try=2 -> requeue
[12:21:08] LAUNCH R5fin_joint_s7                             pid=1798962 slot=1/1 queue=27
[12:21:13] FAIL   R5fin_joint_s7                             rc=1 try=2 -> requeue
[12:21:13] LAUNCH R5fin_joint_s8                             pid=1799014 slot=1/1 queue=27
[12:21:18] FAIL   R5fin_joint_s8                             rc=1 try=2 -> requeue
[12:21:18] LAUNCH R5fin_joint_s9                             pid=1799085 slot=1/1 queue=27
[12:21:23] FAIL   R5fin_joint_s9                             rc=1 try=2 -> requeue
[12:21:23] LAUNCH R5fin_stf0_s3                              pid=1799092 slot=1/1 queue=27
[12:21:28] FAIL   R5fin_stf0_s3                              rc=1 try=2 -> requeue
[12:21:28] LAUNCH R5fin_stf0_s4                              pid=1799100 slot=1/1 queue=27
[12:21:33] FAIL   R5fin_stf0_s4                              rc=1 try=2 -> requeue
[12:21:33] LAUNCH R5fin_stf0_s5                              pid=1799109 slot=1/1 queue=27
[12:21:38] FAIL   R5fin_stf0_s5                              rc=1 try=2 -> requeue
[12:21:38] LAUNCH R5fin_stf0_s6                              pid=1799121 slot=1/1 queue=27
[12:21:43] FAIL   R5fin_stf0_s6                              rc=1 try=2 -> requeue
[12:21:43] LAUNCH R5fin_stf0_s7                              pid=1799210 slot=1/1 queue=27
[12:21:48] FAIL   R5fin_stf0_s7                              rc=1 try=2 -> requeue
[12:21:48] LAUNCH R5fin_stf0_s8                              pid=1799841 slot=1/1 queue=27
[12:21:53] FAIL   R5fin_stf0_s8                              rc=1 try=2 -> requeue
[12:21:53] LAUNCH R5fin_stf0_s9                              pid=1799850 slot=1/1 queue=27
[12:21:58] FAIL   R5fin_stf0_s9                              rc=1 try=2 -> requeue
[12:21:58] LAUNCH R5fin_stfhard_s3                           pid=1799856 slot=1/1 queue=27
[12:22:03] FAIL   R5fin_stfhard_s3                           rc=1 try=2 -> requeue
[12:22:03] LAUNCH R5fin_stfhard_s4                           pid=1799863 slot=1/1 queue=27
[12:22:08] FAIL   R5fin_stfhard_s4                           rc=1 try=2 -> requeue
[12:22:08] LAUNCH R5fin_stfhard_s5                           pid=1799872 slot=1/1 queue=27
[12:22:13] FAIL   R5fin_stfhard_s5                           rc=1 try=2 -> requeue
[12:22:13] LAUNCH R5fin_stfhard_s6                           pid=1799879 slot=1/1 queue=27
[12:22:18] FAIL   R5fin_stfhard_s6                           rc=1 try=2 -> requeue
[12:22:18] LAUNCH R5fin_stfhard_s7                           pid=1799900 slot=1/1 queue=27
[12:22:23] FAIL   R5fin_stfhard_s7                           rc=1 try=2 -> requeue
[12:22:23] LAUNCH R5fin_stfhard_s8                           pid=1799908 slot=1/1 queue=27
[12:22:28] FAIL   R5fin_stfhard_s8                           rc=1 try=2 -> requeue
[12:22:28] LAUNCH R5fin_stfhard_s9                           pid=1799915 slot=1/1 queue=27
[12:22:33] FAIL   R5fin_stfhard_s9                           rc=1 try=2 -> requeue
[12:22:33] LAUNCH R5fin_stfsoft_s3                           pid=1799927 slot=1/1 queue=27
[12:22:38] FAIL   R5fin_stfsoft_s3                           rc=1 try=2 -> requeue
[12:22:38] LAUNCH R5fin_stfsoft_s4                           pid=1799940 slot=1/1 queue=27
[12:22:43] FAIL   R5fin_stfsoft_s4                           rc=1 try=2 -> requeue
[12:22:43] LAUNCH R5fin_stfsoft_s5                           pid=1799949 slot=1/1 queue=27
[12:22:48] FAIL   R5fin_stfsoft_s5                           rc=1 try=2 -> requeue
[12:22:48] LAUNCH R5fin_stfsoft_s6                           pid=1799970 slot=1/1 queue=27
[12:22:53] FAIL   R5fin_stfsoft_s6                           rc=1 try=2 -> requeue
[12:22:53] LAUNCH R5fin_stfsoft_s7                           pid=1799977 slot=1/1 queue=27
[12:22:58] FAIL   R5fin_stfsoft_s7                           rc=1 try=2 -> requeue
[12:22:58] LAUNCH R5fin_stfsoft_s8                           pid=1800035 slot=1/1 queue=27
[12:23:03] FAIL   R5fin_stfsoft_s8                           rc=1 try=2 -> requeue
[12:23:03] LAUNCH R5fin_stfsoft_s9                           pid=1800042 slot=1/1 queue=27
[12:23:08] FAIL   R5fin_stfsoft_s9                           rc=1 try=2 -> requeue
[12:23:08] LAUNCH R5fin_joint_s3                             pid=1800050 slot=1/1 queue=27
[12:23:13] FAIL   R5fin_joint_s3                             rc=1 giving up
[12:23:13] LAUNCH R5fin_joint_s4                             pid=1800058 slot=1/1 queue=26
[12:23:18] FAIL   R5fin_joint_s4                             rc=1 giving up
[12:23:18] LAUNCH R5fin_joint_s5                             pid=1800079 slot=1/1 queue=25
[12:23:23] FAIL   R5fin_joint_s5                             rc=1 giving up
[12:23:23] LAUNCH R5fin_joint_s6                             pid=1800086 slot=1/1 queue=24
[12:23:28] FAIL   R5fin_joint_s6                             rc=1 giving up
[12:23:28] LAUNCH R5fin_joint_s7                             pid=1800100 slot=1/1 queue=23
[12:23:33] FAIL   R5fin_joint_s7                             rc=1 giving up
[12:23:33] LAUNCH R5fin_joint_s8                             pid=1800107 slot=1/1 queue=22
[12:23:38] FAIL   R5fin_joint_s8                             rc=1 giving up
[12:23:38] LAUNCH R5fin_joint_s9                             pid=1800118 slot=1/1 queue=21
[12:23:43] FAIL   R5fin_joint_s9                             rc=1 giving up
[12:23:43] LAUNCH R5fin_stf0_s3                              pid=1800125 slot=1/1 queue=20
[12:23:48] FAIL   R5fin_stf0_s3                              rc=1 giving up
[12:23:48] LAUNCH R5fin_stf0_s4                              pid=1800147 slot=1/1 queue=19
[12:23:53] FAIL   R5fin_stf0_s4                              rc=1 giving up
[12:23:53] LAUNCH R5fin_stf0_s5                              pid=1800155 slot=1/1 queue=18
[12:23:58] FAIL   R5fin_stf0_s5                              rc=1 giving up
[12:23:58] LAUNCH R5fin_stf0_s6                              pid=1800161 slot=1/1 queue=17
[12:24:03] FAIL   R5fin_stf0_s6                              rc=1 giving up
[12:24:03] LAUNCH R5fin_stf0_s7                              pid=1800168 slot=1/1 queue=16
[12:24:08] FAIL   R5fin_stf0_s7                              rc=1 giving up
[12:24:08] LAUNCH R5fin_stf0_s8                              pid=1800176 slot=1/1 queue=15
[12:24:13] FAIL   R5fin_stf0_s8                              rc=1 giving up
[12:24:13] LAUNCH R5fin_stf0_s9                              pid=1800183 slot=1/1 queue=14
[12:24:18] FAIL   R5fin_stf0_s9                              rc=1 giving up
[12:24:18] LAUNCH R5fin_stfhard_s3                           pid=1800206 slot=1/1 queue=13
[12:24:23] FAIL   R5fin_stfhard_s3                           rc=1 giving up
[12:24:23] LAUNCH R5fin_stfhard_s4                           pid=1800213 slot=1/1 queue=12
[12:24:28] FAIL   R5fin_stfhard_s4                           rc=1 giving up
[12:24:28] LAUNCH R5fin_stfhard_s5                           pid=1800220 slot=1/1 queue=11
[12:24:33] FAIL   R5fin_stfhard_s5                           rc=1 giving up
[12:24:33] LAUNCH R5fin_stfhard_s6                           pid=1800227 slot=1/1 queue=10
[12:24:38] FAIL   R5fin_stfhard_s6                           rc=1 giving up
[12:24:38] LAUNCH R5fin_stfhard_s7                           pid=1800238 slot=1/1 queue=9
[12:24:43] FAIL   R5fin_stfhard_s7                           rc=1 giving up
[12:24:43] LAUNCH R5fin_stfhard_s8                           pid=1800247 slot=1/1 queue=8
[12:24:48] FAIL   R5fin_stfhard_s8                           rc=1 giving up
[12:24:48] LAUNCH R5fin_stfhard_s9                           pid=1800268 slot=1/1 queue=7
[12:24:53] FAIL   R5fin_stfhard_s9                           rc=1 giving up
[12:24:53] LAUNCH R5fin_stfsoft_s3                           pid=1800276 slot=1/1 queue=6
[12:24:58] FAIL   R5fin_stfsoft_s3                           rc=1 giving up
[12:24:58] LAUNCH R5fin_stfsoft_s4                           pid=1800282 slot=1/1 queue=5
[12:25:04] FAIL   R5fin_stfsoft_s4                           rc=1 giving up
[12:25:04] LAUNCH R5fin_stfsoft_s5                           pid=1800327 slot=1/1 queue=4
[12:25:09] FAIL   R5fin_stfsoft_s5                           rc=1 giving up
[12:25:09] LAUNCH R5fin_stfsoft_s6                           pid=1800336 slot=1/1 queue=3
[12:25:14] FAIL   R5fin_stfsoft_s6                           rc=1 giving up
[12:25:14] LAUNCH R5fin_stfsoft_s7                           pid=1800343 slot=1/1 queue=2
[12:25:19] FAIL   R5fin_stfsoft_s7                           rc=1 giving up
[12:25:19] LAUNCH R5fin_stfsoft_s8                           pid=1800369 slot=1/1 queue=1
[12:25:24] FAIL   R5fin_stfsoft_s8                           rc=1 giving up
[12:25:24] LAUNCH R5fin_stfsoft_s9                           pid=1800377 slot=1/1 queue=0
[12:25:29] FAIL   R5fin_stfsoft_s9                           rc=1 giving up
[12:25:29] runner FINISHED: 0/28 ok
