[01:09:15] runner start: 21 jobs, 3 slots
[01:09:15] resume: 0 already done, 21 to run
[01:09:15] LAUNCH R7_bmtl_singles                            pid=1938027 slot=1/3 queue=20
[01:09:15] LAUNCH R7_bmtl_joint3                             pid=1938029 slot=2/3 queue=19
[01:09:15] LAUNCH R7_dose_nyu_a0.03                          pid=1938032 slot=3/3 queue=18
[01:12:10] DONE   R7_dose_nyu_a0.03                          rc=0 2.9min
[01:12:10] LAUNCH R7_dose_nyu_a0.1                           pid=1939331 slot=3/3 queue=17
[01:12:55] DONE   R7_bmtl_joint3                             rc=0 3.7min
[01:12:55] LAUNCH R7_dose_nyu_a0.3                           pid=1939406 slot=3/3 queue=16
[01:14:25] DONE   R7_bmtl_singles                            rc=0 5.2min
[01:14:25] LAUNCH R7_dose_nyu_a0.5                           pid=1939552 slot=3/3 queue=15
[01:14:30] DONE   R7_dose_nyu_a0.1                           rc=0 2.3min
[01:14:30] LAUNCH R7_dose_nyu_a1                             pid=1939564 slot=3/3 queue=14
[01:15:05] DONE   R7_dose_nyu_a0.3                           rc=0 2.2min
[01:15:05] LAUNCH R7_dose_nyu_a3                             pid=1939687 slot=3/3 queue=13
[01:16:35] DONE   R7_dose_nyu_a0.5                           rc=0 2.2min
[01:16:35] LAUNCH R7_dose_nyu_a10                            pid=1939772 slot=3/3 queue=12
[01:16:45] DONE   R7_dose_nyu_a1                             rc=0 2.3min
[01:16:45] LAUNCH R7_dose_nyu_a30                            pid=1939798 slot=3/3 queue=11
[01:17:20] DONE   R7_dose_nyu_a3                             rc=0 2.3min
[01:17:20] LAUNCH R7_dose_nyu_a100                           pid=1939905 slot=3/3 queue=10
[01:18:45] DONE   R7_dose_nyu_a10                            rc=0 2.2min
[01:18:45] LAUNCH R7_calib_nyu_m32                           pid=1940122 slot=3/3 queue=9
[01:18:55] DONE   R7_dose_nyu_a30                            rc=0 2.2min
[01:18:55] LAUNCH R7_calib_nyu_m64                           pid=1940150 slot=3/3 queue=8
[01:19:30] DONE   R7_dose_nyu_a100                           rc=0 2.2min
[01:19:30] LAUNCH R7_calib_nyu_m128                          pid=1940184 slot=3/3 queue=7
[01:19:45] DONE   R7_calib_nyu_m32                           rc=0 1.0min
[01:19:45] LAUNCH R7_bmtl_aux_proj                           pid=1940193 slot=3/3 queue=6
[01:20:00] DONE   R7_calib_nyu_m64                           rc=0 1.1min
[01:20:00] LAUNCH R7_bmtl_stf0_proj                          pid=1940230 slot=3/3 queue=5
[01:21:00] DONE   R7_calib_nyu_m128                          rc=0 1.5min
[01:21:00] LAUNCH R7_bmtl_stfcal_proj                        pid=1940407 slot=3/3 queue=4
[01:22:45] DONE   R7_bmtl_aux_proj                           rc=0 3.0min
[01:22:45] LAUNCH R7_bmtl_stfcalrank_proj                    pid=1940591 slot=3/3 queue=3
[01:22:55] DONE   R7_bmtl_stf0_proj                          rc=0 2.9min
[01:22:55] LAUNCH R7_bmtl_aux_ae                             pid=1940622 slot=3/3 queue=2
[01:24:10] DONE   R7_bmtl_stfcal_proj                        rc=0 3.2min
[01:24:10] LAUNCH R7_bmtl_stf0_ae                            pid=1941329 slot=3/3 queue=1
[01:26:25] DONE   R7_bmtl_stfcalrank_proj                    rc=0 3.7min
[01:26:25] LAUNCH R7_bmtl_stfcal_ae                          pid=1941502 slot=3/3 queue=0
[01:26:30] DONE   R7_bmtl_aux_ae                             rc=0 3.6min
[01:27:30] DONE   R7_bmtl_stf0_ae                            rc=0 3.3min
[01:28:40] DONE   R7_bmtl_stfcal_ae                          rc=0 2.3min
[01:28:40] runner FINISHED: 21/21 ok
