[09:23:53] runner start: 15 jobs, 6 slots
[09:23:53] resume: 0 already done, 15 to run
[09:23:53] LAUNCH REG2_har_s0                                pid=2813602 slot=1/6 queue=14
[09:23:54] LAUNCH REG2_har_s1                                pid=2813603 slot=2/6 queue=13
[09:23:54] LAUNCH REG2_har_s2                                pid=2813604 slot=3/6 queue=12
[09:23:54] LAUNCH REG2_har_s3                                pid=2813605 slot=4/6 queue=11
[09:23:54] LAUNCH REG2_har_s4                                pid=2813606 slot=5/6 queue=10
[09:23:54] LAUNCH REG2_battery_s0                            pid=2813607 slot=6/6 queue=9
[09:26:04] DONE   REG2_battery_s0                            rc=0 2.2min
[09:26:04] LAUNCH REG2_battery_s1                            pid=2814233 slot=6/6 queue=8
[09:28:24] DONE   REG2_battery_s1                            rc=0 2.3min
[09:28:24] LAUNCH REG2_battery_s2                            pid=2814496 slot=6/6 queue=7
[09:30:44] DONE   REG2_battery_s2                            rc=0 2.3min
[09:30:44] LAUNCH REG2_battery_s3                            pid=2814961 slot=6/6 queue=6
[09:33:44] DONE   REG2_battery_s3                            rc=0 3.0min
[09:33:44] LAUNCH REG2_battery_s4                            pid=2815450 slot=6/6 queue=5
[09:35:29] DONE   REG2_har_s2                                rc=0 11.6min
[09:35:29] DONE   REG2_har_s4                                rc=0 11.6min
[09:35:29] LAUNCH REG2_radioml_s0                            pid=2816251 slot=5/6 queue=4
[09:35:29] LAUNCH REG2_radioml_s1                            pid=2816252 slot=6/6 queue=3
[09:35:39] DONE   REG2_har_s3                                rc=0 11.8min
[09:35:39] LAUNCH REG2_radioml_s2                            pid=2816348 slot=6/6 queue=2
[09:35:44] DONE   REG2_har_s0                                rc=0 11.8min
[09:35:44] LAUNCH REG2_radioml_s3                            pid=2816359 slot=6/6 queue=1
[09:35:49] DONE   REG2_har_s1                                rc=0 11.9min
[09:35:49] LAUNCH REG2_radioml_s4                            pid=2816437 slot=6/6 queue=0
[09:36:34] DONE   REG2_battery_s4                            rc=0 2.8min
[12:27:45] DONE   REG2_radioml_s0                            rc=0 172.3min
[12:27:45] DONE   REG2_radioml_s1                            rc=0 172.3min
[12:27:50] DONE   REG2_radioml_s2                            rc=0 172.2min
[12:27:55] DONE   REG2_radioml_s3                            rc=0 172.2min
[12:28:00] DONE   REG2_radioml_s4                            rc=0 172.2min
[12:28:00] runner FINISHED: 15/15 ok
