[09:31:10] runner start: 15 jobs, 6 slots
[09:31:10] resume: 0 already done, 15 to run
[09:31:10] LAUNCH REG3_har_s0                                pid=2815109 slot=1/6 queue=14
[09:31:10] LAUNCH REG3_har_s1                                pid=2815110 slot=2/6 queue=13
[09:31:10] LAUNCH REG3_har_s2                                pid=2815111 slot=3/6 queue=12
[09:31:10] LAUNCH REG3_har_s3                                pid=2815112 slot=4/6 queue=11
[09:31:10] LAUNCH REG3_har_s4                                pid=2815113 slot=5/6 queue=10
[09:31:10] LAUNCH REG3_battery_s0                            pid=2815114 slot=6/6 queue=9
[09:32:15] DONE   REG3_battery_s0                            rc=0 1.1min
[09:32:15] LAUNCH REG3_battery_s1                            pid=2815290 slot=6/6 queue=8
[09:33:20] DONE   REG3_battery_s1                            rc=0 1.1min
[09:33:20] LAUNCH REG3_battery_s2                            pid=2815347 slot=6/6 queue=7
[09:34:20] DONE   REG3_battery_s2                            rc=0 1.0min
[09:34:20] LAUNCH REG3_battery_s3                            pid=2815482 slot=6/6 queue=6
[09:35:25] DONE   REG3_battery_s3                            rc=0 1.1min
[09:35:25] LAUNCH REG3_battery_s4                            pid=2816235 slot=6/6 queue=5
[09:35:45] DONE   REG3_har_s0                                rc=0 4.6min
[09:35:45] DONE   REG3_har_s1                                rc=0 4.6min
[09:35:45] DONE   REG3_har_s2                                rc=0 4.6min
[09:35:45] DONE   REG3_har_s3                                rc=0 4.6min
[09:35:45] DONE   REG3_har_s4                                rc=0 4.6min
[09:35:45] LAUNCH REG3_radioml_s0                            pid=2816403 slot=2/6 queue=4
[09:35:45] LAUNCH REG3_radioml_s1                            pid=2816404 slot=3/6 queue=3
[09:35:45] LAUNCH REG3_radioml_s2                            pid=2816405 slot=4/6 queue=2
[09:35:45] LAUNCH REG3_radioml_s3                            pid=2816406 slot=5/6 queue=1
[09:35:45] LAUNCH REG3_radioml_s4                            pid=2816407 slot=6/6 queue=0
[09:36:15] DONE   REG3_battery_s4                            rc=0 0.8min
[10:38:15] DONE   REG3_radioml_s3                            rc=0 62.5min
[10:38:15] DONE   REG3_radioml_s4                            rc=0 62.5min
[10:38:20] DONE   REG3_radioml_s0                            rc=0 62.6min
[10:38:20] DONE   REG3_radioml_s1                            rc=0 62.6min
[10:38:20] DONE   REG3_radioml_s2                            rc=0 62.6min
[10:38:20] runner FINISHED: 15/15 ok
