[09:38:15] runner start: 45 jobs, 6 slots
[09:38:15] resume: 0 already done, 45 to run
[09:38:15] LAUNCH REG_har_s5                                 pid=2816806 slot=1/6 queue=44
[09:38:15] LAUNCH REG2_har_s5                                pid=2816807 slot=2/6 queue=43
[09:38:15] LAUNCH REG3_har_s5                                pid=2816808 slot=3/6 queue=42
[09:38:15] LAUNCH REG_har_s6                                 pid=2816809 slot=4/6 queue=41
[09:38:15] LAUNCH REG2_har_s6                                pid=2816810 slot=5/6 queue=40
[09:38:15] LAUNCH REG3_har_s6                                pid=2816811 slot=6/6 queue=39
[09:43:10] DONE   REG3_har_s5                                rc=0 4.9min
[09:43:10] LAUNCH REG_har_s7                                 pid=2817229 slot=6/6 queue=38
[09:44:00] DONE   REG3_har_s6                                rc=0 5.8min
[09:44:00] LAUNCH REG2_har_s7                                pid=2817266 slot=6/6 queue=37
[09:51:55] DONE   REG_har_s5                                 rc=0 13.7min
[09:51:55] DONE   REG_har_s6                                 rc=0 13.7min
[09:51:55] LAUNCH REG3_har_s7                                pid=2819302 slot=5/6 queue=36
[09:51:55] LAUNCH REG_har_s8                                 pid=2819303 slot=6/6 queue=35
[09:54:35] DONE   REG2_har_s6                                rc=0 16.3min
[09:54:35] LAUNCH REG2_har_s8                                pid=2819440 slot=6/6 queue=34
[09:54:45] DONE   REG2_har_s5                                rc=0 16.5min
[09:54:45] LAUNCH REG3_har_s8                                pid=2819469 slot=6/6 queue=33
[09:57:05] DONE   REG3_har_s7                                rc=0 5.2min
[09:57:05] LAUNCH REG_har_s9                                 pid=2819624 slot=6/6 queue=32
[09:57:45] DONE   REG_har_s7                                 rc=0 14.6min
[09:57:45] LAUNCH REG2_har_s9                                pid=2819680 slot=6/6 queue=31
[10:00:20] DONE   REG2_har_s7                                rc=0 16.3min
[10:00:20] LAUNCH REG3_har_s9                                pid=2819927 slot=6/6 queue=30
[10:00:30] DONE   REG3_har_s8                                rc=0 5.8min
[10:00:30] LAUNCH REG_battery_s5                             pid=2819944 slot=6/6 queue=29
[10:03:25] DONE   REG_battery_s5                             rc=0 2.9min
[10:03:25] LAUNCH REG2_battery_s5                            pid=2820905 slot=6/6 queue=28
[10:05:05] DONE   REG3_har_s9                                rc=0 4.8min
[10:05:05] LAUNCH REG3_battery_s5                            pid=2821654 slot=6/6 queue=27
[10:05:40] DONE   REG_har_s8                                 rc=0 13.8min
[10:05:40] LAUNCH REG_battery_s6                             pid=2821690 slot=6/6 queue=26
[10:06:10] DONE   REG3_battery_s5                            rc=0 1.1min
[10:06:10] LAUNCH REG2_battery_s6                            pid=2821735 slot=6/6 queue=25
[10:06:50] DONE   REG2_battery_s5                            rc=0 3.4min
[10:06:50] LAUNCH REG3_battery_s6                            pid=2821792 slot=6/6 queue=24
[10:07:55] DONE   REG3_battery_s6                            rc=0 1.1min
[10:07:55] LAUNCH REG_battery_s7                             pid=2821903 slot=6/6 queue=23
[10:08:25] DONE   REG_battery_s6                             rc=0 2.8min
[10:08:25] LAUNCH REG2_battery_s7                            pid=2822115 slot=6/6 queue=22
[10:09:30] DONE   REG2_battery_s6                            rc=0 3.3min
[10:09:30] LAUNCH REG3_battery_s7                            pid=2822817 slot=6/6 queue=21
[10:10:10] DONE   REG_har_s9                                 rc=0 13.1min
[10:10:10] LAUNCH REG_battery_s8                             pid=2822919 slot=6/6 queue=20
[10:10:20] DONE   REG2_har_s8                                rc=0 15.8min
[10:10:20] LAUNCH REG2_battery_s8                            pid=2822950 slot=6/6 queue=19
[10:10:35] DONE   REG3_battery_s7                            rc=0 1.1min
[10:10:35] LAUNCH REG3_battery_s8                            pid=2822967 slot=6/6 queue=18
[10:10:40] DONE   REG_battery_s7                             rc=0 2.8min
[10:10:40] LAUNCH REG_battery_s9                             pid=2822978 slot=6/6 queue=17
[10:11:35] DONE   REG2_battery_s7                            rc=0 3.2min
[10:11:35] DONE   REG3_battery_s8                            rc=0 1.0min
[10:11:35] LAUNCH REG2_battery_s9                            pid=2823030 slot=5/6 queue=16
[10:11:35] LAUNCH REG3_battery_s9                            pid=2823031 slot=6/6 queue=15
[10:12:40] DONE   REG3_battery_s9                            rc=0 1.1min
[10:12:40] LAUNCH REG_radioml_s5                             pid=2823717 slot=6/6 queue=14
[10:12:45] DONE   REG_battery_s8                             rc=0 2.6min
[10:12:45] LAUNCH REG2_radioml_s5                            pid=2823746 slot=6/6 queue=13
[10:13:05] DONE   REG2_har_s9                                rc=0 15.3min
[10:13:05] LAUNCH REG3_radioml_s5                            pid=2823758 slot=6/6 queue=12
[10:13:15] DONE   REG_battery_s9                             rc=0 2.6min
[10:13:15] LAUNCH REG_radioml_s6                             pid=2823778 slot=6/6 queue=11
[10:13:25] DONE   REG2_battery_s8                            rc=0 3.1min
[10:13:25] LAUNCH REG2_radioml_s6                            pid=2823797 slot=6/6 queue=10
[10:14:35] DONE   REG2_battery_s9                            rc=0 3.0min
[10:14:35] LAUNCH REG3_radioml_s6                            pid=2823851 slot=6/6 queue=9
[11:14:17] DONE   REG3_radioml_s5                            rc=0 61.2min
[11:14:17] LAUNCH REG_radioml_s7                             pid=2835700 slot=6/6 queue=8
[11:15:57] DONE   REG3_radioml_s6                            rc=0 61.4min
[11:15:57] LAUNCH REG2_radioml_s7                            pid=2835895 slot=6/6 queue=7
[12:27:57] DONE   REG_radioml_s5                             rc=0 135.3min
[12:27:57] LAUNCH REG3_radioml_s7                            pid=2847987 slot=6/6 queue=6
[12:28:17] DONE   REG_radioml_s6                             rc=0 135.0min
[12:28:17] LAUNCH REG_radioml_s8                             pid=2848035 slot=6/6 queue=5
[12:40:42] DONE   REG2_radioml_s5                            rc=0 147.9min
[12:40:42] LAUNCH REG2_radioml_s8                            pid=2851443 slot=6/6 queue=4
[12:40:52] DONE   REG2_radioml_s6                            rc=0 147.4min
[12:40:52] LAUNCH REG3_radioml_s8                            pid=2851473 slot=6/6 queue=3
[12:50:02] DONE   REG3_radioml_s7                            rc=0 22.1min
[12:50:02] LAUNCH REG_radioml_s9                             pid=2852083 slot=6/6 queue=2
[12:50:07] DONE   REG_radioml_s7                             rc=0 95.8min
[12:50:07] LAUNCH REG2_radioml_s9                            pid=2852093 slot=6/6 queue=1
[13:02:47] DONE   REG3_radioml_s8                            rc=0 21.9min
[13:02:47] LAUNCH REG3_radioml_s9                            pid=2853264 slot=6/6 queue=0
[13:03:07] DONE   REG2_radioml_s7                            rc=0 107.2min
[13:22:37] DONE   REG3_radioml_s9                            rc=0 19.8min
[13:27:27] DONE   REG_radioml_s8                             rc=0 59.2min
[13:42:07] DONE   REG_radioml_s9                             rc=0 52.1min
[13:43:42] DONE   REG2_radioml_s8                            rc=0 63.0min
[13:47:37] DONE   REG2_radioml_s9                            rc=0 57.5min
[13:47:37] runner FINISHED: 45/45 ok
