[10:45:06] runner start: 20 jobs, 4 slots
[10:45:06] resume: 0 already done, 20 to run
[10:45:06] LAUNCH REG5_har_s0                                pid=2829163 slot=1/4 queue=19
[10:45:06] LAUNCH REG5_har_s1                                pid=2829164 slot=2/4 queue=18
[10:45:06] LAUNCH REG5_har_s2                                pid=2829165 slot=3/4 queue=17
[10:45:06] LAUNCH REG5_har_s3                                pid=2829166 slot=4/4 queue=16
[10:55:21] DONE   REG5_har_s0                                rc=0 10.3min
[10:55:21] DONE   REG5_har_s1                                rc=0 10.3min
[10:55:21] LAUNCH REG5_har_s4                                pid=2830095 slot=3/4 queue=15
[10:55:21] LAUNCH REG5_har_s5                                pid=2830096 slot=4/4 queue=14
[10:55:26] DONE   REG5_har_s2                                rc=0 10.3min
[10:55:26] LAUNCH REG5_har_s6                                pid=2830183 slot=4/4 queue=13
[10:55:51] DONE   REG5_har_s3                                rc=0 10.8min
[10:55:51] LAUNCH REG5_har_s7                                pid=2830207 slot=4/4 queue=12
[11:06:56] DONE   REG5_har_s6                                rc=0 11.5min
[11:06:56] LAUNCH REG5_har_s8                                pid=2832234 slot=4/4 queue=11
[11:07:06] DONE   REG5_har_s4                                rc=0 11.8min
[11:07:06] LAUNCH REG5_har_s9                                pid=2832250 slot=4/4 queue=10
[11:07:11] DONE   REG5_har_s5                                rc=0 11.8min
[11:07:11] LAUNCH REG5_battery_s0                            pid=2832258 slot=4/4 queue=9
[11:07:26] DONE   REG5_har_s7                                rc=0 11.6min
[11:07:26] LAUNCH REG5_battery_s1                            pid=2832289 slot=4/4 queue=8
[11:09:26] DONE   REG5_battery_s0                            rc=0 2.3min
[11:09:26] LAUNCH REG5_battery_s2                            pid=2833056 slot=4/4 queue=7
[11:09:36] DONE   REG5_battery_s1                            rc=0 2.2min
[11:09:36] LAUNCH REG5_battery_s3                            pid=2833330 slot=4/4 queue=6
[11:11:41] DONE   REG5_battery_s2                            rc=0 2.3min
[11:11:41] LAUNCH REG5_battery_s4                            pid=2835431 slot=4/4 queue=5
[11:11:51] DONE   REG5_battery_s3                            rc=0 2.3min
[11:11:51] LAUNCH REG5_battery_s5                            pid=2835441 slot=4/4 queue=4
[11:13:56] DONE   REG5_battery_s4                            rc=0 2.3min
[11:13:56] LAUNCH REG5_battery_s6                            pid=2835662 slot=4/4 queue=3
[11:14:06] DONE   REG5_battery_s5                            rc=0 2.3min
[11:14:06] LAUNCH REG5_battery_s7                            pid=2835687 slot=4/4 queue=2
[11:16:06] DONE   REG5_battery_s6                            rc=0 2.2min
[11:16:06] LAUNCH REG5_battery_s8                            pid=2835922 slot=4/4 queue=1
[11:16:16] DONE   REG5_battery_s7                            rc=0 2.2min
[11:16:16] LAUNCH REG5_battery_s9                            pid=2835998 slot=4/4 queue=0
[11:17:06] DONE   REG5_har_s8                                rc=0 10.2min
[11:17:11] DONE   REG5_har_s9                                rc=0 10.1min
[11:18:11] DONE   REG5_battery_s8                            rc=0 2.1min
[11:18:16] DONE   REG5_battery_s9                            rc=0 2.0min
[11:18:16] runner FINISHED: 20/20 ok
