[11:00:25] runner start: 10 jobs, 5 slots
[11:00:25] resume: 0 already done, 10 to run
[11:00:25] LAUNCH REG6_battery_s0                            pid=2830860 slot=1/5 queue=9
[11:00:25] LAUNCH REG6_battery_s1                            pid=2830861 slot=2/5 queue=8
[11:00:25] LAUNCH REG6_battery_s2                            pid=2830862 slot=3/5 queue=7
[11:00:25] LAUNCH REG6_battery_s3                            pid=2830863 slot=4/5 queue=6
[11:00:25] LAUNCH REG6_battery_s4                            pid=2830864 slot=5/5 queue=5
[11:03:52] DONE   REG6_battery_s4                            rc=0 3.4min
[11:03:52] LAUNCH REG6_battery_s5                            pid=2831737 slot=5/5 queue=4
[11:03:57] DONE   REG6_battery_s1                            rc=0 3.5min
[11:03:57] DONE   REG6_battery_s2                            rc=0 3.5min
[11:03:57] DONE   REG6_battery_s3                            rc=0 3.5min
[11:03:57] LAUNCH REG6_battery_s6                            pid=2831763 slot=3/5 queue=3
[11:03:57] LAUNCH REG6_battery_s7                            pid=2831764 slot=4/5 queue=2
[11:03:57] LAUNCH REG6_battery_s8                            pid=2831765 slot=5/5 queue=1
[11:04:02] DONE   REG6_battery_s0                            rc=0 3.6min
[11:04:02] LAUNCH REG6_battery_s9                            pid=2831786 slot=5/5 queue=0
[11:07:18] DONE   REG6_battery_s5                            rc=0 3.4min
[11:07:23] DONE   REG6_battery_s6                            rc=0 3.4min
[11:07:23] DONE   REG6_battery_s7                            rc=0 3.4min
[11:07:23] DONE   REG6_battery_s8                            rc=0 3.4min
[11:07:23] DONE   REG6_battery_s9                            rc=0 3.3min
[11:07:23] runner FINISHED: 10/10 ok
