[09:08:31] runner start: 15 jobs, 6 slots
[09:08:31] resume: 0 already done, 15 to run
[09:08:31] LAUNCH REG_har_s0                                 pid=2808829 slot=1/6 queue=14
[09:08:31] LAUNCH REG_har_s1                                 pid=2808830 slot=2/6 queue=13
[09:08:31] LAUNCH REG_har_s2                                 pid=2808831 slot=3/6 queue=12
[09:08:31] LAUNCH REG_har_s3                                 pid=2808832 slot=4/6 queue=11
[09:08:31] LAUNCH REG_har_s4                                 pid=2808833 slot=5/6 queue=10
[09:08:31] LAUNCH REG_battery_s0                             pid=2808834 slot=6/6 queue=9
[09:09:46] DONE   REG_battery_s0                             rc=0 1.3min
[09:09:46] LAUNCH REG_battery_s1                             pid=2808927 slot=6/6 queue=8
[09:11:11] DONE   REG_battery_s1                             rc=0 1.4min
[09:11:11] LAUNCH REG_battery_s2                             pid=2809170 slot=6/6 queue=7
[09:12:36] DONE   REG_battery_s2                             rc=0 1.4min
[09:12:36] LAUNCH REG_battery_s3                             pid=2811309 slot=6/6 queue=6
[09:14:01] DONE   REG_battery_s3                             rc=0 1.4min
[09:14:01] LAUNCH REG_battery_s4                             pid=2811591 slot=6/6 queue=5
[09:14:31] DONE   REG_har_s0                                 rc=0 6.0min
[09:14:31] DONE   REG_har_s1                                 rc=0 6.0min
[09:14:31] DONE   REG_har_s2                                 rc=0 6.0min
[09:14:31] DONE   REG_har_s4                                 rc=0 6.0min
[09:14:31] LAUNCH REG_radioml_s0                             pid=2811671 slot=3/6 queue=4
[09:14:31] LAUNCH REG_radioml_s1                             pid=2811672 slot=4/6 queue=3
[09:14:31] LAUNCH REG_radioml_s2                             pid=2811673 slot=5/6 queue=2
[09:14:31] LAUNCH REG_radioml_s3                             pid=2811674 slot=6/6 queue=1
[09:14:36] DONE   REG_har_s3                                 rc=0 6.1min
[09:14:36] LAUNCH REG_radioml_s4                             pid=2811697 slot=6/6 queue=0
[09:14:56] DONE   REG_battery_s4                             rc=0 0.9min
[11:37:58] DONE   REG_radioml_s2                             rc=0 143.5min
[11:38:03] DONE   REG_radioml_s0                             rc=0 143.5min
[11:38:03] DONE   REG_radioml_s1                             rc=0 143.5min
[11:38:03] DONE   REG_radioml_s3                             rc=0 143.5min
[11:38:08] DONE   REG_radioml_s4                             rc=0 143.5min
[11:38:08] runner FINISHED: 15/15 ok
