[10:18:06] runner start: 34 jobs, 10 slots
[10:18:06] resume: 0 already done, 34 to run
[10:18:06] LAUNCH SYN1_rank_m32_r1                           pid=2548640 slot=1/10 queue=33
[10:18:06] LAUNCH SYN1_rank_m32_r2                           pid=2548641 slot=2/10 queue=32
[10:18:06] LAUNCH SYN1_rank_m32_r4                           pid=2548642 slot=3/10 queue=31
[10:18:06] LAUNCH SYN1_rank_m32_r8                           pid=2548643 slot=4/10 queue=30
[10:18:06] LAUNCH SYN1_rank_m32_r16                          pid=2548644 slot=5/10 queue=29
[10:18:06] LAUNCH SYN1_rank_m32_r32                          pid=2548645 slot=6/10 queue=28
[10:18:06] LAUNCH SYN1_rank_m64_r1                           pid=2548646 slot=7/10 queue=27
[10:18:06] LAUNCH SYN1_rank_m64_r2                           pid=2548647 slot=8/10 queue=26
[10:18:06] LAUNCH SYN1_rank_m64_r4                           pid=2548648 slot=9/10 queue=25
[10:18:06] LAUNCH SYN1_rank_m64_r8                           pid=2548649 slot=10/10 queue=24
[10:30:06] DONE   SYN1_rank_m64_r1                           rc=0 12.0min
[10:30:06] LAUNCH SYN1_rank_m64_r16                          pid=2550393 slot=10/10 queue=23
[10:30:16] DONE   SYN1_rank_m32_r1                           rc=0 12.2min
[10:30:16] LAUNCH SYN1_rank_m64_r32                          pid=2550402 slot=10/10 queue=22
[10:30:21] DONE   SYN1_rank_m32_r4                           rc=0 12.3min
[10:30:21] DONE   SYN1_rank_m64_r2                           rc=0 12.3min
[10:30:21] DONE   SYN1_rank_m64_r4                           rc=0 12.3min
[10:30:21] LAUNCH SYN1_rank_m128_r1                          pid=2550411 slot=8/10 queue=21
[10:30:21] LAUNCH SYN1_rank_m128_r2                          pid=2550412 slot=9/10 queue=20
[10:30:21] LAUNCH SYN1_rank_m128_r4                          pid=2550413 slot=10/10 queue=19
[10:30:26] DONE   SYN1_rank_m32_r2                           rc=0 12.3min
[10:30:26] LAUNCH SYN1_rank_m128_r8                          pid=2550440 slot=10/10 queue=18
[10:30:31] DONE   SYN1_rank_m64_r8                           rc=0 12.4min
[10:30:31] LAUNCH SYN1_rank_m128_r16                         pid=2550450 slot=10/10 queue=17
[10:30:41] DONE   SYN1_rank_m32_r8                           rc=0 12.6min
[10:30:41] LAUNCH SYN1_rank_m128_r32                         pid=2550474 slot=10/10 queue=16
[10:30:56] DONE   SYN1_rank_m32_r16                          rc=0 12.8min
[10:30:56] LAUNCH SYN1_rank_m256_r1                          pid=2550487 slot=10/10 queue=15
[10:31:26] DONE   SYN1_rank_m32_r32                          rc=0 13.3min
[10:31:26] LAUNCH SYN1_rank_m256_r2                          pid=2550517 slot=10/10 queue=14
[10:42:01] DONE   SYN1_rank_m128_r1                          rc=0 11.7min
[10:42:01] LAUNCH SYN1_rank_m256_r4                          pid=2554460 slot=10/10 queue=13
[10:42:11] DONE   SYN1_rank_m128_r4                          rc=0 11.8min
[10:42:11] LAUNCH SYN1_rank_m256_r8                          pid=2554486 slot=10/10 queue=12
[10:42:16] DONE   SYN1_rank_m128_r2                          rc=0 11.9min
[10:42:16] LAUNCH SYN1_rank_m256_r16                         pid=2554496 slot=10/10 queue=11
[10:42:31] DONE   SYN1_rank_m64_r16                          rc=0 12.4min
[10:42:31] LAUNCH SYN1_rank_m256_r32                         pid=2554512 slot=10/10 queue=10
[10:42:36] DONE   SYN1_rank_m128_r8                          rc=0 12.2min
[10:42:36] LAUNCH SYN1_probeB_s0                             pid=2554521 slot=10/10 queue=9
[10:42:46] DONE   SYN1_rank_m128_r16                         rc=0 12.3min
[10:42:46] DONE   SYN1_probeB_s0                             rc=0 0.2min
[10:42:46] LAUNCH SYN1_probeB_s1                             pid=2554545 slot=9/10 queue=8
[10:42:46] LAUNCH SYN1_probeB_s2                             pid=2554546 slot=10/10 queue=7
[10:42:56] DONE   SYN1_probeB_s1                             rc=0 0.2min
[10:42:56] DONE   SYN1_probeB_s2                             rc=0 0.2min
[10:42:56] LAUNCH SYN1_probeB_s3                             pid=2554561 slot=9/10 queue=6
[10:42:56] LAUNCH SYN1_probeB_s4                             pid=2554562 slot=10/10 queue=5
[10:43:06] DONE   SYN1_probeB_s3                             rc=0 0.2min
[10:43:06] DONE   SYN1_probeB_s4                             rc=0 0.2min
[10:43:06] LAUNCH SYN1_probeB_s5                             pid=2554581 slot=9/10 queue=4
[10:43:06] LAUNCH SYN1_probeB_s6                             pid=2554582 slot=10/10 queue=3
[10:43:16] DONE   SYN1_probeB_s5                             rc=0 0.2min
[10:43:16] DONE   SYN1_probeB_s6                             rc=0 0.2min
[10:43:16] LAUNCH SYN1_probeB_s7                             pid=2554613 slot=9/10 queue=2
[10:43:16] LAUNCH SYN1_probeB_s8                             pid=2554614 slot=10/10 queue=1
[10:43:21] DONE   SYN1_rank_m64_r32                          rc=0 13.1min
[10:43:21] LAUNCH SYN1_probeB_s9                             pid=2554628 slot=10/10 queue=0
[10:43:26] DONE   SYN1_rank_m128_r32                         rc=0 12.8min
[10:43:26] DONE   SYN1_probeB_s7                             rc=0 0.2min
[10:43:26] DONE   SYN1_probeB_s8                             rc=0 0.2min
[10:43:31] DONE   SYN1_probeB_s9                             rc=0 0.2min
[10:44:36] DONE   SYN1_rank_m256_r1                          rc=0 13.7min
[10:44:56] DONE   SYN1_rank_m256_r2                          rc=0 13.5min
[10:49:16] DONE   SYN1_rank_m256_r4                          rc=0 7.3min
[10:49:26] DONE   SYN1_rank_m256_r8                          rc=0 7.3min
[10:49:36] DONE   SYN1_rank_m256_r16                         rc=0 7.3min
[10:49:46] DONE   SYN1_rank_m256_r32                         rc=0 7.3min
[10:49:46] runner FINISHED: 34/34 ok
