[08:12:34] runner start: 24 jobs, 12 slots
[08:12:34] resume: 0 already done, 24 to run
[08:12:34] LAUNCH rank_m32_r1                                pid=3069134 slot=1/12 queue=23
[08:12:34] LAUNCH rank_m64_r1                                pid=3069135 slot=2/12 queue=22
[08:12:34] LAUNCH rank_m128_r1                               pid=3069136 slot=3/12 queue=21
[08:12:45] LAUNCH rank_m256_r1                               pid=3069162 slot=4/12 queue=20
[08:12:57] LAUNCH rank_m32_r2                                pid=3069176 slot=5/12 queue=19
[08:12:59] LAUNCH rank_m64_r2                                pid=3069183 slot=6/12 queue=18
[08:13:15] LAUNCH rank_m128_r2                               pid=3069264 slot=7/12 queue=17
[08:13:15] LAUNCH rank_m256_r2                               pid=3069273 slot=8/12 queue=16
[08:13:31] LAUNCH rank_m32_r4                                pid=3069287 slot=9/12 queue=15
[08:13:31] LAUNCH rank_m64_r4                                pid=3069290 slot=10/12 queue=14
[08:13:33] LAUNCH rank_m128_r4                               pid=3069298 slot=11/12 queue=13
[08:13:33] LAUNCH rank_m256_r4                               pid=3069299 slot=12/12 queue=12
[08:27:38] DONE   rank_m128_r1                               rc=0 15.1min
[08:27:38] LAUNCH rank_m32_r8                                pid=3071480 slot=12/12 queue=11
[08:27:58] DONE   rank_m64_r1                                rc=0 15.4min
[08:27:58] LAUNCH rank_m64_r8                                pid=3071595 slot=12/12 queue=10
[08:28:23] DONE   rank_m32_r1                                rc=0 15.8min
[08:28:23] LAUNCH rank_m128_r8                               pid=3072151 slot=12/12 queue=9
[08:29:28] DONE   rank_m64_r2                                rc=0 16.5min
[08:29:28] LAUNCH rank_m256_r8                               pid=3072352 slot=12/12 queue=8
[08:29:43] DONE   rank_m32_r2                                rc=0 16.8min
[08:29:43] LAUNCH rank_m32_r16                               pid=3072366 slot=12/12 queue=7
[08:29:53] DONE   rank_m128_r2                               rc=0 16.6min
[08:29:53] LAUNCH rank_m64_r16                               pid=3072394 slot=12/12 queue=6
[08:30:23] DONE   rank_m64_r4                                rc=0 16.9min
[08:30:23] DONE   rank_m128_r4                               rc=0 16.8min
[08:30:23] LAUNCH rank_m128_r16                              pid=3072582 slot=11/12 queue=5
[08:30:23] LAUNCH rank_m256_r16                              pid=3072583 slot=12/12 queue=4
[08:30:33] DONE   rank_m32_r4                                rc=0 17.1min
[08:30:33] LAUNCH rank_m32_r32                               pid=3072601 slot=12/12 queue=3
[08:32:23] DONE   rank_m256_r1                               rc=0 19.6min
[08:32:23] LAUNCH rank_m64_r32                               pid=3073072 slot=12/12 queue=2
[08:34:53] DONE   rank_m256_r2                               rc=0 21.6min
[08:34:53] LAUNCH rank_m128_r32                              pid=3074097 slot=12/12 queue=1
[08:34:58] DONE   rank_m256_r4                               rc=0 21.4min
[08:34:58] LAUNCH rank_m256_r32                              pid=3074104 slot=12/12 queue=0
[08:52:53] DONE   rank_m64_r8                                rc=0 24.9min
[08:53:03] DONE   rank_m128_r8                               rc=0 24.7min
[08:53:28] DONE   rank_m32_r8                                rc=0 25.8min
[08:56:03] DONE   rank_m64_r16                               rc=0 26.2min
[08:56:18] DONE   rank_m128_r16                              rc=0 25.9min
[08:56:28] DONE   rank_m32_r16                               rc=0 26.8min
[08:58:03] DONE   rank_m32_r32                               rc=0 27.5min
[08:59:18] DONE   rank_m256_r8                               rc=0 29.8min
[08:59:28] DONE   rank_m64_r32                               rc=0 27.1min
[09:00:38] DONE   rank_m256_r16                              rc=0 30.3min
[09:00:53] DONE   rank_m128_r32                              rc=0 26.0min
[09:03:58] DONE   rank_m256_r32                              rc=0 29.0min
[09:03:58] runner FINISHED: 24/24 ok
