[08:31:44] runner start: 6 jobs, 6 slots
[08:31:44] resume: 0 already done, 6 to run
[08:31:44] LAUNCH ext_m8                                     pid=3072897 slot=1/6 queue=5
[08:31:44] LAUNCH ext_m16                                    pid=3072898 slot=2/6 queue=4
[08:31:44] LAUNCH ext_m32                                    pid=3072899 slot=3/6 queue=3
[08:31:44] LAUNCH ext_m64                                    pid=3072900 slot=4/6 queue=2
[08:31:44] LAUNCH ext_m128                                   pid=3072901 slot=5/6 queue=1
[08:31:44] LAUNCH ext_m256                                   pid=3072902 slot=6/6 queue=0
[08:31:49] FAIL   ext_m8                                     rc=1 try=1 -> requeue
[08:31:49] FAIL   ext_m16                                    rc=1 try=1 -> requeue
[08:31:49] FAIL   ext_m32                                    rc=1 try=1 -> requeue
[08:31:49] FAIL   ext_m64                                    rc=1 try=1 -> requeue
[08:31:49] FAIL   ext_m128                                   rc=1 try=1 -> requeue
[08:31:49] FAIL   ext_m256                                   rc=1 try=1 -> requeue
[08:31:49] LAUNCH ext_m8                                     pid=3072935 slot=1/6 queue=5
[08:31:49] LAUNCH ext_m16                                    pid=3072936 slot=2/6 queue=4
[08:31:49] LAUNCH ext_m32                                    pid=3072937 slot=3/6 queue=3
[08:31:49] LAUNCH ext_m64                                    pid=3072938 slot=4/6 queue=2
[08:31:49] LAUNCH ext_m128                                   pid=3072939 slot=5/6 queue=1
[08:31:49] LAUNCH ext_m256                                   pid=3072940 slot=6/6 queue=0
[08:31:54] FAIL   ext_m8                                     rc=1 try=2 -> requeue
[08:31:54] FAIL   ext_m16                                    rc=1 try=2 -> requeue
[08:31:54] FAIL   ext_m32                                    rc=1 try=2 -> requeue
[08:31:54] FAIL   ext_m64                                    rc=1 try=2 -> requeue
[08:31:54] FAIL   ext_m128                                   rc=1 try=2 -> requeue
[08:31:54] FAIL   ext_m256                                   rc=1 try=2 -> requeue
[08:31:54] LAUNCH ext_m8                                     pid=3072958 slot=1/6 queue=5
[08:31:54] LAUNCH ext_m16                                    pid=3072959 slot=2/6 queue=4
[08:31:54] LAUNCH ext_m32                                    pid=3072960 slot=3/6 queue=3
[08:31:54] LAUNCH ext_m64                                    pid=3072961 slot=4/6 queue=2
[08:31:54] LAUNCH ext_m128                                   pid=3072962 slot=5/6 queue=1
[08:31:54] LAUNCH ext_m256                                   pid=3072963 slot=6/6 queue=0
[08:31:59] FAIL   ext_m8                                     rc=1 giving up
[08:31:59] FAIL   ext_m16                                    rc=1 giving up
[08:31:59] FAIL   ext_m32                                    rc=1 giving up
[08:31:59] FAIL   ext_m64                                    rc=1 giving up
[08:31:59] FAIL   ext_m128                                   rc=1 giving up
[08:31:59] FAIL   ext_m256                                   rc=1 giving up
[08:31:59] runner FINISHED: 0/6 ok
[08:32:50] runner start: 6 jobs, 6 slots
[08:32:50] resume: 0 already done, 6 to run
[08:32:50] LAUNCH ext_m8                                     pid=3073838 slot=1/6 queue=5
[08:32:50] LAUNCH ext_m16                                    pid=3073839 slot=2/6 queue=4
[08:32:50] LAUNCH ext_m32                                    pid=3073840 slot=3/6 queue=3
[08:32:50] LAUNCH ext_m64                                    pid=3073841 slot=4/6 queue=2
[08:32:50] LAUNCH ext_m128                                   pid=3073842 slot=5/6 queue=1
[08:32:50] LAUNCH ext_m256                                   pid=3073843 slot=6/6 queue=0
[09:14:18] DONE   ext_m128                                   rc=0 41.5min
[09:15:23] DONE   ext_m32                                    rc=0 42.5min
[09:16:38] DONE   ext_m64                                    rc=0 43.8min
[09:20:43] DONE   ext_m8                                     rc=0 47.9min
[09:21:03] DONE   ext_m16                                    rc=0 48.2min
[09:21:48] DONE   ext_m256                                   rc=0 49.0min
[09:21:48] runner FINISHED: 6/6 ok
