[08:35:57] runner start: 20 jobs, 8 slots
[08:35:57] resume: 0 already done, 20 to run
[08:35:57] LAUNCH beta000_m32                                pid=3075787 slot=1/8 queue=19
[08:35:57] LAUNCH beta000_m64                                pid=3075788 slot=2/8 queue=18
[08:35:57] LAUNCH beta000_m128                               pid=3075789 slot=3/8 queue=17
[08:35:57] LAUNCH beta000_m256                               pid=3075790 slot=4/8 queue=16
[08:35:57] LAUNCH beta025_m32                                pid=3075791 slot=5/8 queue=15
[08:35:57] LAUNCH beta025_m64                                pid=3075792 slot=6/8 queue=14
[08:35:57] LAUNCH beta025_m128                               pid=3075793 slot=7/8 queue=13
[08:35:57] LAUNCH beta025_m256                               pid=3075794 slot=8/8 queue=12
[08:45:06] FAIL   beta000_m32                                rc=-9 try=1 -> requeue
[08:45:06] FAIL   beta000_m64                                rc=-9 try=1 -> requeue
[08:45:06] FAIL   beta000_m128                               rc=-9 try=1 -> requeue
[08:45:06] FAIL   beta000_m256                               rc=-9 try=1 -> requeue
[08:45:06] FAIL   beta025_m32                                rc=-9 try=1 -> requeue
[08:45:06] FAIL   beta025_m64                                rc=-9 try=1 -> requeue
[08:45:06] FAIL   beta025_m128                               rc=-9 try=1 -> requeue
[08:45:06] FAIL   beta025_m256                               rc=-9 try=1 -> requeue
[08:45:06] LAUNCH beta050_m32                                pid=3076940 slot=1/8 queue=19
[08:45:06] LAUNCH beta050_m64                                pid=3076941 slot=2/8 queue=18
[08:45:06] LAUNCH beta050_m128                               pid=3076942 slot=3/8 queue=17
[08:45:06] LAUNCH beta050_m256                               pid=3076943 slot=4/8 queue=16
[08:45:06] LAUNCH beta075_m32                                pid=3076944 slot=5/8 queue=15
[08:45:06] LAUNCH beta075_m64                                pid=3076945 slot=6/8 queue=14
[08:45:06] LAUNCH beta075_m128                               pid=3076946 slot=7/8 queue=13
[08:45:06] LAUNCH beta075_m256                               pid=3076947 slot=8/8 queue=12
