[09:02:59] runner start: 20 jobs, 6 slots
[09:02:59] resume: 0 already done, 20 to run
[09:02:59] LAUNCH beta000_m32                                pid=3079677 slot=1/6 queue=19
[09:02:59] LAUNCH beta000_m64                                pid=3079678 slot=2/6 queue=18
[09:02:59] LAUNCH beta000_m128                               pid=3079679 slot=3/6 queue=17
[09:02:59] LAUNCH beta000_m256                               pid=3079680 slot=4/6 queue=16
[09:02:59] LAUNCH beta025_m32                                pid=3079681 slot=5/6 queue=15
[09:02:59] LAUNCH beta025_m64                                pid=3079682 slot=6/6 queue=14
[09:12:09] DONE   beta025_m32                                rc=0 9.2min
[09:12:09] LAUNCH beta025_m128                               pid=3083823 slot=6/6 queue=13
[09:12:19] DONE   beta000_m128                               rc=0 9.3min
[09:12:19] LAUNCH beta025_m256                               pid=3083834 slot=6/6 queue=12
[09:12:24] DONE   beta025_m64                                rc=0 9.4min
[09:12:24] LAUNCH beta050_m32                                pid=3083847 slot=6/6 queue=11
[09:12:29] DONE   beta000_m64                                rc=0 9.5min
[09:12:29] LAUNCH beta050_m64                                pid=3083870 slot=6/6 queue=10
[09:12:39] DONE   beta000_m32                                rc=0 9.7min
[09:12:39] LAUNCH beta050_m128                               pid=3083900 slot=6/6 queue=9
[09:14:29] DONE   beta000_m256                               rc=0 11.5min
[09:14:29] LAUNCH beta050_m256                               pid=3084291 slot=6/6 queue=8
[09:20:14] DONE   beta025_m128                               rc=0 8.1min
[09:20:14] DONE   beta050_m32                                rc=0 7.8min
[09:20:14] LAUNCH beta075_m32                                pid=3084873 slot=5/6 queue=7
[09:20:14] LAUNCH beta075_m64                                pid=3084874 slot=6/6 queue=6
[09:20:29] DONE   beta050_m64                                rc=0 8.0min
[09:20:29] DONE   beta050_m128                               rc=0 7.8min
[09:20:29] LAUNCH beta075_m128                               pid=3084907 slot=5/6 queue=5
[09:20:29] LAUNCH beta075_m256                               pid=3084908 slot=6/6 queue=4
[09:21:44] DONE   beta025_m256                               rc=0 9.4min
[09:21:44] LAUNCH beta100_m32                                pid=3085083 slot=6/6 queue=3
[09:22:44] DONE   beta050_m256                               rc=0 8.3min
[09:22:44] LAUNCH beta100_m64                                pid=3085188 slot=6/6 queue=2
[09:25:44] DONE   beta075_m32                                rc=0 5.5min
[09:25:44] LAUNCH beta100_m128                               pid=3085567 slot=6/6 queue=1
[09:25:49] DONE   beta075_m64                                rc=0 5.6min
[09:25:49] LAUNCH beta100_m256                               pid=3085578 slot=6/6 queue=0
[09:25:54] DONE   beta075_m128                               rc=0 5.4min
[09:26:44] DONE   beta100_m32                                rc=0 5.0min
[09:27:04] DONE   beta075_m256                               rc=0 6.6min
[09:27:34] DONE   beta100_m64                                rc=0 4.8min
[09:28:54] DONE   beta100_m128                               rc=0 3.2min
[09:29:24] DONE   beta100_m256                               rc=0 3.6min
[09:29:24] runner FINISHED: 20/20 ok
