[09:29:33] runner start: 24 jobs, 6 slots
[09:29:33] resume: 0 already done, 24 to run
[09:29:33] LAUNCH rank_m32_r1                                pid=3087749 slot=1/6 queue=23
[09:29:33] LAUNCH rank_m32_r2                                pid=3087750 slot=2/6 queue=22
[09:29:33] LAUNCH rank_m32_r4                                pid=3087751 slot=3/6 queue=21
[09:29:33] LAUNCH rank_m32_r8                                pid=3087752 slot=4/6 queue=20
[09:29:33] LAUNCH rank_m32_r16                               pid=3087753 slot=5/6 queue=19
[09:29:33] LAUNCH rank_m32_r32                               pid=3087754 slot=6/6 queue=18
[09:41:23] DONE   rank_m32_r1                                rc=0 11.8min
[09:41:23] LAUNCH rank_m64_r1                                pid=3091317 slot=6/6 queue=17
[09:41:33] DONE   rank_m32_r2                                rc=0 12.0min
[09:41:33] LAUNCH rank_m64_r2                                pid=3091346 slot=6/6 queue=16
[09:41:53] DONE   rank_m32_r4                                rc=0 12.3min
[09:41:53] LAUNCH rank_m64_r4                                pid=3091458 slot=6/6 queue=15
[09:41:58] DONE   rank_m32_r8                                rc=0 12.4min
[09:41:58] LAUNCH rank_m64_r8                                pid=3091470 slot=6/6 queue=14
[09:42:18] DONE   rank_m32_r16                               rc=0 12.8min
[09:42:18] LAUNCH rank_m64_r16                               pid=3091495 slot=6/6 queue=13
[09:42:43] DONE   rank_m32_r32                               rc=0 13.2min
[09:42:43] LAUNCH rank_m64_r32                               pid=3091530 slot=6/6 queue=12
[09:55:58] DONE   rank_m64_r1                                rc=0 14.6min
[09:55:58] LAUNCH rank_m128_r1                               pid=3095303 slot=6/6 queue=11
[09:56:33] DONE   rank_m64_r2                                rc=0 15.0min
[09:56:33] LAUNCH rank_m128_r2                               pid=3095350 slot=6/6 queue=10
[09:57:28] DONE   rank_m64_r4                                rc=0 15.6min
[09:57:28] LAUNCH rank_m128_r4                               pid=3095467 slot=6/6 queue=9
[09:57:33] DONE   rank_m64_r8                                rc=0 15.6min
[09:57:33] LAUNCH rank_m128_r8                               pid=3095481 slot=6/6 queue=8
[09:58:58] DONE   rank_m64_r16                               rc=0 16.7min
[09:58:58] LAUNCH rank_m128_r16                              pid=3095676 slot=6/6 queue=7
[10:00:18] DONE   rank_m64_r32                               rc=0 17.6min
[10:00:18] LAUNCH rank_m128_r32                              pid=3095862 slot=6/6 queue=6
[10:12:53] DONE   rank_m128_r1                               rc=0 16.9min
[10:12:53] LAUNCH rank_m256_r1                               pid=3098768 slot=6/6 queue=5
[10:14:03] DONE   rank_m128_r2                               rc=0 17.5min
[10:14:03] LAUNCH rank_m256_r2                               pid=3098858 slot=6/6 queue=4
[10:14:48] DONE   rank_m128_r4                               rc=0 17.3min
[10:14:48] LAUNCH rank_m256_r4                               pid=3098911 slot=6/6 queue=3
[10:15:18] DONE   rank_m128_r8                               rc=0 17.8min
[10:15:18] LAUNCH rank_m256_r8                               pid=3098989 slot=6/6 queue=2
[10:17:13] DONE   rank_m128_r16                              rc=0 18.3min
[10:17:13] LAUNCH rank_m256_r16                              pid=3099130 slot=6/6 queue=1
[10:19:28] DONE   rank_m128_r32                              rc=0 19.2min
[10:19:28] LAUNCH rank_m256_r32                              pid=3099258 slot=6/6 queue=0
[10:34:33] DONE   rank_m256_r1                               rc=0 21.7min
[10:35:53] DONE   rank_m256_r2                               rc=0 21.8min
[10:36:18] DONE   rank_m256_r4                               rc=0 21.5min
[10:36:33] DONE   rank_m256_r8                               rc=0 21.3min
[10:37:43] DONE   rank_m256_r16                              rc=0 20.5min
[10:38:43] DONE   rank_m256_r32                              rc=0 19.3min
[10:38:43] runner FINISHED: 24/24 ok
