[09:46:33] runner start: 20 jobs, 4 slots
[09:46:33] resume: 0 already done, 20 to run
[09:46:33] LAUNCH beta000_m32                                pid=3092158 slot=1/4 queue=19
[09:46:33] LAUNCH beta000_m64                                pid=3092159 slot=2/4 queue=18
[09:46:33] LAUNCH beta000_m128                               pid=3092160 slot=3/4 queue=17
[09:46:33] LAUNCH beta000_m256                               pid=3092161 slot=4/4 queue=16
[09:56:24] DONE   beta000_m64                                rc=0 9.8min
[09:56:24] DONE   beta000_m128                               rc=0 9.8min
[09:56:24] LAUNCH beta025_m32                                pid=3095333 slot=3/4 queue=15
[09:56:24] LAUNCH beta025_m64                                pid=3095335 slot=4/4 queue=14
[09:56:39] DONE   beta000_m32                                rc=0 10.1min
[09:56:39] LAUNCH beta025_m128                               pid=3095374 slot=4/4 queue=13
[09:58:44] DONE   beta000_m256                               rc=0 12.2min
[09:58:44] LAUNCH beta025_m256                               pid=3095623 slot=4/4 queue=12
[10:06:04] DONE   beta025_m32                                rc=0 9.7min
[10:06:04] LAUNCH beta050_m32                                pid=3097704 slot=4/4 queue=11
[10:06:09] DONE   beta025_m64                                rc=0 9.8min
[10:06:09] LAUNCH beta050_m64                                pid=3097733 slot=4/4 queue=10
[10:06:24] DONE   beta025_m128                               rc=0 9.8min
[10:06:24] LAUNCH beta050_m128                               pid=3097743 slot=4/4 queue=9
[10:10:44] DONE   beta025_m256                               rc=0 12.0min
[10:10:44] LAUNCH beta050_m256                               pid=3098660 slot=4/4 queue=8
[10:15:34] DONE   beta050_m32                                rc=0 9.5min
[10:15:34] LAUNCH beta075_m32                                pid=3099004 slot=4/4 queue=7
[10:15:54] DONE   beta050_m128                               rc=0 9.5min
[10:15:54] LAUNCH beta075_m64                                pid=3099031 slot=4/4 queue=6
[10:15:59] DONE   beta050_m64                                rc=0 9.8min
[10:15:59] LAUNCH beta075_m128                               pid=3099041 slot=4/4 queue=5
[10:22:14] DONE   beta050_m256                               rc=0 11.5min
[10:22:14] LAUNCH beta075_m256                               pid=3099482 slot=4/4 queue=4
[10:25:09] DONE   beta075_m32                                rc=0 9.6min
[10:25:09] LAUNCH beta100_m32                                pid=3099659 slot=4/4 queue=3
[10:25:49] DONE   beta075_m128                               rc=0 9.8min
[10:25:49] LAUNCH beta100_m64                                pid=3099715 slot=4/4 queue=2
[10:25:54] DONE   beta075_m64                                rc=0 10.0min
[10:25:54] LAUNCH beta100_m128                               pid=3099723 slot=4/4 queue=1
[10:34:39] DONE   beta075_m256                               rc=0 12.4min
[10:34:39] DONE   beta100_m32                                rc=0 9.5min
[10:34:39] LAUNCH beta100_m256                               pid=3101582 slot=3/4 queue=0
[10:35:04] DONE   beta100_m128                               rc=0 9.2min
[10:35:34] DONE   beta100_m64                                rc=0 9.8min
[10:39:29] DONE   beta100_m256                               rc=0 4.8min
[10:39:29] runner FINISHED: 20/20 ok
