[16:28:54] runner start: 20 jobs, 1 slots
[16:28:54] resume: 1 already done, 19 to run
[16:28:54] LAUNCH time_har_m32                               pid=3178487 slot=1/1 queue=18
[16:32:19] DONE   time_har_m32                               rc=0 3.4min
[16:32:19] LAUNCH time_har_m128                              pid=3179230 slot=1/1 queue=17
[16:36:49] DONE   time_har_m128                              rc=0 4.5min
[16:36:49] LAUNCH time_har_m256                              pid=3180625 slot=1/1 queue=16
[16:41:49] DONE   time_har_m256                              rc=0 5.0min
[16:41:49] LAUNCH time_battery_m32                           pid=3182790 slot=1/1 queue=15
[16:42:44] DONE   time_battery_m32                           rc=0 0.9min
[16:42:44] LAUNCH time_battery_m64                           pid=3183196 slot=1/1 queue=14
[16:43:44] DONE   time_battery_m64                           rc=0 1.0min
[16:43:44] LAUNCH time_battery_m128                          pid=3183592 slot=1/1 queue=13
[16:44:49] DONE   time_battery_m128                          rc=0 1.1min
[16:44:49] LAUNCH time_battery_m256                          pid=3183984 slot=1/1 queue=12
[16:45:59] DONE   time_battery_m256                          rc=0 1.2min
[16:45:59] LAUNCH time_radioml_m32                           pid=3184442 slot=1/1 queue=11
[17:29:34] DONE   time_radioml_m32                           rc=0 43.6min
[17:29:34] LAUNCH time_radioml_m64                           pid=3191677 slot=1/1 queue=10
[18:20:14] DONE   time_radioml_m64                           rc=0 50.7min
[18:20:14] LAUNCH time_radioml_m128                          pid=3201003 slot=1/1 queue=9
[19:20:24] DONE   time_radioml_m128                          rc=0 60.2min
[19:20:24] LAUNCH time_radioml_m256                          pid=3213688 slot=1/1 queue=8
[20:28:09] DONE   time_radioml_m256                          rc=0 67.8min
[20:28:09] LAUNCH time_celeba_m32                            pid=3225445 slot=1/1 queue=7
[20:49:44] DONE   time_celeba_m32                            rc=0 21.6min
[20:49:44] LAUNCH time_celeba_m64                            pid=3230168 slot=1/1 queue=6
[21:14:44] DONE   time_celeba_m64                            rc=0 25.0min
[21:14:44] LAUNCH time_celeba_m128                           pid=3235419 slot=1/1 queue=5
[21:43:49] DONE   time_celeba_m128                           rc=0 29.1min
[21:43:49] LAUNCH time_celeba_m256                           pid=3240661 slot=1/1 queue=4
[22:32:04] DONE   time_celeba_m256                           rc=0 48.3min
[22:32:04] LAUNCH time_nyu_m32                               pid=3248845 slot=1/1 queue=3
[22:33:24] DONE   time_nyu_m32                               rc=0 1.3min
[22:33:24] LAUNCH time_nyu_m64                               pid=3249845 slot=1/1 queue=2
[22:34:44] DONE   time_nyu_m64                               rc=0 1.3min
[22:34:44] LAUNCH time_nyu_m128                              pid=3250256 slot=1/1 queue=1
[22:36:29] DONE   time_nyu_m128                              rc=0 1.8min
[22:36:29] LAUNCH time_nyu_m256                              pid=3250726 slot=1/1 queue=0
[22:38:39] DONE   time_nyu_m256                              rc=0 2.2min
[22:38:39] runner FINISHED: 20/20 ok
