[02:21:47] runner start: 106 jobs, 5 slots
[02:21:47] resume: 0 already done, 106 to run
[02:21:47] LAUNCH warm_har_m32_t1                            pid=1201726 slot=1/5 queue=105
[02:21:47] LAUNCH warm_har_m32_t2                            pid=1201727 slot=2/5 queue=104
[02:21:47] LAUNCH warm_har_m32_t4                            pid=1201728 slot=3/5 queue=103
[02:21:47] LAUNCH warm_har_m32_t8                            pid=1201729 slot=4/5 queue=102
[02:21:47] LAUNCH warm_har_m32_t16                           pid=1201730 slot=5/5 queue=101
[02:23:32] DONE   warm_har_m32_t1                            rc=0 1.8min
[02:23:32] DONE   warm_har_m32_t2                            rc=0 1.8min
[02:23:32] DONE   warm_har_m32_t4                            rc=0 1.8min
[02:23:32] DONE   warm_har_m32_t8                            rc=0 1.8min
[02:23:32] DONE   warm_har_m32_t16                           rc=0 1.8min
[02:23:32] LAUNCH warm_har_m32_t32                           pid=1202673 slot=1/5 queue=100
[02:23:32] LAUNCH warm_har_m64_t1                            pid=1202674 slot=2/5 queue=99
[02:23:32] LAUNCH warm_har_m64_t2                            pid=1202675 slot=3/5 queue=98
[02:23:32] LAUNCH warm_har_m64_t4                            pid=1202676 slot=4/5 queue=97
[02:23:32] LAUNCH warm_har_m64_t8                            pid=1202677 slot=5/5 queue=96
[02:25:47] DONE   warm_har_m32_t32                           rc=0 2.3min
[02:25:47] DONE   warm_har_m64_t1                            rc=0 2.3min
[02:25:47] DONE   warm_har_m64_t2                            rc=0 2.3min
[02:25:47] DONE   warm_har_m64_t4                            rc=0 2.3min
[02:25:47] DONE   warm_har_m64_t8                            rc=0 2.3min
[02:25:47] LAUNCH warm_har_m64_t16                           pid=1203000 slot=1/5 queue=95
[02:25:47] LAUNCH warm_har_m64_t32                           pid=1203001 slot=2/5 queue=94
[02:25:47] LAUNCH warm_har_m128_t1                           pid=1203002 slot=3/5 queue=93
[02:25:47] LAUNCH warm_har_m128_t2                           pid=1203003 slot=4/5 queue=92
[02:25:47] LAUNCH warm_har_m128_t4                           pid=1203004 slot=5/5 queue=91
[02:28:42] DONE   warm_har_m64_t16                           rc=0 2.9min
[02:28:42] DONE   warm_har_m64_t32                           rc=0 2.9min
[02:28:42] DONE   warm_har_m128_t1                           rc=0 2.9min
[02:28:42] DONE   warm_har_m128_t2                           rc=0 2.9min
[02:28:42] DONE   warm_har_m128_t4                           rc=0 2.9min
[02:28:42] LAUNCH warm_har_m128_t8                           pid=1203344 slot=1/5 queue=90
[02:28:42] LAUNCH warm_har_m128_t16                          pid=1203345 slot=2/5 queue=89
[02:28:42] LAUNCH warm_har_m128_t32                          pid=1203346 slot=3/5 queue=88
[02:28:42] LAUNCH warm_har_m256_t1                           pid=1203347 slot=4/5 queue=87
[02:28:42] LAUNCH warm_har_m256_t2                           pid=1203348 slot=5/5 queue=86
[02:32:12] DONE   warm_har_m128_t8                           rc=0 3.5min
[02:32:12] DONE   warm_har_m128_t16                          rc=0 3.5min
[02:32:12] DONE   warm_har_m128_t32                          rc=0 3.5min
[02:32:12] LAUNCH warm_har_m256_t4                           pid=1204374 slot=3/5 queue=85
[02:32:12] LAUNCH warm_har_m256_t8                           pid=1204375 slot=4/5 queue=84
[02:32:12] LAUNCH warm_har_m256_t16                          pid=1204376 slot=5/5 queue=83
[02:32:57] DONE   warm_har_m256_t1                           rc=0 4.3min
[02:32:57] DONE   warm_har_m256_t2                           rc=0 4.3min
[02:32:57] LAUNCH warm_har_m256_t32                          pid=1204444 slot=4/5 queue=82
[02:32:57] LAUNCH warm_har_m512_t1                           pid=1204445 slot=5/5 queue=81
[02:36:47] DONE   warm_har_m256_t4                           rc=0 4.6min
[02:36:47] DONE   warm_har_m256_t8                           rc=0 4.6min
[02:36:47] DONE   warm_har_m256_t16                          rc=0 4.6min
[02:36:47] LAUNCH warm_har_m512_t2                           pid=1204798 slot=3/5 queue=80
[02:36:47] LAUNCH warm_har_m512_t4                           pid=1204799 slot=4/5 queue=79
[02:36:47] LAUNCH warm_har_m512_t8                           pid=1204800 slot=5/5 queue=78
[02:37:37] DONE   warm_har_m256_t32                          rc=0 4.7min
[02:37:37] LAUNCH warm_har_m512_t16                          pid=1204889 slot=5/5 queue=77
[02:40:12] DONE   warm_har_m512_t1                           rc=0 7.3min
[02:40:12] LAUNCH warm_har_m512_t32                          pid=1205096 slot=5/5 queue=76
[02:44:57] DONE   warm_har_m512_t8                           rc=0 8.2min
[02:44:57] LAUNCH warm_battery_m32_t1                        pid=1207458 slot=5/5 queue=75
[02:45:02] DONE   warm_har_m512_t2                           rc=0 8.3min
[02:45:02] DONE   warm_har_m512_t4                           rc=0 8.3min
[02:45:02] LAUNCH warm_battery_m32_t2                        pid=1207503 slot=4/5 queue=74
[02:45:02] LAUNCH warm_battery_m32_t4                        pid=1207504 slot=5/5 queue=73
[02:45:27] DONE   warm_har_m512_t16                          rc=0 7.8min
[02:45:27] LAUNCH warm_battery_m32_t8                        pid=1207546 slot=5/5 queue=72
[02:45:32] DONE   warm_battery_m32_t1                        rc=0 0.6min
[02:45:32] LAUNCH warm_battery_m32_t16                       pid=1207555 slot=5/5 queue=71
[02:45:37] DONE   warm_battery_m32_t2                        rc=0 0.6min
[02:45:37] DONE   warm_battery_m32_t4                        rc=0 0.6min
[02:45:37] LAUNCH warm_battery_m32_t32                       pid=1207570 slot=4/5 queue=70
[02:45:37] LAUNCH warm_battery_m64_t1                        pid=1207571 slot=5/5 queue=69
[02:45:57] DONE   warm_battery_m32_t8                        rc=0 0.5min
[02:45:57] LAUNCH warm_battery_m64_t2                        pid=1207655 slot=5/5 queue=68
[02:46:02] DONE   warm_battery_m32_t16                       rc=0 0.5min
[02:46:02] LAUNCH warm_battery_m64_t4                        pid=1207671 slot=5/5 queue=67
[02:46:07] DONE   warm_battery_m32_t32                       rc=0 0.5min
[02:46:07] DONE   warm_battery_m64_t1                        rc=0 0.5min
[02:46:07] LAUNCH warm_battery_m64_t8                        pid=1207722 slot=4/5 queue=66
[02:46:07] LAUNCH warm_battery_m64_t16                       pid=1207723 slot=5/5 queue=65
[02:46:22] DONE   warm_har_m512_t32                          rc=0 6.2min
[02:46:22] LAUNCH warm_battery_m64_t32                       pid=1207836 slot=5/5 queue=64
[02:46:27] DONE   warm_battery_m64_t2                        rc=0 0.5min
[02:46:27] LAUNCH warm_battery_m128_t1                       pid=1207869 slot=5/5 queue=63
[02:46:32] DONE   warm_battery_m64_t4                        rc=0 0.5min
[02:46:32] LAUNCH warm_battery_m128_t2                       pid=1207879 slot=5/5 queue=62
[02:46:37] DONE   warm_battery_m64_t8                        rc=0 0.5min
[02:46:37] DONE   warm_battery_m64_t16                       rc=0 0.5min
[02:46:37] LAUNCH warm_battery_m128_t4                       pid=1207889 slot=4/5 queue=61
[02:46:37] LAUNCH warm_battery_m128_t8                       pid=1207890 slot=5/5 queue=60
[02:46:57] DONE   warm_battery_m64_t32                       rc=0 0.6min
[02:46:57] LAUNCH warm_battery_m128_t16                      pid=1207929 slot=5/5 queue=59
[02:47:07] DONE   warm_battery_m128_t1                       rc=0 0.7min
[02:47:07] LAUNCH warm_battery_m128_t32                      pid=1207939 slot=5/5 queue=58
[02:47:12] DONE   warm_battery_m128_t2                       rc=0 0.7min
[02:47:12] LAUNCH warm_battery_m256_t1                       pid=1207949 slot=5/5 queue=57
[02:47:17] DONE   warm_battery_m128_t4                       rc=0 0.7min
[02:47:17] DONE   warm_battery_m128_t8                       rc=0 0.7min
[02:47:17] LAUNCH warm_battery_m256_t2                       pid=1207960 slot=4/5 queue=56
[02:47:17] LAUNCH warm_battery_m256_t4                       pid=1207961 slot=5/5 queue=55
[02:47:32] DONE   warm_battery_m128_t16                      rc=0 0.6min
[02:47:32] LAUNCH warm_battery_m256_t8                       pid=1208003 slot=5/5 queue=54
[02:47:47] DONE   warm_battery_m128_t32                      rc=0 0.7min
[02:47:47] LAUNCH warm_battery_m256_t16                      pid=1208014 slot=5/5 queue=53
[02:48:02] DONE   warm_battery_m256_t1                       rc=0 0.8min
[02:48:02] LAUNCH warm_battery_m256_t32                      pid=1208045 slot=5/5 queue=52
[02:48:07] DONE   warm_battery_m256_t2                       rc=0 0.8min
[02:48:07] DONE   warm_battery_m256_t4                       rc=0 0.8min
[02:48:07] LAUNCH warm_battery_m512_t1                       pid=1208055 slot=4/5 queue=51
[02:48:07] LAUNCH warm_battery_m512_t2                       pid=1208056 slot=5/5 queue=50
[02:48:27] DONE   warm_battery_m256_t8                       rc=0 0.9min
[02:48:27] LAUNCH warm_battery_m512_t4                       pid=1208164 slot=5/5 queue=49
[02:48:42] DONE   warm_battery_m256_t16                      rc=0 0.9min
[02:48:42] LAUNCH warm_battery_m512_t8                       pid=1208177 slot=5/5 queue=48
[02:49:07] DONE   warm_battery_m256_t32                      rc=0 1.1min
[02:49:07] LAUNCH warm_battery_m512_t16                      pid=1208225 slot=5/5 queue=47
[02:49:37] DONE   warm_battery_m512_t2                       rc=0 1.5min
[02:49:37] LAUNCH warm_battery_m512_t32                      pid=1208266 slot=5/5 queue=46
[02:49:52] DONE   warm_battery_m512_t1                       rc=0 1.8min
[02:49:52] LAUNCH warm_radioml_m32_t1                        pid=1208282 slot=5/5 queue=45
[02:49:57] DONE   warm_battery_m512_t4                       rc=0 1.5min
[02:49:57] LAUNCH warm_radioml_m32_t2                        pid=1208310 slot=5/5 queue=44
[02:50:07] DONE   warm_battery_m512_t8                       rc=0 1.4min
[02:50:07] LAUNCH warm_radioml_m32_t4                        pid=1208385 slot=5/5 queue=43
[02:50:32] DONE   warm_battery_m512_t16                      rc=0 1.4min
[02:50:32] LAUNCH warm_radioml_m32_t8                        pid=1208421 slot=5/5 queue=42
[02:50:42] DONE   warm_battery_m512_t32                      rc=0 1.1min
[02:50:42] LAUNCH warm_radioml_m32_t16                       pid=1208436 slot=5/5 queue=41
[03:12:57] DONE   warm_radioml_m32_t1                        rc=0 23.1min
[03:12:57] DONE   warm_radioml_m32_t2                        rc=0 23.0min
[03:12:57] LAUNCH warm_radioml_m32_t32                       pid=1211531 slot=4/5 queue=40
[03:12:57] LAUNCH warm_radioml_m64_t1                        pid=1211532 slot=5/5 queue=39
[03:13:02] DONE   warm_radioml_m32_t4                        rc=0 22.9min
[03:13:02] LAUNCH warm_radioml_m64_t2                        pid=1211818 slot=5/5 queue=38
[03:13:17] DONE   warm_radioml_m32_t8                        rc=0 22.8min
[03:13:17] LAUNCH warm_radioml_m64_t4                        pid=1212086 slot=5/5 queue=37
[03:13:22] DONE   warm_radioml_m32_t16                       rc=0 22.7min
[03:13:22] LAUNCH warm_radioml_m64_t8                        pid=1212102 slot=5/5 queue=36
[03:59:07] DONE   warm_radioml_m32_t32                       rc=0 46.2min
[03:59:07] DONE   warm_radioml_m64_t1                        rc=0 46.2min
[03:59:07] LAUNCH warm_radioml_m64_t16                       pid=1221816 slot=4/5 queue=35
[03:59:07] LAUNCH warm_radioml_m64_t32                       pid=1221818 slot=5/5 queue=34
[03:59:12] DONE   warm_radioml_m64_t2                        rc=0 46.2min
[03:59:12] LAUNCH warm_radioml_m128_t1                       pid=1221839 slot=5/5 queue=33
[03:59:32] DONE   warm_radioml_m64_t4                        rc=0 46.3min
[03:59:32] LAUNCH warm_radioml_m128_t2                       pid=1221852 slot=5/5 queue=32
[03:59:42] DONE   warm_radioml_m64_t8                        rc=0 46.3min
[03:59:42] LAUNCH warm_radioml_m128_t4                       pid=1221877 slot=5/5 queue=31
[04:45:58] DONE   warm_radioml_m64_t32                       rc=0 46.8min
[04:45:58] LAUNCH warm_radioml_m128_t8                       pid=1231708 slot=5/5 queue=30
[04:46:08] DONE   warm_radioml_m64_t16                       rc=0 47.0min
[04:46:08] LAUNCH warm_radioml_m128_t16                      pid=1231723 slot=5/5 queue=29
[04:46:33] DONE   warm_radioml_m128_t1                       rc=0 47.3min
[04:46:33] LAUNCH warm_radioml_m128_t32                      pid=1231750 slot=5/5 queue=28
[04:47:23] DONE   warm_radioml_m128_t2                       rc=0 47.8min
[04:47:23] LAUNCH warm_radioml_m256_t1                       pid=1231858 slot=5/5 queue=27
[04:47:38] DONE   warm_radioml_m128_t4                       rc=0 47.9min
[04:47:38] LAUNCH warm_radioml_m256_t2                       pid=1231876 slot=5/5 queue=26
[05:34:38] DONE   warm_radioml_m128_t8                       rc=0 48.7min
[05:34:38] DONE   warm_radioml_m128_t16                      rc=0 48.5min
[05:34:38] LAUNCH warm_radioml_m256_t4                       pid=1239609 slot=4/5 queue=25
[05:34:38] LAUNCH warm_radioml_m256_t8                       pid=1239610 slot=5/5 queue=24
[05:34:48] DONE   warm_radioml_m128_t32                      rc=0 48.3min
[05:34:48] LAUNCH warm_radioml_m256_t16                      pid=1239629 slot=5/5 queue=23
[05:50:03] DONE   warm_radioml_m256_t1                       rc=0 62.7min
[05:50:03] LAUNCH warm_radioml_m256_t32                      pid=1242682 slot=5/5 queue=22
[05:50:18] DONE   warm_radioml_m256_t2                       rc=0 62.7min
[05:50:18] LAUNCH warm_radioml_m512_t1                       pid=1242697 slot=5/5 queue=21
[06:40:43] DONE   warm_radioml_m256_t4                       rc=0 66.1min
[06:40:43] DONE   warm_radioml_m256_t8                       rc=0 66.1min
[06:40:43] LAUNCH warm_radioml_m512_t2                       pid=1251025 slot=4/5 queue=20
[06:40:43] LAUNCH warm_radioml_m512_t4                       pid=1251026 slot=5/5 queue=19
[06:40:48] DONE   warm_radioml_m256_t16                      rc=0 66.0min
[06:40:48] LAUNCH warm_radioml_m512_t8                       pid=1251044 slot=5/5 queue=18
[07:02:13] DONE   warm_radioml_m256_t32                      rc=0 72.2min
[07:02:13] LAUNCH warm_radioml_m512_t16                      pid=1253121 slot=5/5 queue=17
[07:39:28] DONE   warm_radioml_m512_t1                       rc=0 109.2min
[07:39:28] LAUNCH warm_radioml_m512_t32                      pid=1259741 slot=5/5 queue=16
[08:33:18] DONE   warm_radioml_m512_t8                       rc=0 112.5min
[08:33:18] LAUNCH warm_nyu_m32_t1                            pid=1268452 slot=5/5 queue=15
[08:34:18] DONE   warm_radioml_m512_t4                       rc=0 113.6min
[08:34:18] LAUNCH warm_nyu_m32_t4                            pid=1269105 slot=5/5 queue=14
[08:35:18] DONE   warm_nyu_m32_t1                            rc=0 2.0min
[08:35:18] LAUNCH warm_nyu_m32_t16                           pid=1270601 slot=5/5 queue=13
[08:36:18] DONE   warm_nyu_m32_t4                            rc=0 2.0min
[08:36:18] LAUNCH warm_nyu_m32_t32                           pid=1270670 slot=5/5 queue=12
[08:37:18] DONE   warm_nyu_m32_t16                           rc=0 2.0min
[08:37:18] LAUNCH warm_nyu_m64_t1                            pid=1270741 slot=5/5 queue=11
[08:38:18] DONE   warm_nyu_m32_t32                           rc=0 2.0min
[08:38:18] LAUNCH warm_nyu_m64_t4                            pid=1270806 slot=5/5 queue=10
[08:39:28] DONE   warm_nyu_m64_t1                            rc=0 2.2min
[08:39:28] LAUNCH warm_nyu_m64_t16                           pid=1270884 slot=5/5 queue=9
[08:40:28] DONE   warm_nyu_m64_t4                            rc=0 2.2min
[08:40:28] LAUNCH warm_nyu_m64_t32                           pid=1271006 slot=5/5 queue=8
[08:40:43] TIMEOUT warm_radioml_m512_t2 (>7200s), killing
[08:40:43] FAIL   warm_radioml_m512_t2                       rc=-9 try=1 -> requeue
[08:40:43] LAUNCH warm_nyu_m128_t1                           pid=1271040 slot=5/5 queue=8
[08:41:43] DONE   warm_nyu_m64_t16                           rc=0 2.3min
[08:41:43] LAUNCH warm_nyu_m128_t4                           pid=1271095 slot=5/5 queue=7
[08:42:48] DONE   warm_nyu_m64_t32                           rc=0 2.3min
[08:42:48] LAUNCH warm_nyu_m128_t16                          pid=1271169 slot=5/5 queue=6
[08:43:48] DONE   warm_nyu_m128_t1                           rc=0 3.1min
[08:43:48] LAUNCH warm_nyu_m128_t32                          pid=1271225 slot=5/5 queue=5
[08:44:43] DONE   warm_nyu_m128_t4                           rc=0 3.0min
[08:44:43] LAUNCH warm_nyu_m256_t1                           pid=1271279 slot=5/5 queue=4
[08:45:48] DONE   warm_nyu_m128_t16                          rc=0 3.0min
[08:45:48] LAUNCH warm_nyu_m256_t4                           pid=1271385 slot=5/5 queue=3
[08:46:53] DONE   warm_nyu_m128_t32                          rc=0 3.1min
[08:46:53] LAUNCH warm_nyu_m256_t16                          pid=1271438 slot=5/5 queue=2
[08:48:03] DONE   warm_nyu_m256_t1                           rc=0 3.3min
[08:48:03] LAUNCH warm_nyu_m256_t32                          pid=1271516 slot=5/5 queue=1
[08:49:23] DONE   warm_nyu_m256_t4                           rc=0 3.6min
[08:49:23] LAUNCH warm_radioml_m512_t2                       pid=1271606 slot=5/5 queue=0
[08:50:33] DONE   warm_nyu_m256_t16                          rc=0 3.7min
[08:51:33] DONE   warm_nyu_m256_t32                          rc=0 3.5min
[08:58:18] DONE   warm_radioml_m512_t16                      rc=0 116.1min
[09:10:18] DONE   warm_radioml_m512_t32                      rc=0 90.8min
[09:27:53] DONE   warm_radioml_m512_t2                       rc=0 38.5min
[09:27:53] runner FINISHED: 106/106 ok
