[03:13:18] runner start: 12 jobs, 5 slots
[03:14:41] runner start: 12 jobs, 5 slots
[03:14:41] resume: 0 already done, 12 to run
[03:14:41] LAUNCH warmu_har_m64_a0p03_t1                     pid=1213018 slot=1/5 queue=11
[03:14:41] LAUNCH warmu_har_m64_a0p03_t2                     pid=1213019 slot=2/5 queue=10
[03:14:41] LAUNCH warmu_har_m64_a0p03_t4                     pid=1213020 slot=3/5 queue=9
[03:14:41] LAUNCH warmu_har_m64_a0p03_t8                     pid=1213021 slot=4/5 queue=8
[03:14:41] LAUNCH warmu_har_m64_a0p03_t16                    pid=1213022 slot=5/5 queue=7
[03:27:46] DONE   warmu_har_m64_a0p03_t1                     rc=0 13.1min
[03:27:46] DONE   warmu_har_m64_a0p03_t2                     rc=0 13.1min
[03:27:46] DONE   warmu_har_m64_a0p03_t4                     rc=0 13.1min
[03:27:46] DONE   warmu_har_m64_a0p03_t8                     rc=0 13.1min
[03:27:46] DONE   warmu_har_m64_a0p03_t16                    rc=0 13.1min
[03:27:46] LAUNCH warmu_har_m64_a0p03_t32                    pid=1214803 slot=1/5 queue=6
[03:27:46] LAUNCH warmu_har_m64_a100_t1                      pid=1214804 slot=2/5 queue=5
[03:27:46] LAUNCH warmu_har_m64_a100_t2                      pid=1214805 slot=3/5 queue=4
[03:27:46] LAUNCH warmu_har_m64_a100_t4                      pid=1214806 slot=4/5 queue=3
[03:27:46] LAUNCH warmu_har_m64_a100_t8                      pid=1214807 slot=5/5 queue=2
[03:40:56] DONE   warmu_har_m64_a0p03_t32                    rc=0 13.2min
[03:40:56] DONE   warmu_har_m64_a100_t1                      rc=0 13.2min
[03:40:56] DONE   warmu_har_m64_a100_t2                      rc=0 13.2min
[03:40:56] DONE   warmu_har_m64_a100_t4                      rc=0 13.2min
[03:40:56] DONE   warmu_har_m64_a100_t8                      rc=0 13.2min
[03:40:56] LAUNCH warmu_har_m64_a100_t16                     pid=1220050 slot=1/5 queue=1
[03:40:56] LAUNCH warmu_har_m64_a100_t32                     pid=1220051 slot=2/5 queue=0
[03:50:01] DONE   warmu_har_m64_a100_t16                     rc=0 9.1min
[03:50:01] DONE   warmu_har_m64_a100_t32                     rc=0 9.1min
[03:50:01] runner FINISHED: 12/12 ok
