[04:33:47] runner start: 16 jobs, 4 slots
[04:33:47] resume: 0 already done, 16 to run
[04:33:47] LAUNCH warm_nyu_m32_t1                            pid=1228607 slot=1/4 queue=15
[04:33:47] LAUNCH warm_nyu_m32_t4                            pid=1228608 slot=2/4 queue=14
[04:33:47] LAUNCH warm_nyu_m32_t16                           pid=1228609 slot=3/4 queue=13
[04:33:47] LAUNCH warm_nyu_m32_t32                           pid=1228610 slot=4/4 queue=12
[04:35:57] DONE   warm_nyu_m32_t1                            rc=0 2.2min
[04:35:57] DONE   warm_nyu_m32_t4                            rc=0 2.2min
[04:35:57] DONE   warm_nyu_m32_t16                           rc=0 2.2min
[04:35:57] DONE   warm_nyu_m32_t32                           rc=0 2.2min
[04:35:57] LAUNCH warm_nyu_m64_t1                            pid=1229376 slot=1/4 queue=11
[04:35:57] LAUNCH warm_nyu_m64_t4                            pid=1229377 slot=2/4 queue=10
[04:35:57] LAUNCH warm_nyu_m64_t16                           pid=1229378 slot=3/4 queue=9
[04:35:57] LAUNCH warm_nyu_m64_t32                           pid=1229379 slot=4/4 queue=8
[04:38:32] DONE   warm_nyu_m64_t1                            rc=0 2.6min
[04:38:32] DONE   warm_nyu_m64_t4                            rc=0 2.6min
[04:38:32] DONE   warm_nyu_m64_t16                           rc=0 2.6min
[04:38:32] DONE   warm_nyu_m64_t32                           rc=0 2.6min
[04:38:32] LAUNCH warm_nyu_m128_t1                           pid=1229671 slot=1/4 queue=7
[04:38:32] LAUNCH warm_nyu_m128_t4                           pid=1229672 slot=2/4 queue=6
[04:38:32] LAUNCH warm_nyu_m128_t16                          pid=1229673 slot=3/4 queue=5
[04:38:32] LAUNCH warm_nyu_m128_t32                          pid=1229674 slot=4/4 queue=4
[04:42:17] DONE   warm_nyu_m128_t1                           rc=0 3.8min
[04:42:17] DONE   warm_nyu_m128_t4                           rc=0 3.8min
[04:42:17] DONE   warm_nyu_m128_t16                          rc=0 3.8min
[04:42:17] DONE   warm_nyu_m128_t32                          rc=0 3.8min
[04:42:17] LAUNCH warm_nyu_m256_t1                           pid=1231402 slot=1/4 queue=3
[04:42:17] LAUNCH warm_nyu_m256_t4                           pid=1231403 slot=2/4 queue=2
[04:42:17] LAUNCH warm_nyu_m256_t16                          pid=1231404 slot=3/4 queue=1
[04:42:17] LAUNCH warm_nyu_m256_t32                          pid=1231405 slot=4/4 queue=0
[04:47:12] DONE   warm_nyu_m256_t1                           rc=0 4.9min
[04:47:12] DONE   warm_nyu_m256_t4                           rc=0 4.9min
[04:47:12] DONE   warm_nyu_m256_t16                          rc=0 4.9min
[04:47:12] DONE   warm_nyu_m256_t32                          rc=0 4.9min
[04:47:12] runner FINISHED: 16/16 ok
