<repo>/code/cross_domain_mtl.py:974: RuntimeWarning: Mean of empty slice
  rho_ref_mean=float(np.nanmean([r.get("rho_ref", float("nan")) for r in rs])),
<repo>/code/cross_domain_mtl.py:975: RuntimeWarning: Mean of empty slice
  rho_last_mean=float(np.nanmean([r.get("rho_last", float("nan")) for r in rs])),
<repo>/code/cross_domain_mtl.py:976: RuntimeWarning: Mean of empty slice
  w_mean=float(np.nanmean([r.get("w_mean", float("nan")) for r in rs])),
<repo>/code/cross_domain_mtl.py:977: RuntimeWarning: Mean of empty slice
  rank_mean=float(np.nanmean([r.get("rank_mean", float("nan")) for r in rs])),
<repo>/code/cross_domain_mtl.py:978: RuntimeWarning: Mean of empty slice
  cal_rho_u_mean=float(np.nanmean([r.get("cal_rho_u", float("nan")) for r in rs])),
<repo>/code/cross_domain_mtl.py:979: RuntimeWarning: Mean of empty slice
  cal_margin_mean=float(np.nanmean([r.get("cal_margin", float("nan")) for r in rs])),
<repo>/code/cross_domain_mtl.py:980: RuntimeWarning: Mean of empty slice
  cal_gate_mean=float(np.nanmean([r.get("cal_gate", float("nan")) for r in rs])),
<repo>/code/cross_domain_mtl.py:981: RuntimeWarning: Mean of empty slice
  cal_rank_mean=float(np.nanmean([r.get("cal_rank", float("nan")) for r in rs])),
<repo>/code/cross_domain_mtl.py:982: RuntimeWarning: Mean of empty slice
  cal_scatter_ratio_mean=float(np.nanmean([r.get("cal_scatter_ratio", float("nan")) for r in rs])),
wrote /tmp/smfinal/smoke_har.json

mode        collapse_rate      rel_scatter   accuracy
joint                 1.0           0.0062     0.2155
stf0                  0.0           1.0000     0.9233
stfhard               0.0           1.0000     0.9233
stfsoft               0.0           0.9988     0.9230
stfcal                0.0           1.0000     0.9233

expected shape: joint collapse_rate 1.0 with rel_scatter near 0;
stf0/stfhard/stfsoft/stfcal 0.0 with rel_scatter near 1.
